{"level":"info","message":"CREATE TABLE \"repo:PROJ_LIB:0\" (id SERIAL PRIMARY KEY,feature JSON,geom Geometry(POINT, 4326))","timestamp":"2014-10-14T19:15:47.767Z"}
{"level":"info","message":"CREATE TABLE \"repo:PROJ_LIB:0\" (id SERIAL PRIMARY KEY,feature JSON,geom Geometry(POINT, 4326))","timestamp":"2014-10-14T19:15:47.917Z"}
{"level":"info","message":"CREATE TABLE \"repo:test:repo:file:0\" (id SERIAL PRIMARY KEY,feature JSON,geom Geometry(POINT, 4326))","timestamp":"2014-10-14T19:15:54.582Z"}
{"level":"info","message":"CREATE TABLE \"repo:test:repo:file:0\" (id SERIAL PRIMARY KEY,feature JSON,geom Geometry(POINT, 4326))","timestamp":"2014-10-14T19:15:54.738Z"}
{"level":"info","message":"CREATE TABLE \"test:repo:file:0\" (id SERIAL PRIMARY KEY,feature JSON,geom Geometry(POINT, 4326))","timestamp":"2014-10-14T19:15:56.965Z"}
{"level":"info","message":"CREATE TABLE \"test:repo:file:0\" (id SERIAL PRIMARY KEY,feature JSON,geom Geometry(POINT, 4326))","timestamp":"2014-10-14T19:15:57.077Z"}
{"level":"info","message":"CREATE TABLE \"test:repo:file:0\" (id SERIAL PRIMARY KEY,feature JSON,geom Geometry(POINT, 4326))","timestamp":"2014-10-14T19:15:57.169Z"}
{"level":"info","message":"CREATE TABLE \"test:repo:file:0\" (id SERIAL PRIMARY KEY,feature JSON,geom Geometry(POINT, 4326))","timestamp":"2014-10-14T19:15:57.260Z"}
{"level":"info","message":"CREATE TABLE \"test:snow:data:0\" (id SERIAL PRIMARY KEY,feature JSON,geom Geometry(POINT, 4326))","timestamp":"2014-10-14T19:15:57.350Z"}
{"level":"info","message":"CREATE TABLE \"test:repo:file:0\" (id SERIAL PRIMARY KEY,feature JSON,geom Geometry(POINT, 4326))","timestamp":"2014-10-14T19:15:57.451Z"}
{"level":"info","message":"CREATE TABLE \"test:repo:file:0\" (id SERIAL PRIMARY KEY,feature JSON,geom Geometry(POINT, 4326))","timestamp":"2014-10-14T19:15:57.541Z"}
{"level":"info","message":"CREATE TABLE \"test:repo:file:0\" (id SERIAL PRIMARY KEY,feature JSON,geom Geometry(POINT, 4326))","timestamp":"2014-10-14T19:15:57.632Z"}
{"level":"info","message":"CREATE TABLE \"test:snow:data:0\" (id SERIAL PRIMARY KEY,feature JSON,geom Geometry(POINT, 4326))","timestamp":"2014-10-14T19:15:57.692Z"}
{"level":"info","message":"CREATE TABLE \"test:repo:file:0\" (id SERIAL PRIMARY KEY,feature JSON,geom Geometry(POINT, 4326))","timestamp":"2014-10-14T19:15:57.722Z"}
{"level":"info","message":"CREATE TABLE \"test:german:data:0\" (id SERIAL PRIMARY KEY,feature JSON,geom Geometry(POINT, 4326))","timestamp":"2014-10-14T19:15:57.848Z"}
{"level":"info","message":"CREATE TABLE \"test:repo:file:0\" (id SERIAL PRIMARY KEY,feature JSON,geom Geometry(POINT, 4326))","timestamp":"2014-10-14T19:15:57.935Z"}
{"level":"info","message":"CREATE TABLE \"test:german:data2:0\" (id SERIAL PRIMARY KEY,feature JSON,geom Geometry(POINT, 4326))","timestamp":"2014-10-14T19:15:58.000Z"}
{"level":"info","message":"CREATE TABLE \"test:repo:file:0\" (id SERIAL PRIMARY KEY,feature JSON,geom Geometry(POINT, 4326))","timestamp":"2014-10-14T19:15:58.092Z"}
{"level":"info","message":"CREATE TABLE \"test:german:data3:0\" (id SERIAL PRIMARY KEY,feature JSON,geom Geometry(POINT, 4326))","timestamp":"2014-10-14T19:15:58.159Z"}
{"level":"info","message":"CREATE TABLE \"test:repo:file:0\" (id SERIAL PRIMARY KEY,feature JSON,geom Geometry(POINT, 4326))","timestamp":"2014-10-14T19:15:58.244Z"}
{"level":"info","message":"CREATE TABLE \"test:german:data2:0\" (id SERIAL PRIMARY KEY,feature JSON,geom Geometry(POINT, 4326))","timestamp":"2014-10-14T19:15:58.314Z"}
{"level":"info","message":"CREATE TABLE \"test:repo:file:0\" (id SERIAL PRIMARY KEY,feature JSON,geom Geometry(POINT, 4326))","timestamp":"2014-10-14T19:15:58.486Z"}
{"level":"debug","message":"Get Count 417 select count(*) as count from \"test:repo:file:0\"","timestamp":"2014-10-14T19:15:58.547Z"}
{"level":"info","message":"CREATE TABLE \"repo:test:repo:file:0\" (id SERIAL PRIMARY KEY,feature JSON,geom Geometry(POINT, 4326))","timestamp":"2014-10-14T19:18:23.567Z"}
{"level":"info","message":"CREATE TABLE \"repo:test:repo:file:0\" (id SERIAL PRIMARY KEY,feature JSON,geom Geometry(POINT, 4326))","timestamp":"2014-10-14T19:18:23.729Z"}
{"level":"info","message":"CREATE TABLE \"test:repo:file:0\" (id SERIAL PRIMARY KEY,feature JSON,geom Geometry(POINT, 4326))","timestamp":"2014-10-14T19:18:25.960Z"}
{"level":"info","message":"CREATE TABLE \"test:repo:file:0\" (id SERIAL PRIMARY KEY,feature JSON,geom Geometry(POINT, 4326))","timestamp":"2014-10-14T19:18:26.084Z"}
{"level":"info","message":"CREATE TABLE \"test:repo:file:0\" (id SERIAL PRIMARY KEY,feature JSON,geom Geometry(POINT, 4326))","timestamp":"2014-10-14T19:18:26.179Z"}
{"level":"info","message":"CREATE TABLE \"test:repo:file:0\" (id SERIAL PRIMARY KEY,feature JSON,geom Geometry(POINT, 4326))","timestamp":"2014-10-14T19:18:26.281Z"}
{"level":"info","message":"CREATE TABLE \"test:snow:data:0\" (id SERIAL PRIMARY KEY,feature JSON,geom Geometry(POINT, 4326))","timestamp":"2014-10-14T19:18:26.377Z"}
{"level":"info","message":"CREATE TABLE \"test:repo:file:0\" (id SERIAL PRIMARY KEY,feature JSON,geom Geometry(POINT, 4326))","timestamp":"2014-10-14T19:18:26.487Z"}
{"level":"info","message":"CREATE TABLE \"test:repo:file:0\" (id SERIAL PRIMARY KEY,feature JSON,geom Geometry(POINT, 4326))","timestamp":"2014-10-14T19:18:26.583Z"}
{"level":"info","message":"CREATE TABLE \"test:repo:file:0\" (id SERIAL PRIMARY KEY,feature JSON,geom Geometry(POINT, 4326))","timestamp":"2014-10-14T19:18:26.673Z"}
{"level":"info","message":"CREATE TABLE \"test:snow:data:0\" (id SERIAL PRIMARY KEY,feature JSON,geom Geometry(POINT, 4326))","timestamp":"2014-10-14T19:18:26.736Z"}
{"level":"info","message":"CREATE TABLE \"test:repo:file:0\" (id SERIAL PRIMARY KEY,feature JSON,geom Geometry(POINT, 4326))","timestamp":"2014-10-14T19:18:26.767Z"}
{"level":"info","message":"CREATE TABLE \"test:german:data:0\" (id SERIAL PRIMARY KEY,feature JSON,geom Geometry(POINT, 4326))","timestamp":"2014-10-14T19:18:26.836Z"}
{"level":"info","message":"CREATE TABLE \"test:repo:file:0\" (id SERIAL PRIMARY KEY,feature JSON,geom Geometry(POINT, 4326))","timestamp":"2014-10-14T19:18:26.933Z"}
{"level":"info","message":"CREATE TABLE \"test:german:data2:0\" (id SERIAL PRIMARY KEY,feature JSON,geom Geometry(POINT, 4326))","timestamp":"2014-10-14T19:18:27.022Z"}
{"level":"info","message":"CREATE TABLE \"test:repo:file:0\" (id SERIAL PRIMARY KEY,feature JSON,geom Geometry(POINT, 4326))","timestamp":"2014-10-14T19:18:27.119Z"}
{"level":"info","message":"CREATE TABLE \"test:german:data3:0\" (id SERIAL PRIMARY KEY,feature JSON,geom Geometry(POINT, 4326))","timestamp":"2014-10-14T19:18:27.186Z"}
{"level":"info","message":"CREATE TABLE \"test:repo:file:0\" (id SERIAL PRIMARY KEY,feature JSON,geom Geometry(POINT, 4326))","timestamp":"2014-10-14T19:18:27.265Z"}
{"level":"info","message":"CREATE TABLE \"test:german:data2:0\" (id SERIAL PRIMARY KEY,feature JSON,geom Geometry(POINT, 4326))","timestamp":"2014-10-14T19:18:27.332Z"}
{"level":"info","message":"CREATE TABLE \"test:repo:file:0\" (id SERIAL PRIMARY KEY,feature JSON,geom Geometry(POINT, 4326))","timestamp":"2014-10-14T19:18:27.496Z"}
{"level":"debug","message":"Get Count 417 select count(*) as count from \"test:repo:file:0\"","timestamp":"2014-10-14T19:18:27.560Z"}
{"level":"info","message":"CREATE TABLE \"repo:test:repo:file:0\" (id SERIAL PRIMARY KEY,feature JSON,geom Geometry(POINT, 4326))","timestamp":"2014-10-14T19:20:21.041Z"}
{"level":"info","message":"CREATE TABLE \"repo:test:repo:file:0\" (id SERIAL PRIMARY KEY,feature JSON,geom Geometry(POINT, 4326))","timestamp":"2014-10-14T19:20:21.206Z"}
{"level":"info","message":"CREATE TABLE \"test:repo:file:0\" (id SERIAL PRIMARY KEY,feature JSON,geom Geometry(POINT, 4326))","timestamp":"2014-10-14T19:20:23.447Z"}
{"level":"info","message":"CREATE TABLE \"test:repo:file:0\" (id SERIAL PRIMARY KEY,feature JSON,geom Geometry(POINT, 4326))","timestamp":"2014-10-14T19:20:23.572Z"}
{"level":"info","message":"CREATE TABLE \"test:repo:file:0\" (id SERIAL PRIMARY KEY,feature JSON,geom Geometry(POINT, 4326))","timestamp":"2014-10-14T19:20:23.685Z"}
{"level":"info","message":"CREATE TABLE \"test:repo:file:0\" (id SERIAL PRIMARY KEY,feature JSON,geom Geometry(POINT, 4326))","timestamp":"2014-10-14T19:20:23.784Z"}
{"level":"info","message":"CREATE TABLE \"test:snow:data:0\" (id SERIAL PRIMARY KEY,feature JSON,geom Geometry(POINT, 4326))","timestamp":"2014-10-14T19:20:23.860Z"}
{"level":"info","message":"CREATE TABLE \"test:repo:file:0\" (id SERIAL PRIMARY KEY,feature JSON,geom Geometry(POINT, 4326))","timestamp":"2014-10-14T19:20:23.975Z"}
{"level":"info","message":"CREATE TABLE \"test:repo:file:0\" (id SERIAL PRIMARY KEY,feature JSON,geom Geometry(POINT, 4326))","timestamp":"2014-10-14T19:20:24.089Z"}
{"level":"info","message":"CREATE TABLE \"test:repo:file:0\" (id SERIAL PRIMARY KEY,feature JSON,geom Geometry(POINT, 4326))","timestamp":"2014-10-14T19:20:24.178Z"}
{"level":"info","message":"CREATE TABLE \"test:snow:data:0\" (id SERIAL PRIMARY KEY,feature JSON,geom Geometry(POINT, 4326))","timestamp":"2014-10-14T19:20:24.242Z"}
{"level":"info","message":"CREATE TABLE \"test:repo:file:0\" (id SERIAL PRIMARY KEY,feature JSON,geom Geometry(POINT, 4326))","timestamp":"2014-10-14T19:20:24.271Z"}
{"level":"info","message":"CREATE TABLE \"test:german:data:0\" (id SERIAL PRIMARY KEY,feature JSON,geom Geometry(POINT, 4326))","timestamp":"2014-10-14T19:20:24.342Z"}
{"level":"info","message":"CREATE TABLE \"test:repo:file:0\" (id SERIAL PRIMARY KEY,feature JSON,geom Geometry(POINT, 4326))","timestamp":"2014-10-14T19:20:24.431Z"}
{"level":"info","message":"CREATE TABLE \"test:german:data2:0\" (id SERIAL PRIMARY KEY,feature JSON,geom Geometry(POINT, 4326))","timestamp":"2014-10-14T19:20:24.509Z"}
{"level":"info","message":"CREATE TABLE \"test:repo:file:0\" (id SERIAL PRIMARY KEY,feature JSON,geom Geometry(POINT, 4326))","timestamp":"2014-10-14T19:20:24.603Z"}
{"level":"info","message":"CREATE TABLE \"test:german:data3:0\" (id SERIAL PRIMARY KEY,feature JSON,geom Geometry(POINT, 4326))","timestamp":"2014-10-14T19:20:24.664Z"}
{"level":"info","message":"CREATE TABLE \"test:repo:file:0\" (id SERIAL PRIMARY KEY,feature JSON,geom Geometry(POINT, 4326))","timestamp":"2014-10-14T19:20:24.747Z"}
{"level":"info","message":"CREATE TABLE \"test:german:data2:0\" (id SERIAL PRIMARY KEY,feature JSON,geom Geometry(POINT, 4326))","timestamp":"2014-10-14T19:20:24.811Z"}
{"level":"info","message":"CREATE TABLE \"test:repo:file:0\" (id SERIAL PRIMARY KEY,feature JSON,geom Geometry(POINT, 4326))","timestamp":"2014-10-14T19:20:24.982Z"}
{"level":"debug","message":"Get Count 417 select count(*) as count from \"test:repo:file:0\"","timestamp":"2014-10-14T19:20:25.051Z"}
{"level":"info","message":"CREATE TABLE \"repo:test:repo:file:0\" (id SERIAL PRIMARY KEY,feature JSON,geom Geometry(POINT, 4326))","timestamp":"2014-10-14T19:22:12.437Z"}
{"level":"info","message":"CREATE TABLE \"repo:test:repo:file:0\" (id SERIAL PRIMARY KEY,feature JSON,geom Geometry(POINT, 4326))","timestamp":"2014-10-14T19:22:12.581Z"}
{"level":"info","message":"CREATE TABLE \"test:repo:file:0\" (id SERIAL PRIMARY KEY,feature JSON,geom Geometry(POINT, 4326))","timestamp":"2014-10-14T19:22:20.612Z"}
{"level":"info","message":"CREATE TABLE \"test:repo:file:0\" (id SERIAL PRIMARY KEY,feature JSON,geom Geometry(POINT, 4326))","timestamp":"2014-10-14T19:22:20.731Z"}
{"level":"info","message":"CREATE TABLE \"test:repo:file:0\" (id SERIAL PRIMARY KEY,feature JSON,geom Geometry(POINT, 4326))","timestamp":"2014-10-14T19:22:20.828Z"}
{"level":"info","message":"CREATE TABLE \"test:repo:file:0\" (id SERIAL PRIMARY KEY,feature JSON,geom Geometry(POINT, 4326))","timestamp":"2014-10-14T19:22:20.921Z"}
{"level":"info","message":"CREATE TABLE \"PROJ_LIB:0\" (id SERIAL PRIMARY KEY,feature JSON,geom Geometry(POINT, 4326))","timestamp":"2014-10-14T19:23:45.826Z"}
{"level":"info","message":"CREATE TABLE \"PROJ_LIB:0\" (id SERIAL PRIMARY KEY,feature JSON,geom Geometry(POINT, 4326))","timestamp":"2014-10-14T19:23:45.992Z"}
{"level":"info","message":"CREATE TABLE \"PROJ_LIB:0\" (id SERIAL PRIMARY KEY,feature JSON,geom Geometry(POINT, 4326))","timestamp":"2014-10-14T19:23:46.096Z"}
{"level":"info","message":"CREATE TABLE \"PROJ_LIB:0\" (id SERIAL PRIMARY KEY,feature JSON,geom Geometry(POINT, 4326))","timestamp":"2014-10-14T19:23:46.207Z"}
{"level":"info","message":"CREATE TABLE \"test:snow:data:0\" (id SERIAL PRIMARY KEY,feature JSON,geom Geometry(POINT, 4326))","timestamp":"2014-10-14T19:23:46.288Z"}
{"level":"info","message":"CREATE TABLE \"PROJ_LIB:0\" (id SERIAL PRIMARY KEY,feature JSON,geom Geometry(POINT, 4326))","timestamp":"2014-10-14T19:23:46.392Z"}
{"level":"info","message":"CREATE TABLE \"PROJ_LIB:0\" (id SERIAL PRIMARY KEY,feature JSON,geom Geometry(POINT, 4326))","timestamp":"2014-10-14T19:23:46.493Z"}
{"level":"info","message":"CREATE TABLE \"PROJ_LIB:0\" (id SERIAL PRIMARY KEY,feature JSON,geom Geometry(POINT, 4326))","timestamp":"2014-10-14T19:23:46.586Z"}
{"level":"info","message":"CREATE TABLE \"test:snow:data:0\" (id SERIAL PRIMARY KEY,feature JSON,geom Geometry(POINT, 4326))","timestamp":"2014-10-14T19:23:46.650Z"}
{"level":"info","message":"CREATE TABLE \"PROJ_LIB:0\" (id SERIAL PRIMARY KEY,feature JSON,geom Geometry(POINT, 4326))","timestamp":"2014-10-14T19:23:46.681Z"}
{"level":"info","message":"CREATE TABLE \"test:german:data:0\" (id SERIAL PRIMARY KEY,feature JSON,geom Geometry(POINT, 4326))","timestamp":"2014-10-14T19:23:46.751Z"}
{"level":"info","message":"CREATE TABLE \"PROJ_LIB:0\" (id SERIAL PRIMARY KEY,feature JSON,geom Geometry(POINT, 4326))","timestamp":"2014-10-14T19:23:46.839Z"}
{"level":"info","message":"CREATE TABLE \"test:german:data2:0\" (id SERIAL PRIMARY KEY,feature JSON,geom Geometry(POINT, 4326))","timestamp":"2014-10-14T19:23:46.901Z"}
{"level":"info","message":"CREATE TABLE \"PROJ_LIB:0\" (id SERIAL PRIMARY KEY,feature JSON,geom Geometry(POINT, 4326))","timestamp":"2014-10-14T19:23:46.987Z"}
{"level":"info","message":"CREATE TABLE \"test:german:data3:0\" (id SERIAL PRIMARY KEY,feature JSON,geom Geometry(POINT, 4326))","timestamp":"2014-10-14T19:23:47.054Z"}
{"level":"info","message":"CREATE TABLE \"PROJ_LIB:0\" (id SERIAL PRIMARY KEY,feature JSON,geom Geometry(POINT, 4326))","timestamp":"2014-10-14T19:23:47.132Z"}
{"level":"info","message":"CREATE TABLE \"test:german:data2:0\" (id SERIAL PRIMARY KEY,feature JSON,geom Geometry(POINT, 4326))","timestamp":"2014-10-14T19:23:47.195Z"}
{"level":"info","message":"CREATE TABLE \"PROJ_LIB:0\" (id SERIAL PRIMARY KEY,feature JSON,geom Geometry(POINT, 4326))","timestamp":"2014-10-14T19:23:47.360Z"}
{"level":"debug","message":"Get Count 417 select count(*) as count from \"PROJ_LIB:0\"","timestamp":"2014-10-14T19:23:47.426Z"}
{"level":"info","message":"CREATE TABLE \"repo:test:repo:file:0\" (id SERIAL PRIMARY KEY,feature JSON,geom Geometry(POINT, 4326))","timestamp":"2014-10-14T19:23:53.814Z"}
{"level":"info","message":"CREATE TABLE \"repo:test:repo:file:0\" (id SERIAL PRIMARY KEY,feature JSON,geom Geometry(POINT, 4326))","timestamp":"2014-10-14T19:23:53.974Z"}
{"level":"info","message":"CREATE TABLE \"test:repo:file:0\" (id SERIAL PRIMARY KEY,feature JSON,geom Geometry(POINT, 4326))","timestamp":"2014-10-14T19:24:02.461Z"}
{"level":"info","message":"CREATE TABLE \"test:repo:file:0\" (id SERIAL PRIMARY KEY,feature JSON,geom Geometry(POINT, 4326))","timestamp":"2014-10-14T19:24:02.583Z"}
{"level":"info","message":"CREATE TABLE \"test:repo:file:0\" (id SERIAL PRIMARY KEY,feature JSON,geom Geometry(POINT, 4326))","timestamp":"2014-10-14T19:24:02.684Z"}
{"level":"info","message":"CREATE TABLE \"test:repo:file:0\" (id SERIAL PRIMARY KEY,feature JSON,geom Geometry(POINT, 4326))","timestamp":"2014-10-14T19:24:02.782Z"}
{"level":"info","message":"CREATE TABLE \"test:snow:data:0\" (id SERIAL PRIMARY KEY,feature JSON,geom Geometry(POINT, 4326))","timestamp":"2014-10-14T19:24:02.864Z"}
{"level":"info","message":"CREATE TABLE \"test:repo:file:0\" (id SERIAL PRIMARY KEY,feature JSON,geom Geometry(POINT, 4326))","timestamp":"2014-10-14T19:24:02.965Z"}
{"level":"info","message":"CREATE TABLE \"test:repo:file:0\" (id SERIAL PRIMARY KEY,feature JSON,geom Geometry(POINT, 4326))","timestamp":"2014-10-14T19:24:03.058Z"}
{"level":"info","message":"CREATE TABLE \"test:repo:file:0\" (id SERIAL PRIMARY KEY,feature JSON,geom Geometry(POINT, 4326))","timestamp":"2014-10-14T19:24:03.150Z"}
{"level":"info","message":"CREATE TABLE \"test:snow:data:0\" (id SERIAL PRIMARY KEY,feature JSON,geom Geometry(POINT, 4326))","timestamp":"2014-10-14T19:24:03.220Z"}
{"level":"info","message":"CREATE TABLE \"test:repo:file:0\" (id SERIAL PRIMARY KEY,feature JSON,geom Geometry(POINT, 4326))","timestamp":"2014-10-14T19:24:03.266Z"}
{"level":"info","message":"CREATE TABLE \"test:german:data:0\" (id SERIAL PRIMARY KEY,feature JSON,geom Geometry(POINT, 4326))","timestamp":"2014-10-14T19:24:03.343Z"}
{"level":"info","message":"CREATE TABLE \"test:repo:file:0\" (id SERIAL PRIMARY KEY,feature JSON,geom Geometry(POINT, 4326))","timestamp":"2014-10-14T19:24:03.428Z"}
{"level":"info","message":"CREATE TABLE \"test:german:data2:0\" (id SERIAL PRIMARY KEY,feature JSON,geom Geometry(POINT, 4326))","timestamp":"2014-10-14T19:24:03.499Z"}
{"level":"info","message":"CREATE TABLE \"test:repo:file:0\" (id SERIAL PRIMARY KEY,feature JSON,geom Geometry(POINT, 4326))","timestamp":"2014-10-14T19:24:03.589Z"}
{"level":"info","message":"CREATE TABLE \"test:german:data3:0\" (id SERIAL PRIMARY KEY,feature JSON,geom Geometry(POINT, 4326))","timestamp":"2014-10-14T19:24:03.654Z"}
{"level":"info","message":"CREATE TABLE \"test:repo:file:0\" (id SERIAL PRIMARY KEY,feature JSON,geom Geometry(POINT, 4326))","timestamp":"2014-10-14T19:24:03.734Z"}
{"level":"info","message":"CREATE TABLE \"test:german:data2:0\" (id SERIAL PRIMARY KEY,feature JSON,geom Geometry(POINT, 4326))","timestamp":"2014-10-14T19:24:03.796Z"}
{"level":"info","message":"CREATE TABLE \"test:repo:file:0\" (id SERIAL PRIMARY KEY,feature JSON,geom Geometry(POINT, 4326))","timestamp":"2014-10-14T19:24:03.962Z"}
{"level":"debug","message":"Get Count 417 select count(*) as count from \"test:repo:file:0\"","timestamp":"2014-10-14T19:24:04.032Z"}
{"level":"info","message":"CREATE TABLE \"repo:test:repo:file:0\" (id SERIAL PRIMARY KEY,feature JSON,geom Geometry(POINT, 4326))","timestamp":"2014-10-14T19:24:27.805Z"}
{"level":"info","message":"CREATE TABLE \"repo:test:repo:file:0\" (id SERIAL PRIMARY KEY,feature JSON,geom Geometry(POINT, 4326))","timestamp":"2014-10-14T19:24:27.959Z"}
{"level":"info","message":"CREATE TABLE \"test:repo:file:0\" (id SERIAL PRIMARY KEY,feature JSON,geom Geometry(POINT, 4326))","timestamp":"2014-10-14T19:24:36.800Z"}
{"level":"info","message":"CREATE TABLE \"test:repo:file:0\" (id SERIAL PRIMARY KEY,feature JSON,geom Geometry(POINT, 4326))","timestamp":"2014-10-14T19:24:36.912Z"}
{"level":"info","message":"CREATE TABLE \"test:repo:file:0\" (id SERIAL PRIMARY KEY,feature JSON,geom Geometry(POINT, 4326))","timestamp":"2014-10-14T19:24:37.005Z"}
{"level":"info","message":"CREATE TABLE \"test:repo:file:0\" (id SERIAL PRIMARY KEY,feature JSON,geom Geometry(POINT, 4326))","timestamp":"2014-10-14T19:24:37.102Z"}
{"level":"info","message":"CREATE TABLE \"test:snow:data:0\" (id SERIAL PRIMARY KEY,feature JSON,geom Geometry(POINT, 4326))","timestamp":"2014-10-14T19:24:37.178Z"}
{"level":"info","message":"CREATE TABLE \"test:repo:file:0\" (id SERIAL PRIMARY KEY,feature JSON,geom Geometry(POINT, 4326))","timestamp":"2014-10-14T19:24:37.313Z"}
{"level":"info","message":"CREATE TABLE \"test:repo:file:0\" (id SERIAL PRIMARY KEY,feature JSON,geom Geometry(POINT, 4326))","timestamp":"2014-10-14T19:24:37.411Z"}
{"level":"info","message":"CREATE TABLE \"test:repo:file:0\" (id SERIAL PRIMARY KEY,feature JSON,geom Geometry(POINT, 4326))","timestamp":"2014-10-14T19:24:37.501Z"}
{"level":"info","message":"CREATE TABLE \"test:snow:data:0\" (id SERIAL PRIMARY KEY,feature JSON,geom Geometry(POINT, 4326))","timestamp":"2014-10-14T19:24:37.563Z"}
{"level":"info","message":"CREATE TABLE \"test:repo:file:0\" (id SERIAL PRIMARY KEY,feature JSON,geom Geometry(POINT, 4326))","timestamp":"2014-10-14T19:24:37.594Z"}
{"level":"info","message":"CREATE TABLE \"test:german:data:0\" (id SERIAL PRIMARY KEY,feature JSON,geom Geometry(POINT, 4326))","timestamp":"2014-10-14T19:24:37.660Z"}
{"level":"info","message":"CREATE TABLE \"test:repo:file:0\" (id SERIAL PRIMARY KEY,feature JSON,geom Geometry(POINT, 4326))","timestamp":"2014-10-14T19:24:37.743Z"}
{"level":"info","message":"CREATE TABLE \"test:german:data2:0\" (id SERIAL PRIMARY KEY,feature JSON,geom Geometry(POINT, 4326))","timestamp":"2014-10-14T19:24:37.809Z"}
{"level":"info","message":"CREATE TABLE \"test:repo:file:0\" (id SERIAL PRIMARY KEY,feature JSON,geom Geometry(POINT, 4326))","timestamp":"2014-10-14T19:24:37.897Z"}
{"level":"info","message":"CREATE TABLE \"test:german:data3:0\" (id SERIAL PRIMARY KEY,feature JSON,geom Geometry(POINT, 4326))","timestamp":"2014-10-14T19:24:37.958Z"}
{"level":"info","message":"CREATE TABLE \"test:repo:file:0\" (id SERIAL PRIMARY KEY,feature JSON,geom Geometry(POINT, 4326))","timestamp":"2014-10-14T19:24:38.037Z"}
{"level":"info","message":"CREATE TABLE \"test:german:data2:0\" (id SERIAL PRIMARY KEY,feature JSON,geom Geometry(POINT, 4326))","timestamp":"2014-10-14T19:24:38.097Z"}
{"level":"info","message":"CREATE TABLE \"test:repo:file:0\" (id SERIAL PRIMARY KEY,feature JSON,geom Geometry(POINT, 4326))","timestamp":"2014-10-14T19:24:38.279Z"}
{"level":"debug","message":"Get Count 417 select count(*) as count from \"test:repo:file:0\"","timestamp":"2014-10-14T19:24:38.347Z"}
{"level":"info","message":"CREATE TABLE \"repo:test:repo:file:0\" (id SERIAL PRIMARY KEY,feature JSON,geom Geometry(POINT, 4326))","timestamp":"2014-10-15T18:59:15.961Z"}
{"level":"info","message":"CREATE TABLE \"repo:test:repo:file:0\" (id SERIAL PRIMARY KEY,feature JSON,geom Geometry(POINT, 4326))","timestamp":"2014-10-15T18:59:16.242Z"}
{"level":"info","message":"CREATE TABLE \"test:repo:file:0\" (id SERIAL PRIMARY KEY,feature JSON,geom Geometry(POINT, 4326))","timestamp":"2014-10-15T18:59:27.855Z"}
{"level":"info","message":"CREATE TABLE \"test:repo:file:0\" (id SERIAL PRIMARY KEY,feature JSON,geom Geometry(POINT, 4326))","timestamp":"2014-10-15T18:59:27.976Z"}
{"level":"info","message":"CREATE TABLE \"test:repo:file:0\" (id SERIAL PRIMARY KEY,feature JSON,geom Geometry(POINT, 4326))","timestamp":"2014-10-15T18:59:28.057Z"}
{"level":"info","message":"CREATE TABLE \"test:repo:file:0\" (id SERIAL PRIMARY KEY,feature JSON,geom Geometry(POINT, 4326))","timestamp":"2014-10-15T18:59:28.135Z"}
{"level":"info","message":"CREATE TABLE \"test:snow:data:0\" (id SERIAL PRIMARY KEY,feature JSON,geom Geometry(POINT, 4326))","timestamp":"2014-10-15T18:59:28.219Z"}
{"level":"info","message":"CREATE TABLE \"test:repo:file:0\" (id SERIAL PRIMARY KEY,feature JSON,geom Geometry(POINT, 4326))","timestamp":"2014-10-15T18:59:28.310Z"}
{"level":"info","message":"CREATE TABLE \"test:repo:file:0\" (id SERIAL PRIMARY KEY,feature JSON,geom Geometry(POINT, 4326))","timestamp":"2014-10-15T18:59:28.393Z"}
{"level":"info","message":"CREATE TABLE \"test:repo:file:0\" (id SERIAL PRIMARY KEY,feature JSON,geom Geometry(POINT, 4326))","timestamp":"2014-10-15T18:59:28.477Z"}
{"level":"info","message":"CREATE TABLE \"test:snow:data:0\" (id SERIAL PRIMARY KEY,feature JSON,geom Geometry(POINT, 4326))","timestamp":"2014-10-15T18:59:28.541Z"}
{"level":"info","message":"CREATE TABLE \"test:repo:file:0\" (id SERIAL PRIMARY KEY,feature JSON,geom Geometry(POINT, 4326))","timestamp":"2014-10-15T18:59:28.570Z"}
{"level":"info","message":"CREATE TABLE \"test:german:data:0\" (id SERIAL PRIMARY KEY,feature JSON,geom Geometry(POINT, 4326))","timestamp":"2014-10-15T18:59:28.635Z"}
{"level":"info","message":"CREATE TABLE \"test:repo:file:0\" (id SERIAL PRIMARY KEY,feature JSON,geom Geometry(POINT, 4326))","timestamp":"2014-10-15T18:59:28.719Z"}
{"level":"info","message":"CREATE TABLE \"test:german:data2:0\" (id SERIAL PRIMARY KEY,feature JSON,geom Geometry(POINT, 4326))","timestamp":"2014-10-15T18:59:28.783Z"}
{"level":"info","message":"CREATE TABLE \"test:repo:file:0\" (id SERIAL PRIMARY KEY,feature JSON,geom Geometry(POINT, 4326))","timestamp":"2014-10-15T18:59:28.869Z"}
{"level":"info","message":"CREATE TABLE \"test:german:data3:0\" (id SERIAL PRIMARY KEY,feature JSON,geom Geometry(POINT, 4326))","timestamp":"2014-10-15T18:59:28.927Z"}
{"level":"info","message":"CREATE TABLE \"test:repo:file:0\" (id SERIAL PRIMARY KEY,feature JSON,geom Geometry(POINT, 4326))","timestamp":"2014-10-15T18:59:29.006Z"}
{"level":"info","message":"CREATE TABLE \"test:german:data2:0\" (id SERIAL PRIMARY KEY,feature JSON,geom Geometry(POINT, 4326))","timestamp":"2014-10-15T18:59:29.068Z"}
{"level":"info","message":"CREATE TABLE \"test:repo:file:0\" (id SERIAL PRIMARY KEY,feature JSON,geom Geometry(POINT, 4326))","timestamp":"2014-10-15T18:59:29.226Z"}
{"level":"debug","message":"Get Count 417 select count(*) as count from \"test:repo:file:0\"","timestamp":"2014-10-15T18:59:29.285Z"}
{"level":"info","message":"Uploaded file to s3 chelm-koop-shoot-local/ test.json","timestamp":"2014-10-15T19:05:18.293Z"}
{"level":"info","message":"File exists on S3 chelm-koop-shoot-local test.json","timestamp":"2014-10-15T19:05:18.982Z"}
{"level":"info","message":"Uploaded file to s3 chelm-koop-shoot-local/test test.json","timestamp":"2014-10-15T19:05:20.085Z"}
{"level":"info","message":"Uploaded file to s3 chelm-koop-shoot-local/ test.json","timestamp":"2014-10-15T19:05:32.821Z"}
{"level":"info","message":"File exists on S3 chelm-koop-shoot-local test.json","timestamp":"2014-10-15T19:05:33.283Z"}
{"level":"info","message":"Uploaded file to s3 chelm-koop-shoot-local/test test.json","timestamp":"2014-10-15T19:05:34.172Z"}
{"level":"info","message":"File exists on S3 chelm-koop-shoot-local test.json","timestamp":"2014-10-15T19:05:34.641Z"}
{"level":"info","message":"Uploaded file to s3 chelm-koop-shoot-local//test-rm test-rm.json","timestamp":"2014-10-15T19:05:35.563Z"}
{"level":"info","message":"Removed file from s3 chelm-koop-shoot-local test-rm.json","timestamp":"2014-10-15T19:05:35.947Z"}
{"level":"info","message":"Uploaded file to s3 chelm-koop-shoot-local/subdir test2.json","timestamp":"2014-10-15T19:05:37.782Z"}
{"level":"info","message":"Removed Bucket from s3 subdir %s","timestamp":"2014-10-15T19:05:39.804Z"}
{"level":"info","message":"CREATE TABLE \"repo:test:repo:file:0\" (id SERIAL PRIMARY KEY,feature JSON,geom Geometry(POINT, 4326))","timestamp":"2014-10-15T19:07:26.691Z"}
{"level":"info","message":"CREATE TABLE \"repo:test:repo:file:0\" (id SERIAL PRIMARY KEY,feature JSON,geom Geometry(POINT, 4326))","timestamp":"2014-10-15T19:07:26.862Z"}
{"level":"info","message":"Uploaded file to s3 chelm-koop-shoot-local/test test.json","timestamp":"2014-10-15T19:07:57.083Z"}
{"level":"info","message":"Uploaded file to s3 chelm-koop-shoot-local/ test.json","timestamp":"2014-10-15T19:07:57.088Z"}
{"level":"info","message":"File exists on S3 chelm-koop-shoot-local test.json","timestamp":"2014-10-15T19:07:58.221Z"}
{"level":"info","message":"File exists on S3 chelm-koop-shoot-local test.json","timestamp":"2014-10-15T19:07:58.223Z"}
{"level":"info","message":"Uploaded file to s3 chelm-koop-shoot-local//test-rm test-rm.json","timestamp":"2014-10-15T19:08:02.009Z"}
{"level":"info","message":"Removed file from s3 chelm-koop-shoot-local test-rm.json","timestamp":"2014-10-15T19:08:05.040Z"}
{"level":"info","message":"Uploaded file to s3 chelm-koop-shoot-local/subdir test2.json","timestamp":"2014-10-15T19:08:09.432Z"}
{"level":"info","message":"Removed Bucket from s3 subdir %s","timestamp":"2014-10-15T19:08:14.627Z"}
{"level":"info","message":"CREATE TABLE \"test:repo:file:0\" (id SERIAL PRIMARY KEY,feature JSON,geom Geometry(POINT, 4326))","timestamp":"2014-10-15T19:08:15.697Z"}
{"level":"info","message":"CREATE TABLE \"test:repo:file:0\" (id SERIAL PRIMARY KEY,feature JSON,geom Geometry(POINT, 4326))","timestamp":"2014-10-15T19:08:15.826Z"}
{"level":"info","message":"CREATE TABLE \"test:repo:file:0\" (id SERIAL PRIMARY KEY,feature JSON,geom Geometry(POINT, 4326))","timestamp":"2014-10-15T19:08:15.921Z"}
{"level":"info","message":"CREATE TABLE \"test:repo:file:0\" (id SERIAL PRIMARY KEY,feature JSON,geom Geometry(POINT, 4326))","timestamp":"2014-10-15T19:08:16.013Z"}
{"level":"info","message":"CREATE TABLE \"test:snow:data:0\" (id SERIAL PRIMARY KEY,feature JSON,geom Geometry(POINT, 4326))","timestamp":"2014-10-15T19:08:16.084Z"}
{"level":"info","message":"CREATE TABLE \"test:repo:file:0\" (id SERIAL PRIMARY KEY,feature JSON,geom Geometry(POINT, 4326))","timestamp":"2014-10-15T19:08:16.214Z"}
{"level":"info","message":"CREATE TABLE \"test:repo:file:0\" (id SERIAL PRIMARY KEY,feature JSON,geom Geometry(POINT, 4326))","timestamp":"2014-10-15T19:08:16.313Z"}
{"level":"info","message":"CREATE TABLE \"test:repo:file:0\" (id SERIAL PRIMARY KEY,feature JSON,geom Geometry(POINT, 4326))","timestamp":"2014-10-15T19:08:16.402Z"}
{"level":"info","message":"CREATE TABLE \"test:snow:data:0\" (id SERIAL PRIMARY KEY,feature JSON,geom Geometry(POINT, 4326))","timestamp":"2014-10-15T19:08:16.464Z"}
{"level":"info","message":"CREATE TABLE \"test:repo:file:0\" (id SERIAL PRIMARY KEY,feature JSON,geom Geometry(POINT, 4326))","timestamp":"2014-10-15T19:08:16.495Z"}
{"level":"info","message":"CREATE TABLE \"test:german:data:0\" (id SERIAL PRIMARY KEY,feature JSON,geom Geometry(POINT, 4326))","timestamp":"2014-10-15T19:08:16.559Z"}
{"level":"info","message":"CREATE TABLE \"test:repo:file:0\" (id SERIAL PRIMARY KEY,feature JSON,geom Geometry(POINT, 4326))","timestamp":"2014-10-15T19:08:16.640Z"}
{"level":"info","message":"CREATE TABLE \"test:german:data2:0\" (id SERIAL PRIMARY KEY,feature JSON,geom Geometry(POINT, 4326))","timestamp":"2014-10-15T19:08:16.708Z"}
{"level":"info","message":"CREATE TABLE \"test:repo:file:0\" (id SERIAL PRIMARY KEY,feature JSON,geom Geometry(POINT, 4326))","timestamp":"2014-10-15T19:08:16.791Z"}
{"level":"info","message":"CREATE TABLE \"test:german:data3:0\" (id SERIAL PRIMARY KEY,feature JSON,geom Geometry(POINT, 4326))","timestamp":"2014-10-15T19:08:16.850Z"}
{"level":"info","message":"CREATE TABLE \"test:repo:file:0\" (id SERIAL PRIMARY KEY,feature JSON,geom Geometry(POINT, 4326))","timestamp":"2014-10-15T19:08:16.926Z"}
{"level":"info","message":"CREATE TABLE \"test:german:data2:0\" (id SERIAL PRIMARY KEY,feature JSON,geom Geometry(POINT, 4326))","timestamp":"2014-10-15T19:08:16.993Z"}
{"level":"info","message":"CREATE TABLE \"test:repo:file:0\" (id SERIAL PRIMARY KEY,feature JSON,geom Geometry(POINT, 4326))","timestamp":"2014-10-15T19:08:17.150Z"}
{"level":"debug","message":"Get Count 417 select count(*) as count from \"test:repo:file:0\"","timestamp":"2014-10-15T19:08:17.213Z"}
{"level":"info","message":"CREATE TABLE \"repo:test:repo:file:0\" (id SERIAL PRIMARY KEY,feature JSON,geom Geometry(POINT, 4326))","timestamp":"2014-10-15T19:11:40.913Z"}
{"level":"info","message":"CREATE TABLE \"repo:test:repo:file:0\" (id SERIAL PRIMARY KEY,feature JSON,geom Geometry(POINT, 4326))","timestamp":"2014-10-15T19:11:41.063Z"}
{"level":"info","message":"Uploaded file to s3 chelm-koop-shoot-local/ test.json","timestamp":"2014-10-15T19:11:56.920Z"}
{"level":"info","message":"File exists on S3 chelm-koop-shoot-local test.json","timestamp":"2014-10-15T19:11:57.510Z"}
{"level":"info","message":"Uploaded file to s3 chelm-koop-shoot-local/test test.json","timestamp":"2014-10-15T19:11:58.720Z"}
{"level":"info","message":"File exists on S3 chelm-koop-shoot-local test.json","timestamp":"2014-10-15T19:11:59.265Z"}
{"level":"info","message":"Uploaded file to s3 chelm-koop-shoot-local//test-rm test-rm.json","timestamp":"2014-10-15T19:12:00.713Z"}
{"level":"info","message":"Removed file from s3 chelm-koop-shoot-local test-rm.json","timestamp":"2014-10-15T19:12:01.936Z"}
{"level":"info","message":"Uploaded file to s3 chelm-koop-shoot-local/subdir test2.json","timestamp":"2014-10-15T19:12:04.163Z"}
{"level":"info","message":"Removed Bucket from s3 subdir %s","timestamp":"2014-10-15T19:12:05.586Z"}
{"level":"info","message":"CREATE TABLE \"test:repo:file:0\" (id SERIAL PRIMARY KEY,feature JSON,geom Geometry(POINT, 4326))","timestamp":"2014-10-15T19:12:06.516Z"}
{"level":"info","message":"CREATE TABLE \"test:repo:file:0\" (id SERIAL PRIMARY KEY,feature JSON,geom Geometry(POINT, 4326))","timestamp":"2014-10-15T19:12:06.627Z"}
{"level":"info","message":"CREATE TABLE \"test:repo:file:0\" (id SERIAL PRIMARY KEY,feature JSON,geom Geometry(POINT, 4326))","timestamp":"2014-10-15T19:12:06.713Z"}
{"level":"info","message":"CREATE TABLE \"test:repo:file:0\" (id SERIAL PRIMARY KEY,feature JSON,geom Geometry(POINT, 4326))","timestamp":"2014-10-15T19:12:06.804Z"}
{"level":"info","message":"CREATE TABLE \"test:snow:data:0\" (id SERIAL PRIMARY KEY,feature JSON,geom Geometry(POINT, 4326))","timestamp":"2014-10-15T19:12:06.881Z"}
{"level":"info","message":"CREATE TABLE \"test:repo:file:0\" (id SERIAL PRIMARY KEY,feature JSON,geom Geometry(POINT, 4326))","timestamp":"2014-10-15T19:12:06.987Z"}
{"level":"info","message":"CREATE TABLE \"test:repo:file:0\" (id SERIAL PRIMARY KEY,feature JSON,geom Geometry(POINT, 4326))","timestamp":"2014-10-15T19:12:07.102Z"}
{"level":"info","message":"CREATE TABLE \"test:repo:file:0\" (id SERIAL PRIMARY KEY,feature JSON,geom Geometry(POINT, 4326))","timestamp":"2014-10-15T19:12:07.185Z"}
{"level":"info","message":"CREATE TABLE \"test:snow:data:0\" (id SERIAL PRIMARY KEY,feature JSON,geom Geometry(POINT, 4326))","timestamp":"2014-10-15T19:12:07.250Z"}
{"level":"info","message":"CREATE TABLE \"test:repo:file:0\" (id SERIAL PRIMARY KEY,feature JSON,geom Geometry(POINT, 4326))","timestamp":"2014-10-15T19:12:07.278Z"}
{"level":"info","message":"CREATE TABLE \"test:german:data:0\" (id SERIAL PRIMARY KEY,feature JSON,geom Geometry(POINT, 4326))","timestamp":"2014-10-15T19:12:07.344Z"}
{"level":"info","message":"CREATE TABLE \"test:repo:file:0\" (id SERIAL PRIMARY KEY,feature JSON,geom Geometry(POINT, 4326))","timestamp":"2014-10-15T19:12:07.423Z"}
{"level":"info","message":"CREATE TABLE \"test:german:data2:0\" (id SERIAL PRIMARY KEY,feature JSON,geom Geometry(POINT, 4326))","timestamp":"2014-10-15T19:12:07.488Z"}
{"level":"info","message":"CREATE TABLE \"test:repo:file:0\" (id SERIAL PRIMARY KEY,feature JSON,geom Geometry(POINT, 4326))","timestamp":"2014-10-15T19:12:07.577Z"}
{"level":"info","message":"CREATE TABLE \"test:german:data3:0\" (id SERIAL PRIMARY KEY,feature JSON,geom Geometry(POINT, 4326))","timestamp":"2014-10-15T19:12:07.639Z"}
{"level":"info","message":"CREATE TABLE \"test:repo:file:0\" (id SERIAL PRIMARY KEY,feature JSON,geom Geometry(POINT, 4326))","timestamp":"2014-10-15T19:12:07.724Z"}
{"level":"info","message":"CREATE TABLE \"test:german:data2:0\" (id SERIAL PRIMARY KEY,feature JSON,geom Geometry(POINT, 4326))","timestamp":"2014-10-15T19:12:07.787Z"}
{"level":"info","message":"CREATE TABLE \"test:repo:file:0\" (id SERIAL PRIMARY KEY,feature JSON,geom Geometry(POINT, 4326))","timestamp":"2014-10-15T19:12:07.948Z"}
{"level":"debug","message":"Get Count 417 select count(*) as count from \"test:repo:file:0\"","timestamp":"2014-10-15T19:12:08.019Z"}
{"level":"info","message":"CREATE TABLE \"repo:test:repo:file:0\" (id SERIAL PRIMARY KEY,feature JSON,geom Geometry(POINT, 4326))","timestamp":"2014-11-09T04:07:20.498Z"}
{"level":"info","message":"CREATE TABLE \"repo:test:repo:file:0\" (id SERIAL PRIMARY KEY,feature JSON,geom Geometry(POINT, 4326))","timestamp":"2014-11-09T04:07:20.661Z"}
{"level":"debug","message":"Selecting data select id, feature->>'properties' as props, feature->>'geometry' as geom from \"repo:test:repo:file:0\" ORDER BY id","timestamp":"2014-11-09T04:07:20.724Z"}
{"level":"info","message":"File does not exist on S3 chelm-koop-shoot-local null dummy.png","timestamp":"2014-11-09T04:07:21.891Z"}
{"level":"info","message":"Uploaded file to s3 chelm-koop-shoot-local/ test.json","timestamp":"2014-11-09T04:07:24.266Z"}
{"level":"info","message":"File exists on S3 chelm-koop-shoot-local test.json","timestamp":"2014-11-09T04:07:24.858Z"}
{"level":"info","message":"Uploaded file to s3 chelm-koop-shoot-local/test test.json","timestamp":"2014-11-09T04:07:26.138Z"}
{"level":"info","message":"File exists on S3 chelm-koop-shoot-local test.json","timestamp":"2014-11-09T04:07:26.742Z"}
{"level":"info","message":"Uploaded file to s3 chelm-koop-shoot-local//test-rm test-rm.json","timestamp":"2014-11-09T04:07:28.142Z"}
{"level":"info","message":"Removed file from s3 chelm-koop-shoot-local test-rm.json","timestamp":"2014-11-09T04:07:28.753Z"}
{"level":"info","message":"File does not exist on S3 chelm-koop-shoot-local /test-rm test-rm.json","timestamp":"2014-11-09T04:07:29.304Z"}
{"level":"info","message":"Uploaded file to s3 chelm-koop-shoot-local/subdir test2.json","timestamp":"2014-11-09T04:07:30.702Z"}
{"level":"debug","message":"Delete subdir subdir/test2.json","timestamp":"2014-11-09T04:07:32.407Z"}
{"level":"info","message":"Removed Bucket from s3 subdir %s","timestamp":"2014-11-09T04:07:32.412Z"}
{"level":"info","message":"File does not exist on S3 chelm-koop-shoot-local subdir test2.json","timestamp":"2014-11-09T04:07:33.022Z"}
{"level":"info","message":"CREATE TABLE \"test:repo:file:0\" (id SERIAL PRIMARY KEY,feature JSON,geom Geometry(POINT, 4326))","timestamp":"2014-11-09T04:07:33.094Z"}
{"level":"info","message":"CREATE TABLE \"test:repo:file:0\" (id SERIAL PRIMARY KEY,feature JSON,geom Geometry(POINT, 4326))","timestamp":"2014-11-09T04:07:33.175Z"}
{"level":"info","message":"CREATE TABLE \"test:repo:file:0\" (id SERIAL PRIMARY KEY,feature JSON,geom Geometry(POINT, 4326))","timestamp":"2014-11-09T04:07:33.231Z"}
{"level":"info","message":"CREATE TABLE \"test:repo:file:0\" (id SERIAL PRIMARY KEY,feature JSON,geom Geometry(POINT, 4326))","timestamp":"2014-11-09T04:07:33.315Z"}
{"level":"info","message":"CREATE TABLE \"test:snow:data:0\" (id SERIAL PRIMARY KEY,feature JSON,geom Geometry(POINT, 4326))","timestamp":"2014-11-09T04:07:33.372Z"}
{"level":"info","message":"CREATE TABLE \"test:repo:file:0\" (id SERIAL PRIMARY KEY,feature JSON,geom Geometry(POINT, 4326))","timestamp":"2014-11-09T04:07:33.428Z"}
{"level":"debug","message":"Selecting data select id, feature->>'properties' as props, feature->>'geometry' as geom from \"test:repo:file:0\" ORDER BY id","timestamp":"2014-11-09T04:07:33.488Z"}
{"level":"info","message":"CREATE TABLE \"test:repo:file:0\" (id SERIAL PRIMARY KEY,feature JSON,geom Geometry(POINT, 4326))","timestamp":"2014-11-09T04:07:33.505Z"}
{"level":"debug","message":"Selecting data select id, feature->>'properties' as props, feature->>'geometry' as geom from \"test:repo:file:0\" WHERE  (feature->'properties'->>'total precip') = '0.31' ORDER BY id","timestamp":"2014-11-09T04:07:33.553Z"}
{"level":"info","message":"CREATE TABLE \"test:repo:file:0\" (id SERIAL PRIMARY KEY,feature JSON,geom Geometry(POINT, 4326))","timestamp":"2014-11-09T04:07:33.562Z"}
{"level":"info","message":"CREATE TABLE \"test:snow:data:0\" (id SERIAL PRIMARY KEY,feature JSON,geom Geometry(POINT, 4326))","timestamp":"2014-11-09T04:07:33.609Z"}
{"level":"info","message":"CREATE TABLE \"test:repo:file:0\" (id SERIAL PRIMARY KEY,feature JSON,geom Geometry(POINT, 4326))","timestamp":"2014-11-09T04:07:33.624Z"}
{"level":"info","message":"CREATE TABLE \"test:german:data:0\" (id SERIAL PRIMARY KEY,feature JSON,geom Geometry(POINT, 4326))","timestamp":"2014-11-09T04:07:33.678Z"}
{"level":"debug","message":"Selecting data select id, feature->>'properties' as props, feature->>'geometry' as geom from \"test:german:data:0\" WHERE  (feature->'properties'->>'ID')::float::int >= 2894 AND  (feature->'properties'->>'ID') <= '2997' ORDER BY id","timestamp":"2014-11-09T04:07:33.736Z"}
{"level":"info","message":"CREATE TABLE \"test:repo:file:0\" (id SERIAL PRIMARY KEY,feature JSON,geom Geometry(POINT, 4326))","timestamp":"2014-11-09T04:07:33.752Z"}
{"level":"info","message":"CREATE TABLE \"test:german:data2:0\" (id SERIAL PRIMARY KEY,feature JSON,geom Geometry(POINT, 4326))","timestamp":"2014-11-09T04:07:33.808Z"}
{"level":"debug","message":"Selecting data select id, feature->>'properties' as props, feature->>'geometry' as geom from \"test:german:data2:0\" WHERE  (feature->'properties'->>'ID')::float::int >= 2894 AND  (feature->'properties'->>'ID')::float::int <= 2997 AND  (feature->'properties'->>'Land') ilike '%germany%' AND  (feature->'properties'->>'Art') ilike '%BRL%' ORDER BY id","timestamp":"2014-11-09T04:07:33.847Z"}
{"level":"info","message":"CREATE TABLE \"test:repo:file:0\" (id SERIAL PRIMARY KEY,feature JSON,geom Geometry(POINT, 4326))","timestamp":"2014-11-09T04:07:33.867Z"}
{"level":"info","message":"CREATE TABLE \"test:german:data3:0\" (id SERIAL PRIMARY KEY,feature JSON,geom Geometry(POINT, 4326))","timestamp":"2014-11-09T04:07:33.909Z"}
{"level":"debug","message":"Selecting data select id, feature->>'properties' as props, feature->>'geometry' as geom from \"test:german:data3:0\" WHERE  (feature->'properties'->>'ID')::float::int >= 2894 AND  (feature->'properties'->>'ID')::float::int <= 3401 AND  (feature->'properties'->>'Art') = 'BRL' AND ( (feature->'properties'->>'Land') = 'Germany' OR  (feature->'properties'->>'Land') = 'Poland') ORDER BY id","timestamp":"2014-11-09T04:07:33.945Z"}
{"level":"info","message":"CREATE TABLE \"test:repo:file:0\" (id SERIAL PRIMARY KEY,feature JSON,geom Geometry(POINT, 4326))","timestamp":"2014-11-09T04:07:33.958Z"}
{"level":"info","message":"CREATE TABLE \"test:german:data2:0\" (id SERIAL PRIMARY KEY,feature JSON,geom Geometry(POINT, 4326))","timestamp":"2014-11-09T04:07:34.002Z"}
{"level":"debug","message":"Selecting data select id, feature->>'properties' as props, feature->>'geometry' as geom from \"test:german:data2:0\" WHERE ST_GeomFromGeoJSON(feature->>'geometry') && ST_SetSRID('BOX3D(11.296916335529545 50.976109119993865,14.273970437121521 52.39566469623532)'::box3d,4326) ORDER BY id","timestamp":"2014-11-09T04:07:34.085Z"}
{"level":"info","message":"CREATE TABLE \"test:repo:file:0\" (id SERIAL PRIMARY KEY,feature JSON,geom Geometry(POINT, 4326))","timestamp":"2014-11-09T04:07:34.142Z"}
{"level":"debug","message":"Get Count 417 select count(*) as count from \"test:repo:file:0\"","timestamp":"2014-11-09T04:07:34.183Z"}
{"level":"info","message":"CREATE TABLE \"repo:test:repo:file:0\" (id SERIAL PRIMARY KEY,feature JSON,geom Geometry(POINT, 4326))","timestamp":"2014-11-09T04:20:45.554Z"}
{"level":"info","message":"CREATE TABLE \"repo:test:repo:file:0\" (id SERIAL PRIMARY KEY,feature JSON,geom Geometry(POINT, 4326))","timestamp":"2014-11-09T04:20:45.662Z"}
{"level":"debug","message":"Selecting data select id, feature->>'properties' as props, feature->>'geometry' as geom from \"repo:test:repo:file:0\" ORDER BY id","timestamp":"2014-11-09T04:20:45.723Z"}
{"level":"info","message":"File does not exist on S3 chelm-koop-shoot-local null dummy.png","timestamp":"2014-11-09T04:20:46.349Z"}
{"level":"info","message":"Uploaded file to s3 chelm-koop-shoot-local/ test.json","timestamp":"2014-11-09T04:20:48.725Z"}
{"level":"info","message":"File exists on S3 chelm-koop-shoot-local test.json","timestamp":"2014-11-09T04:20:49.206Z"}
{"level":"info","message":"Uploaded file to s3 chelm-koop-shoot-local/test test.json","timestamp":"2014-11-09T04:20:50.258Z"}
{"level":"info","message":"File exists on S3 chelm-koop-shoot-local test.json","timestamp":"2014-11-09T04:20:50.754Z"}
{"level":"info","message":"Uploaded file to s3 chelm-koop-shoot-local//test-rm test-rm.json","timestamp":"2014-11-09T04:20:51.956Z"}
{"level":"info","message":"Removed file from s3 chelm-koop-shoot-local test-rm.json","timestamp":"2014-11-09T04:20:52.545Z"}
{"level":"info","message":"File does not exist on S3 chelm-koop-shoot-local /test-rm test-rm.json","timestamp":"2014-11-09T04:20:53.047Z"}
{"level":"info","message":"Uploaded file to s3 chelm-koop-shoot-local/subdir test2.json","timestamp":"2014-11-09T04:20:54.191Z"}
{"level":"info","message":"Removed Bucket from s3 subdir %s","timestamp":"2014-11-09T04:20:55.367Z"}
{"level":"debug","message":"Delete subdir subdir/test2.json","timestamp":"2014-11-09T04:20:55.489Z"}
{"level":"info","message":"File does not exist on S3 chelm-koop-shoot-local subdir test2.json","timestamp":"2014-11-09T04:20:55.799Z"}
{"level":"info","message":"CREATE TABLE \"test:repo:file:0\" (id SERIAL PRIMARY KEY,feature JSON,geom Geometry(POINT, 4326))","timestamp":"2014-11-09T04:20:55.822Z"}
{"level":"info","message":"CREATE TABLE \"test:repo:file:0\" (id SERIAL PRIMARY KEY,feature JSON,geom Geometry(POINT, 4326))","timestamp":"2014-11-09T04:20:55.901Z"}
{"level":"info","message":"CREATE TABLE \"test:repo:file:0\" (id SERIAL PRIMARY KEY,feature JSON,geom Geometry(POINT, 4326))","timestamp":"2014-11-09T04:20:55.966Z"}
{"level":"info","message":"CREATE TABLE \"test:repo:file:0\" (id SERIAL PRIMARY KEY,feature JSON,geom Geometry(POINT, 4326))","timestamp":"2014-11-09T04:20:56.023Z"}
{"level":"info","message":"CREATE TABLE \"test:snow:data:0\" (id SERIAL PRIMARY KEY,feature JSON,geom Geometry(POINT, 4326))","timestamp":"2014-11-09T04:20:56.079Z"}
{"level":"info","message":"CREATE TABLE \"test:repo:file:0\" (id SERIAL PRIMARY KEY,feature JSON,geom Geometry(POINT, 4326))","timestamp":"2014-11-09T04:20:56.131Z"}
{"level":"debug","message":"Selecting data select id, feature->>'properties' as props, feature->>'geometry' as geom from \"test:repo:file:0\" ORDER BY id","timestamp":"2014-11-09T04:20:56.186Z"}
{"level":"info","message":"CREATE TABLE \"test:repo:file:0\" (id SERIAL PRIMARY KEY,feature JSON,geom Geometry(POINT, 4326))","timestamp":"2014-11-09T04:20:56.206Z"}
{"level":"debug","message":"Selecting data select id, feature->>'properties' as props, feature->>'geometry' as geom from \"test:repo:file:0\" WHERE  (feature->'properties'->>'total precip') = '0.31' ORDER BY id","timestamp":"2014-11-09T04:20:56.255Z"}
{"level":"info","message":"CREATE TABLE \"test:repo:file:0\" (id SERIAL PRIMARY KEY,feature JSON,geom Geometry(POINT, 4326))","timestamp":"2014-11-09T04:20:56.264Z"}
{"level":"info","message":"CREATE TABLE \"test:snow:data:0\" (id SERIAL PRIMARY KEY,feature JSON,geom Geometry(POINT, 4326))","timestamp":"2014-11-09T04:20:56.309Z"}
{"level":"info","message":"CREATE TABLE \"test:repo:file:0\" (id SERIAL PRIMARY KEY,feature JSON,geom Geometry(POINT, 4326))","timestamp":"2014-11-09T04:20:56.322Z"}
{"level":"info","message":"CREATE TABLE \"test:german:data:0\" (id SERIAL PRIMARY KEY,feature JSON,geom Geometry(POINT, 4326))","timestamp":"2014-11-09T04:20:56.370Z"}
{"level":"debug","message":"Selecting data select id, feature->>'properties' as props, feature->>'geometry' as geom from \"test:german:data:0\" WHERE  (feature->'properties'->>'ID')::float::int >= 2894 AND  (feature->'properties'->>'ID') <= '2997' ORDER BY id","timestamp":"2014-11-09T04:20:56.405Z"}
{"level":"info","message":"CREATE TABLE \"test:repo:file:0\" (id SERIAL PRIMARY KEY,feature JSON,geom Geometry(POINT, 4326))","timestamp":"2014-11-09T04:20:56.419Z"}
{"level":"info","message":"CREATE TABLE \"test:german:data2:0\" (id SERIAL PRIMARY KEY,feature JSON,geom Geometry(POINT, 4326))","timestamp":"2014-11-09T04:20:56.461Z"}
{"level":"debug","message":"Selecting data select id, feature->>'properties' as props, feature->>'geometry' as geom from \"test:german:data2:0\" WHERE  (feature->'properties'->>'ID')::float::int >= 2894 AND  (feature->'properties'->>'ID')::float::int <= 2997 AND  (feature->'properties'->>'Land') ilike '%germany%' AND  (feature->'properties'->>'Art') ilike '%BRL%' ORDER BY id","timestamp":"2014-11-09T04:20:56.497Z"}
{"level":"info","message":"CREATE TABLE \"test:repo:file:0\" (id SERIAL PRIMARY KEY,feature JSON,geom Geometry(POINT, 4326))","timestamp":"2014-11-09T04:20:56.515Z"}
{"level":"info","message":"CREATE TABLE \"test:german:data3:0\" (id SERIAL PRIMARY KEY,feature JSON,geom Geometry(POINT, 4326))","timestamp":"2014-11-09T04:20:56.563Z"}
{"level":"debug","message":"Selecting data select id, feature->>'properties' as props, feature->>'geometry' as geom from \"test:german:data3:0\" WHERE  (feature->'properties'->>'ID')::float::int >= 2894 AND  (feature->'properties'->>'ID')::float::int <= 3401 AND  (feature->'properties'->>'Art') = 'BRL' AND ( (feature->'properties'->>'Land') = 'Germany' OR  (feature->'properties'->>'Land') = 'Poland') ORDER BY id","timestamp":"2014-11-09T04:20:56.596Z"}
{"level":"info","message":"CREATE TABLE \"test:repo:file:0\" (id SERIAL PRIMARY KEY,feature JSON,geom Geometry(POINT, 4326))","timestamp":"2014-11-09T04:20:56.609Z"}
{"level":"info","message":"CREATE TABLE \"test:german:data2:0\" (id SERIAL PRIMARY KEY,feature JSON,geom Geometry(POINT, 4326))","timestamp":"2014-11-09T04:20:56.648Z"}
{"level":"debug","message":"Selecting data select id, feature->>'properties' as props, feature->>'geometry' as geom from \"test:german:data2:0\" WHERE ST_GeomFromGeoJSON(feature->>'geometry') && ST_SetSRID('BOX3D(11.296916335529545 50.976109119993865,14.273970437121521 52.39566469623532)'::box3d,4326) ORDER BY id","timestamp":"2014-11-09T04:20:56.724Z"}
{"level":"info","message":"CREATE TABLE \"test:repo:file:0\" (id SERIAL PRIMARY KEY,feature JSON,geom Geometry(POINT, 4326))","timestamp":"2014-11-09T04:20:56.782Z"}
{"level":"debug","message":"Get Count 417 select count(*) as count from \"test:repo:file:0\"","timestamp":"2014-11-09T04:20:56.825Z"}
{"level":"info","message":"CREATE TABLE \"repo:test:repo:file:0\" (id SERIAL PRIMARY KEY,feature JSON,geom Geometry(POINT, 4326))","timestamp":"2014-11-11T03:48:36.184Z"}
{"level":"info","message":"CREATE TABLE \"repo:test:repo:file:0\" (id SERIAL PRIMARY KEY,feature JSON,geom Geometry(POINT, 4326))","timestamp":"2014-11-11T03:48:36.406Z"}
{"level":"debug","message":"Selecting data select id, feature->>'properties' as props, feature->>'geometry' as geom from \"repo:test:repo:file:0\" ORDER BY id","timestamp":"2014-11-11T03:48:36.477Z"}
{"level":"info","message":"File does not exist on S3 chelm-koop-shoot-local null dummy.png","timestamp":"2014-11-11T03:48:37.075Z"}
{"level":"info","message":"Uploaded file to s3 chelm-koop-shoot-local/ test.json","timestamp":"2014-11-11T03:48:39.188Z"}
{"level":"info","message":"File exists on S3 chelm-koop-shoot-local test.json","timestamp":"2014-11-11T03:48:39.628Z"}
{"level":"info","message":"Uploaded file to s3 chelm-koop-shoot-local/test test.json","timestamp":"2014-11-11T03:48:40.632Z"}
{"level":"info","message":"File exists on S3 chelm-koop-shoot-local test.json","timestamp":"2014-11-11T03:48:45.760Z"}
{"level":"info","message":"Uploaded file to s3 chelm-koop-shoot-local//test-rm test-rm.json","timestamp":"2014-11-11T03:48:46.736Z"}
{"level":"info","message":"Removed file from s3 chelm-koop-shoot-local test-rm.json","timestamp":"2014-11-11T03:48:47.161Z"}
{"level":"info","message":"File does not exist on S3 chelm-koop-shoot-local /test-rm test-rm.json","timestamp":"2014-11-11T03:48:47.561Z"}
{"level":"info","message":"Uploaded file to s3 chelm-koop-shoot-local/subdir test2.json","timestamp":"2014-11-11T03:48:48.535Z"}
{"level":"info","message":"Removed Bucket from s3 subdir %s","timestamp":"2014-11-11T03:48:50.092Z"}
{"level":"debug","message":"Delete subdir subdir/test2.json","timestamp":"2014-11-11T03:48:50.098Z"}
{"level":"info","message":"File does not exist on S3 chelm-koop-shoot-local subdir test2.json","timestamp":"2014-11-11T03:48:50.515Z"}
{"level":"info","message":"CREATE TABLE \"test:repo:file:0\" (id SERIAL PRIMARY KEY,feature JSON,geom Geometry(POINT, 4326))","timestamp":"2014-11-11T03:48:50.572Z"}
{"level":"info","message":"CREATE TABLE \"test:repo:file:0\" (id SERIAL PRIMARY KEY,feature JSON,geom Geometry(POINT, 4326))","timestamp":"2014-11-11T03:48:50.657Z"}
{"level":"info","message":"CREATE TABLE \"test:repo:file:0\" (id SERIAL PRIMARY KEY,feature JSON,geom Geometry(POINT, 4326))","timestamp":"2014-11-11T03:48:50.716Z"}
{"level":"info","message":"CREATE TABLE \"test:repo:file:0\" (id SERIAL PRIMARY KEY,feature JSON,geom Geometry(POINT, 4326))","timestamp":"2014-11-11T03:48:50.795Z"}
{"level":"info","message":"CREATE TABLE \"test:snow:data:0\" (id SERIAL PRIMARY KEY,feature JSON,geom Geometry(POINT, 4326))","timestamp":"2014-11-11T03:48:50.852Z"}
{"level":"info","message":"CREATE TABLE \"test:repo:file:0\" (id SERIAL PRIMARY KEY,feature JSON,geom Geometry(POINT, 4326))","timestamp":"2014-11-11T03:48:50.902Z"}
{"level":"debug","message":"Selecting data select id, feature->>'properties' as props, feature->>'geometry' as geom from \"test:repo:file:0\" ORDER BY id","timestamp":"2014-11-11T03:48:50.943Z"}
{"level":"info","message":"CREATE TABLE \"test:repo:file:0\" (id SERIAL PRIMARY KEY,feature JSON,geom Geometry(POINT, 4326))","timestamp":"2014-11-11T03:48:50.955Z"}
{"level":"debug","message":"Selecting data select id, feature->>'properties' as props, feature->>'geometry' as geom from \"test:repo:file:0\" WHERE  (feature->'properties'->>'total precip') = '0.31' ORDER BY id","timestamp":"2014-11-11T03:48:50.998Z"}
{"level":"info","message":"CREATE TABLE \"test:repo:file:0\" (id SERIAL PRIMARY KEY,feature JSON,geom Geometry(POINT, 4326))","timestamp":"2014-11-11T03:48:51.006Z"}
{"level":"info","message":"CREATE TABLE \"test:snow:data:0\" (id SERIAL PRIMARY KEY,feature JSON,geom Geometry(POINT, 4326))","timestamp":"2014-11-11T03:48:51.075Z"}
{"level":"info","message":"CREATE TABLE \"test:repo:file:0\" (id SERIAL PRIMARY KEY,feature JSON,geom Geometry(POINT, 4326))","timestamp":"2014-11-11T03:48:51.090Z"}
{"level":"info","message":"CREATE TABLE \"test:german:data:0\" (id SERIAL PRIMARY KEY,feature JSON,geom Geometry(POINT, 4326))","timestamp":"2014-11-11T03:48:51.137Z"}
{"level":"debug","message":"Selecting data select id, feature->>'properties' as props, feature->>'geometry' as geom from \"test:german:data:0\" WHERE  (feature->'properties'->>'ID')::float::int >= 2894 AND  (feature->'properties'->>'ID') <= '2997' ORDER BY id","timestamp":"2014-11-11T03:48:51.191Z"}
{"level":"info","message":"CREATE TABLE \"test:repo:file:0\" (id SERIAL PRIMARY KEY,feature JSON,geom Geometry(POINT, 4326))","timestamp":"2014-11-11T03:48:51.204Z"}
{"level":"info","message":"CREATE TABLE \"test:german:data2:0\" (id SERIAL PRIMARY KEY,feature JSON,geom Geometry(POINT, 4326))","timestamp":"2014-11-11T03:48:51.261Z"}
{"level":"debug","message":"Selecting data select id, feature->>'properties' as props, feature->>'geometry' as geom from \"test:german:data2:0\" WHERE  (feature->'properties'->>'ID')::float::int >= 2894 AND  (feature->'properties'->>'ID')::float::int <= 2997 AND  (feature->'properties'->>'Land') ilike '%germany%' AND  (feature->'properties'->>'Art') ilike '%BRL%' ORDER BY id","timestamp":"2014-11-11T03:48:51.311Z"}
{"level":"info","message":"CREATE TABLE \"test:repo:file:0\" (id SERIAL PRIMARY KEY,feature JSON,geom Geometry(POINT, 4326))","timestamp":"2014-11-11T03:48:51.327Z"}
{"level":"info","message":"CREATE TABLE \"test:german:data3:0\" (id SERIAL PRIMARY KEY,feature JSON,geom Geometry(POINT, 4326))","timestamp":"2014-11-11T03:48:51.372Z"}
{"level":"debug","message":"Selecting data select id, feature->>'properties' as props, feature->>'geometry' as geom from \"test:german:data3:0\" WHERE  (feature->'properties'->>'ID')::float::int >= 2894 AND  (feature->'properties'->>'ID')::float::int <= 3401 AND  (feature->'properties'->>'Art') = 'BRL' AND ( (feature->'properties'->>'Land') = 'Germany' OR  (feature->'properties'->>'Land') = 'Poland') ORDER BY id","timestamp":"2014-11-11T03:48:51.408Z"}
{"level":"info","message":"CREATE TABLE \"test:repo:file:0\" (id SERIAL PRIMARY KEY,feature JSON,geom Geometry(POINT, 4326))","timestamp":"2014-11-11T03:48:51.422Z"}
{"level":"info","message":"CREATE TABLE \"test:german:data2:0\" (id SERIAL PRIMARY KEY,feature JSON,geom Geometry(POINT, 4326))","timestamp":"2014-11-11T03:48:51.468Z"}
{"level":"debug","message":"Selecting data select id, feature->>'properties' as props, feature->>'geometry' as geom from \"test:german:data2:0\" WHERE ST_GeomFromGeoJSON(feature->>'geometry') && ST_SetSRID('BOX3D(11.296916335529545 50.976109119993865,14.273970437121521 52.39566469623532)'::box3d,4326) ORDER BY id","timestamp":"2014-11-11T03:48:51.552Z"}
{"level":"info","message":"CREATE TABLE \"test:repo:file:0\" (id SERIAL PRIMARY KEY,feature JSON,geom Geometry(POINT, 4326))","timestamp":"2014-11-11T03:48:51.609Z"}
{"level":"debug","message":"Get Count 417 select count(*) as count from \"test:repo:file:0\"","timestamp":"2014-11-11T03:48:51.648Z"}
{"level":"info","message":"CREATE TABLE \"repo:test:repo:file:0\" (id SERIAL PRIMARY KEY,feature JSON,geom Geometry(POINT, 4326))","timestamp":"2014-11-11T03:52:26.105Z"}
{"level":"info","message":"CREATE TABLE \"repo:test:repo:file:0\" (id SERIAL PRIMARY KEY,feature JSON,geom Geometry(POINT, 4326))","timestamp":"2014-11-11T03:52:26.236Z"}
{"level":"debug","message":"Selecting data select id, feature->>'properties' as props, feature->>'geometry' as geom from \"repo:test:repo:file:0\" ORDER BY id","timestamp":"2014-11-11T03:52:26.303Z"}
{"level":"info","message":"File does not exist on S3 chelm-koop-shoot-local null dummy.png","timestamp":"2014-11-11T03:52:26.870Z"}
{"level":"info","message":"Uploaded file to s3 chelm-koop-shoot-local/ test.json","timestamp":"2014-11-11T03:52:28.822Z"}
{"level":"info","message":"File exists on S3 chelm-koop-shoot-local test.json","timestamp":"2014-11-11T03:52:30.846Z"}
{"level":"info","message":"Uploaded file to s3 chelm-koop-shoot-local/test test.json","timestamp":"2014-11-11T03:52:31.854Z"}
{"level":"info","message":"File exists on S3 chelm-koop-shoot-local test.json","timestamp":"2014-11-11T03:52:32.387Z"}
{"level":"info","message":"Uploaded file to s3 chelm-koop-shoot-local//test-rm test-rm.json","timestamp":"2014-11-11T03:52:33.533Z"}
{"level":"info","message":"Removed file from s3 chelm-koop-shoot-local test-rm.json","timestamp":"2014-11-11T03:52:34.019Z"}
{"level":"info","message":"File does not exist on S3 chelm-koop-shoot-local /test-rm test-rm.json","timestamp":"2014-11-11T03:52:34.437Z"}
{"level":"info","message":"Uploaded file to s3 chelm-koop-shoot-local/subdir test2.json","timestamp":"2014-11-11T03:52:35.410Z"}
{"level":"debug","message":"Delete subdir subdir/test2.json","timestamp":"2014-11-11T03:52:36.841Z"}
{"level":"info","message":"Removed Bucket from s3 subdir %s","timestamp":"2014-11-11T03:52:36.842Z"}
{"level":"info","message":"File does not exist on S3 chelm-koop-shoot-local subdir test2.json","timestamp":"2014-11-11T03:52:37.301Z"}
{"level":"info","message":"CREATE TABLE \"test:repo:file:0\" (id SERIAL PRIMARY KEY,feature JSON,geom Geometry(POINT, 4326))","timestamp":"2014-11-11T03:52:37.321Z"}
{"level":"info","message":"CREATE TABLE \"test:repo:file:0\" (id SERIAL PRIMARY KEY,feature JSON,geom Geometry(POINT, 4326))","timestamp":"2014-11-11T03:52:37.405Z"}
{"level":"info","message":"CREATE TABLE \"test:repo:file:0\" (id SERIAL PRIMARY KEY,feature JSON,geom Geometry(POINT, 4326))","timestamp":"2014-11-11T03:52:37.457Z"}
{"level":"info","message":"CREATE TABLE \"test:repo:file:0\" (id SERIAL PRIMARY KEY,feature JSON,geom Geometry(POINT, 4326))","timestamp":"2014-11-11T03:52:37.514Z"}
{"level":"info","message":"CREATE TABLE \"test:snow:data:0\" (id SERIAL PRIMARY KEY,feature JSON,geom Geometry(POINT, 4326))","timestamp":"2014-11-11T03:52:37.561Z"}
{"level":"info","message":"CREATE TABLE \"test:repo:file:0\" (id SERIAL PRIMARY KEY,feature JSON,geom Geometry(POINT, 4326))","timestamp":"2014-11-11T03:52:37.623Z"}
{"level":"debug","message":"Selecting data select id, feature->>'properties' as props, feature->>'geometry' as geom from \"test:repo:file:0\" ORDER BY id","timestamp":"2014-11-11T03:52:37.673Z"}
{"level":"info","message":"CREATE TABLE \"test:repo:file:0\" (id SERIAL PRIMARY KEY,feature JSON,geom Geometry(POINT, 4326))","timestamp":"2014-11-11T03:52:37.700Z"}
{"level":"debug","message":"Selecting data select id, feature->>'properties' as props, feature->>'geometry' as geom from \"test:repo:file:0\" WHERE  (feature->'properties'->>'total precip') = '0.31' ORDER BY id","timestamp":"2014-11-11T03:52:37.750Z"}
{"level":"info","message":"CREATE TABLE \"test:repo:file:0\" (id SERIAL PRIMARY KEY,feature JSON,geom Geometry(POINT, 4326))","timestamp":"2014-11-11T03:52:37.758Z"}
{"level":"info","message":"CREATE TABLE \"test:snow:data:0\" (id SERIAL PRIMARY KEY,feature JSON,geom Geometry(POINT, 4326))","timestamp":"2014-11-11T03:52:37.810Z"}
{"level":"info","message":"CREATE TABLE \"test:repo:file:0\" (id SERIAL PRIMARY KEY,feature JSON,geom Geometry(POINT, 4326))","timestamp":"2014-11-11T03:52:37.826Z"}
{"level":"info","message":"CREATE TABLE \"test:german:data:0\" (id SERIAL PRIMARY KEY,feature JSON,geom Geometry(POINT, 4326))","timestamp":"2014-11-11T03:52:37.891Z"}
{"level":"debug","message":"Selecting data select id, feature->>'properties' as props, feature->>'geometry' as geom from \"test:german:data:0\" WHERE  (feature->'properties'->>'ID')::float::int >= 2894 AND  (feature->'properties'->>'ID') <= '2997' ORDER BY id","timestamp":"2014-11-11T03:52:37.942Z"}
{"level":"info","message":"CREATE TABLE \"test:repo:file:0\" (id SERIAL PRIMARY KEY,feature JSON,geom Geometry(POINT, 4326))","timestamp":"2014-11-11T03:52:37.964Z"}
{"level":"info","message":"CREATE TABLE \"test:german:data2:0\" (id SERIAL PRIMARY KEY,feature JSON,geom Geometry(POINT, 4326))","timestamp":"2014-11-11T03:52:38.019Z"}
{"level":"debug","message":"Selecting data select id, feature->>'properties' as props, feature->>'geometry' as geom from \"test:german:data2:0\" WHERE  (feature->'properties'->>'ID')::float::int >= 2894 AND  (feature->'properties'->>'ID')::float::int <= 2997 AND  (feature->'properties'->>'Land') ilike '%germany%' AND  (feature->'properties'->>'Art') ilike '%BRL%' ORDER BY id","timestamp":"2014-11-11T03:52:38.058Z"}
{"level":"info","message":"CREATE TABLE \"test:repo:file:0\" (id SERIAL PRIMARY KEY,feature JSON,geom Geometry(POINT, 4326))","timestamp":"2014-11-11T03:52:38.077Z"}
{"level":"info","message":"CREATE TABLE \"test:german:data3:0\" (id SERIAL PRIMARY KEY,feature JSON,geom Geometry(POINT, 4326))","timestamp":"2014-11-11T03:52:38.121Z"}
{"level":"debug","message":"Selecting data select id, feature->>'properties' as props, feature->>'geometry' as geom from \"test:german:data3:0\" WHERE  (feature->'properties'->>'ID')::float::int >= 2894 AND  (feature->'properties'->>'ID')::float::int <= 3401 AND  (feature->'properties'->>'Art') = 'BRL' AND ( (feature->'properties'->>'Land') = 'Germany' OR  (feature->'properties'->>'Land') = 'Poland') ORDER BY id","timestamp":"2014-11-11T03:52:38.158Z"}
{"level":"info","message":"CREATE TABLE \"test:repo:file:0\" (id SERIAL PRIMARY KEY,feature JSON,geom Geometry(POINT, 4326))","timestamp":"2014-11-11T03:52:38.171Z"}
{"level":"info","message":"CREATE TABLE \"test:german:data2:0\" (id SERIAL PRIMARY KEY,feature JSON,geom Geometry(POINT, 4326))","timestamp":"2014-11-11T03:52:38.213Z"}
{"level":"debug","message":"Selecting data select id, feature->>'properties' as props, feature->>'geometry' as geom from \"test:german:data2:0\" WHERE ST_GeomFromGeoJSON(feature->>'geometry') && ST_SetSRID('BOX3D(11.296916335529545 50.976109119993865,14.273970437121521 52.39566469623532)'::box3d,4326) ORDER BY id","timestamp":"2014-11-11T03:52:38.317Z"}
{"level":"info","message":"CREATE TABLE \"test:repo:file:0\" (id SERIAL PRIMARY KEY,feature JSON,geom Geometry(POINT, 4326))","timestamp":"2014-11-11T03:52:38.380Z"}
{"level":"debug","message":"Get Count 417 select count(*) as count from \"test:repo:file:0\"","timestamp":"2014-11-11T03:52:38.422Z"}
{"level":"info","message":"CREATE TABLE \"repo:test:repo:file:0\" (id SERIAL PRIMARY KEY,feature JSON,geom Geometry(POINT, 4326))","timestamp":"2014-11-14T02:25:17.305Z"}
{"level":"info","message":"CREATE TABLE \"repo:test:repo:file:0\" (id SERIAL PRIMARY KEY,feature JSON,geom Geometry(POINT, 4326))","timestamp":"2014-11-14T02:25:17.432Z"}
{"level":"debug","message":"Selecting data select id, feature->>'properties' as props, feature->>'geometry' as geom from \"repo:test:repo:file:0\" ORDER BY id","timestamp":"2014-11-14T02:25:17.501Z"}
{"level":"info","message":"File does not exist on S3 chelm-koop-shoot-local null dummy.png","timestamp":"2014-11-14T02:25:18.624Z"}
{"level":"info","message":"Uploaded file to s3 chelm-koop-shoot-local/ test.json","timestamp":"2014-11-14T02:25:20.916Z"}
{"level":"info","message":"File exists on S3 chelm-koop-shoot-local test.json","timestamp":"2014-11-14T02:25:21.470Z"}
{"level":"info","message":"Uploaded file to s3 chelm-koop-shoot-local/test test.json","timestamp":"2014-11-14T02:25:22.666Z"}
{"level":"info","message":"File exists on S3 chelm-koop-shoot-local test.json","timestamp":"2014-11-14T02:25:23.209Z"}
{"level":"info","message":"Uploaded file to s3 chelm-koop-shoot-local//test-rm test-rm.json","timestamp":"2014-11-14T02:25:24.444Z"}
{"level":"info","message":"Removed file from s3 chelm-koop-shoot-local test-rm.json","timestamp":"2014-11-14T02:25:24.934Z"}
{"level":"info","message":"File does not exist on S3 chelm-koop-shoot-local /test-rm test-rm.json","timestamp":"2014-11-14T02:25:25.369Z"}
{"level":"info","message":"Uploaded file to s3 chelm-koop-shoot-local/subdir test2.json","timestamp":"2014-11-14T02:25:26.432Z"}
{"level":"info","message":"Removed Bucket from s3 subdir %s","timestamp":"2014-11-14T02:25:27.560Z"}
{"level":"debug","message":"Delete subdir subdir/test2.json","timestamp":"2014-11-14T02:25:27.569Z"}
{"level":"info","message":"File does not exist on S3 chelm-koop-shoot-local subdir test2.json","timestamp":"2014-11-14T02:25:28.052Z"}
{"level":"info","message":"CREATE TABLE \"test:repo:file:0\" (id SERIAL PRIMARY KEY,feature JSON,geom Geometry(POINT, 4326))","timestamp":"2014-11-14T02:25:28.111Z"}
{"level":"info","message":"CREATE TABLE \"test:repo:file:0\" (id SERIAL PRIMARY KEY,feature JSON,geom Geometry(POINT, 4326))","timestamp":"2014-11-14T02:25:28.200Z"}
{"level":"info","message":"CREATE TABLE \"test:repo:file:0\" (id SERIAL PRIMARY KEY,feature JSON,geom Geometry(POINT, 4326))","timestamp":"2014-11-14T02:25:28.260Z"}
{"level":"debug","message":"Updating info test:repo:file:0 undefined","timestamp":"2014-11-14T02:25:28.336Z"}
{"level":"info","message":"CREATE TABLE \"test:repo:file:0\" (id SERIAL PRIMARY KEY,feature JSON,geom Geometry(POINT, 4326))","timestamp":"2014-11-14T02:25:28.342Z"}
{"level":"info","message":"CREATE TABLE \"test:snow:data:0\" (id SERIAL PRIMARY KEY,feature JSON,geom Geometry(POINT, 4326))","timestamp":"2014-11-14T02:25:28.400Z"}
{"level":"info","message":"CREATE TABLE \"test:repo:file:0\" (id SERIAL PRIMARY KEY,feature JSON,geom Geometry(POINT, 4326))","timestamp":"2014-11-14T02:25:28.459Z"}
{"level":"debug","message":"Selecting data select id, feature->>'properties' as props, feature->>'geometry' as geom from \"test:repo:file:0\" ORDER BY id","timestamp":"2014-11-14T02:25:28.508Z"}
{"level":"info","message":"CREATE TABLE \"test:repo:file:0\" (id SERIAL PRIMARY KEY,feature JSON,geom Geometry(POINT, 4326))","timestamp":"2014-11-14T02:25:28.531Z"}
{"level":"debug","message":"Selecting data select id, feature->>'properties' as props, feature->>'geometry' as geom from \"test:repo:file:0\" WHERE  (feature->'properties'->>'total precip') = '0.31' ORDER BY id","timestamp":"2014-11-14T02:25:28.572Z"}
{"level":"info","message":"CREATE TABLE \"test:repo:file:0\" (id SERIAL PRIMARY KEY,feature JSON,geom Geometry(POINT, 4326))","timestamp":"2014-11-14T02:25:28.581Z"}
{"level":"info","message":"CREATE TABLE \"test:snow:data:0\" (id SERIAL PRIMARY KEY,feature JSON,geom Geometry(POINT, 4326))","timestamp":"2014-11-14T02:25:28.628Z"}
{"level":"info","message":"CREATE TABLE \"test:repo:file:0\" (id SERIAL PRIMARY KEY,feature JSON,geom Geometry(POINT, 4326))","timestamp":"2014-11-14T02:25:28.642Z"}
{"level":"info","message":"CREATE TABLE \"test:german:data:0\" (id SERIAL PRIMARY KEY,feature JSON,geom Geometry(POINT, 4326))","timestamp":"2014-11-14T02:25:28.691Z"}
{"level":"debug","message":"Selecting data select id, feature->>'properties' as props, feature->>'geometry' as geom from \"test:german:data:0\" WHERE  (feature->'properties'->>'ID')::float::int >= 2894 AND  (feature->'properties'->>'ID') <= '2997' ORDER BY id","timestamp":"2014-11-14T02:25:28.733Z"}
{"level":"info","message":"CREATE TABLE \"test:repo:file:0\" (id SERIAL PRIMARY KEY,feature JSON,geom Geometry(POINT, 4326))","timestamp":"2014-11-14T02:25:28.745Z"}
{"level":"info","message":"CREATE TABLE \"test:german:data2:0\" (id SERIAL PRIMARY KEY,feature JSON,geom Geometry(POINT, 4326))","timestamp":"2014-11-14T02:25:28.789Z"}
{"level":"debug","message":"Selecting data select id, feature->>'properties' as props, feature->>'geometry' as geom from \"test:german:data2:0\" WHERE  (feature->'properties'->>'ID')::float::int >= 2894 AND  (feature->'properties'->>'ID')::float::int <= 2997 AND  (feature->'properties'->>'Land') ilike '%germany%' AND  (feature->'properties'->>'Art') ilike '%BRL%' ORDER BY id","timestamp":"2014-11-14T02:25:28.824Z"}
{"level":"info","message":"CREATE TABLE \"test:repo:file:0\" (id SERIAL PRIMARY KEY,feature JSON,geom Geometry(POINT, 4326))","timestamp":"2014-11-14T02:25:28.842Z"}
{"level":"info","message":"CREATE TABLE \"test:german:data3:0\" (id SERIAL PRIMARY KEY,feature JSON,geom Geometry(POINT, 4326))","timestamp":"2014-11-14T02:25:28.889Z"}
{"level":"debug","message":"Selecting data select id, feature->>'properties' as props, feature->>'geometry' as geom from \"test:german:data3:0\" WHERE  (feature->'properties'->>'ID')::float::int >= 2894 AND  (feature->'properties'->>'ID')::float::int <= 3401 AND  (feature->'properties'->>'Art') = 'BRL' AND ( (feature->'properties'->>'Land') = 'Germany' OR  (feature->'properties'->>'Land') = 'Poland') ORDER BY id","timestamp":"2014-11-14T02:25:28.924Z"}
{"level":"info","message":"CREATE TABLE \"test:repo:file:0\" (id SERIAL PRIMARY KEY,feature JSON,geom Geometry(POINT, 4326))","timestamp":"2014-11-14T02:25:28.937Z"}
{"level":"info","message":"CREATE TABLE \"test:german:data2:0\" (id SERIAL PRIMARY KEY,feature JSON,geom Geometry(POINT, 4326))","timestamp":"2014-11-14T02:25:28.985Z"}
{"level":"debug","message":"Selecting data select id, feature->>'properties' as props, feature->>'geometry' as geom from \"test:german:data2:0\" WHERE ST_GeomFromGeoJSON(feature->>'geometry') && ST_SetSRID('BOX3D(11.296916335529545 50.976109119993865,14.273970437121521 52.39566469623532)'::box3d,4326) ORDER BY id","timestamp":"2014-11-14T02:25:29.063Z"}
{"level":"info","message":"CREATE TABLE \"test:repo:file:0\" (id SERIAL PRIMARY KEY,feature JSON,geom Geometry(POINT, 4326))","timestamp":"2014-11-14T02:25:29.131Z"}
{"level":"debug","message":"Get Count 417 select count(*) as count from \"test:repo:file:0\"","timestamp":"2014-11-14T02:25:29.175Z"}
{"level":"info","message":"CREATE TABLE \"repo:test:repo:file:0\" (id SERIAL PRIMARY KEY,feature JSON,geom Geometry(POINT, 4326))","timestamp":"2014-11-17T16:42:04.465Z"}
{"level":"info","message":"CREATE TABLE \"repo:test:repo:file:0\" (id SERIAL PRIMARY KEY,feature JSON,geom Geometry(POINT, 4326))","timestamp":"2014-11-17T16:42:04.589Z"}
{"level":"debug","message":"Selecting data select id, feature->>'properties' as props, feature->>'geometry' as geom from \"repo:test:repo:file:0\" ORDER BY id","timestamp":"2014-11-17T16:42:04.653Z"}
{"level":"info","message":"File does not exist on S3 chelm-koop-shoot-local null dummy.png","timestamp":"2014-11-17T16:42:05.277Z"}
{"level":"info","message":"Uploaded file to s3 chelm-koop-shoot-local/ test.json","timestamp":"2014-11-17T16:42:07.275Z"}
{"level":"info","message":"File exists on S3 chelm-koop-shoot-local test.json","timestamp":"2014-11-17T16:42:07.724Z"}
{"level":"info","message":"Uploaded file to s3 chelm-koop-shoot-local/test test.json","timestamp":"2014-11-17T16:42:09.837Z"}
{"level":"info","message":"File exists on S3 chelm-koop-shoot-local test.json","timestamp":"2014-11-17T16:42:10.281Z"}
{"level":"info","message":"Uploaded file to s3 chelm-koop-shoot-local//test-rm test-rm.json","timestamp":"2014-11-17T16:42:11.324Z"}
{"level":"info","message":"Removed file from s3 chelm-koop-shoot-local test-rm.json","timestamp":"2014-11-17T16:42:11.793Z"}
{"level":"info","message":"File does not exist on S3 chelm-koop-shoot-local /test-rm test-rm.json","timestamp":"2014-11-17T16:42:12.212Z"}
{"level":"info","message":"Uploaded file to s3 chelm-koop-shoot-local/subdir test2.json","timestamp":"2014-11-17T16:42:13.203Z"}
{"level":"debug","message":"Delete subdir subdir/test2.json","timestamp":"2014-11-17T16:42:14.654Z"}
{"level":"info","message":"Removed Bucket from s3 subdir %s","timestamp":"2014-11-17T16:42:14.657Z"}
{"level":"info","message":"File does not exist on S3 chelm-koop-shoot-local subdir test2.json","timestamp":"2014-11-17T16:42:15.095Z"}
{"level":"info","message":"CREATE TABLE \"test:repo:file:0\" (id SERIAL PRIMARY KEY,feature JSON,geom Geometry(POINT, 4326))","timestamp":"2014-11-17T16:42:15.165Z"}
{"level":"info","message":"CREATE TABLE \"test:repo:file:0\" (id SERIAL PRIMARY KEY,feature JSON,geom Geometry(POINT, 4326))","timestamp":"2014-11-17T16:42:15.248Z"}
{"level":"info","message":"CREATE TABLE \"test:repo:file:0\" (id SERIAL PRIMARY KEY,feature JSON,geom Geometry(POINT, 4326))","timestamp":"2014-11-17T16:42:15.308Z"}
{"level":"debug","message":"Updating info test:repo:file:0 undefined","timestamp":"2014-11-17T16:42:15.394Z"}
{"level":"info","message":"CREATE TABLE \"test:repo:file:0\" (id SERIAL PRIMARY KEY,feature JSON,geom Geometry(POINT, 4326))","timestamp":"2014-11-17T16:42:15.401Z"}
{"level":"info","message":"CREATE TABLE \"test:snow:data:0\" (id SERIAL PRIMARY KEY,feature JSON,geom Geometry(POINT, 4326))","timestamp":"2014-11-17T16:42:15.447Z"}
{"level":"info","message":"CREATE TABLE \"test:repo:file:0\" (id SERIAL PRIMARY KEY,feature JSON,geom Geometry(POINT, 4326))","timestamp":"2014-11-17T16:42:15.494Z"}
{"level":"debug","message":"Selecting data select id, feature->>'properties' as props, feature->>'geometry' as geom from \"test:repo:file:0\" ORDER BY id","timestamp":"2014-11-17T16:42:15.538Z"}
{"level":"info","message":"CREATE TABLE \"test:repo:file:0\" (id SERIAL PRIMARY KEY,feature JSON,geom Geometry(POINT, 4326))","timestamp":"2014-11-17T16:42:15.549Z"}
{"level":"debug","message":"Selecting data select id, feature->>'properties' as props, feature->>'geometry' as geom from \"test:repo:file:0\" WHERE  (feature->'properties'->>'total precip') = '0.31' ORDER BY id","timestamp":"2014-11-17T16:42:15.594Z"}
{"level":"info","message":"CREATE TABLE \"test:repo:file:0\" (id SERIAL PRIMARY KEY,feature JSON,geom Geometry(POINT, 4326))","timestamp":"2014-11-17T16:42:15.602Z"}
{"level":"info","message":"CREATE TABLE \"test:snow:data:0\" (id SERIAL PRIMARY KEY,feature JSON,geom Geometry(POINT, 4326))","timestamp":"2014-11-17T16:42:15.644Z"}
{"level":"info","message":"CREATE TABLE \"test:repo:file:0\" (id SERIAL PRIMARY KEY,feature JSON,geom Geometry(POINT, 4326))","timestamp":"2014-11-17T16:42:15.657Z"}
{"level":"info","message":"CREATE TABLE \"test:german:data:0\" (id SERIAL PRIMARY KEY,feature JSON,geom Geometry(POINT, 4326))","timestamp":"2014-11-17T16:42:15.708Z"}
{"level":"debug","message":"Selecting data select id, feature->>'properties' as props, feature->>'geometry' as geom from \"test:german:data:0\" WHERE  (feature->'properties'->>'ID')::float::int >= 2894 AND  (feature->'properties'->>'ID') <= '2997' ORDER BY id","timestamp":"2014-11-17T16:42:15.758Z"}
{"level":"info","message":"CREATE TABLE \"test:repo:file:0\" (id SERIAL PRIMARY KEY,feature JSON,geom Geometry(POINT, 4326))","timestamp":"2014-11-17T16:42:15.771Z"}
{"level":"info","message":"CREATE TABLE \"test:german:data2:0\" (id SERIAL PRIMARY KEY,feature JSON,geom Geometry(POINT, 4326))","timestamp":"2014-11-17T16:42:15.814Z"}
{"level":"debug","message":"Selecting data select id, feature->>'properties' as props, feature->>'geometry' as geom from \"test:german:data2:0\" WHERE  (feature->'properties'->>'ID')::float::int >= 2894 AND  (feature->'properties'->>'ID')::float::int <= 2997 AND  (feature->'properties'->>'Land') ilike '%germany%' AND  (feature->'properties'->>'Art') ilike '%BRL%' ORDER BY id","timestamp":"2014-11-17T16:42:15.850Z"}
{"level":"info","message":"CREATE TABLE \"test:repo:file:0\" (id SERIAL PRIMARY KEY,feature JSON,geom Geometry(POINT, 4326))","timestamp":"2014-11-17T16:42:15.866Z"}
{"level":"info","message":"CREATE TABLE \"test:german:data3:0\" (id SERIAL PRIMARY KEY,feature JSON,geom Geometry(POINT, 4326))","timestamp":"2014-11-17T16:42:15.917Z"}
{"level":"debug","message":"Selecting data select id, feature->>'properties' as props, feature->>'geometry' as geom from \"test:german:data3:0\" WHERE  (feature->'properties'->>'ID')::float::int >= 2894 AND  (feature->'properties'->>'ID')::float::int <= 3401 AND  (feature->'properties'->>'Art') = 'BRL' AND ( (feature->'properties'->>'Land') = 'Germany' OR  (feature->'properties'->>'Land') = 'Poland') ORDER BY id","timestamp":"2014-11-17T16:42:15.958Z"}
{"level":"info","message":"CREATE TABLE \"test:repo:file:0\" (id SERIAL PRIMARY KEY,feature JSON,geom Geometry(POINT, 4326))","timestamp":"2014-11-17T16:42:15.972Z"}
{"level":"info","message":"CREATE TABLE \"test:german:data2:0\" (id SERIAL PRIMARY KEY,feature JSON,geom Geometry(POINT, 4326))","timestamp":"2014-11-17T16:42:16.043Z"}
{"level":"debug","message":"Selecting data select id, feature->>'properties' as props, feature->>'geometry' as geom from \"test:german:data2:0\" WHERE ST_GeomFromGeoJSON(feature->>'geometry') && ST_SetSRID('BOX3D(11.296916335529545 50.976109119993865,14.273970437121521 52.39566469623532)'::box3d,4326) ORDER BY id","timestamp":"2014-11-17T16:42:16.130Z"}
{"level":"info","message":"CREATE TABLE \"test:repo:file:0\" (id SERIAL PRIMARY KEY,feature JSON,geom Geometry(POINT, 4326))","timestamp":"2014-11-17T16:42:16.184Z"}
{"level":"debug","message":"Get Count 417 select count(*) as count from \"test:repo:file:0\"","timestamp":"2014-11-17T16:42:16.231Z"}
{"level":"info","message":"CREATE TABLE \"repo:test:repo:file:0\" (id SERIAL PRIMARY KEY,feature JSON,geom Geometry(POINT, 4326))","timestamp":"2014-11-18T01:36:36.364Z"}
{"level":"info","message":"CREATE TABLE \"repo:test:repo:file:0\" (id SERIAL PRIMARY KEY,feature JSON,geom Geometry(POINT, 4326))","timestamp":"2014-11-18T01:36:36.479Z"}
{"level":"debug","message":"Selecting data select id, feature->>'properties' as props, feature->>'geometry' as geom from \"repo:test:repo:file:0\" ORDER BY id","timestamp":"2014-11-18T01:36:36.530Z"}
{"level":"info","message":"File does not exist on S3 chelm-koop-shoot-local null dummy.png","timestamp":"2014-11-18T01:36:37.541Z"}
{"level":"info","message":"Uploaded file to s3 chelm-koop-shoot-local/ test.json","timestamp":"2014-11-18T01:36:39.786Z"}
{"level":"info","message":"File exists on S3 chelm-koop-shoot-local test.json","timestamp":"2014-11-18T01:36:40.256Z"}
{"level":"info","message":"Uploaded file to s3 chelm-koop-shoot-local/test test.json","timestamp":"2014-11-18T01:36:41.331Z"}
{"level":"info","message":"File exists on S3 chelm-koop-shoot-local test.json","timestamp":"2014-11-18T01:36:41.816Z"}
{"level":"info","message":"Uploaded file to s3 chelm-koop-shoot-local//test-rm test-rm.json","timestamp":"2014-11-18T01:36:42.834Z"}
{"level":"info","message":"Removed file from s3 chelm-koop-shoot-local test-rm.json","timestamp":"2014-11-18T01:36:43.303Z"}
{"level":"info","message":"File does not exist on S3 chelm-koop-shoot-local /test-rm test-rm.json","timestamp":"2014-11-18T01:36:43.731Z"}
{"level":"info","message":"Uploaded file to s3 chelm-koop-shoot-local/subdir test2.json","timestamp":"2014-11-18T01:36:44.851Z"}
{"level":"info","message":"Removed Bucket from s3 subdir %s","timestamp":"2014-11-18T01:36:46.393Z"}
{"level":"debug","message":"Delete subdir subdir/test2.json","timestamp":"2014-11-18T01:36:46.396Z"}
{"level":"info","message":"File does not exist on S3 chelm-koop-shoot-local subdir test2.json","timestamp":"2014-11-18T01:36:46.827Z"}
{"level":"info","message":"CREATE TABLE \"test:repo:file:0\" (id SERIAL PRIMARY KEY,feature JSON,geom Geometry(POINT, 4326))","timestamp":"2014-11-18T01:36:46.866Z"}
{"level":"info","message":"CREATE TABLE \"test:repo:file:0\" (id SERIAL PRIMARY KEY,feature JSON,geom Geometry(POINT, 4326))","timestamp":"2014-11-18T01:36:46.956Z"}
{"level":"info","message":"CREATE TABLE \"test:repo:file:0\" (id SERIAL PRIMARY KEY,feature JSON,geom Geometry(POINT, 4326))","timestamp":"2014-11-18T01:36:47.045Z"}
{"level":"debug","message":"Updating info test:repo:file:0 undefined","timestamp":"2014-11-18T01:36:47.093Z"}
{"level":"info","message":"CREATE TABLE \"test:repo:file:0\" (id SERIAL PRIMARY KEY,feature JSON,geom Geometry(POINT, 4326))","timestamp":"2014-11-18T01:36:47.099Z"}
{"level":"info","message":"CREATE TABLE \"test:snow:data:0\" (id SERIAL PRIMARY KEY,feature JSON,geom Geometry(POINT, 4326))","timestamp":"2014-11-18T01:36:47.161Z"}
{"level":"info","message":"CREATE TABLE \"test:repo:file:0\" (id SERIAL PRIMARY KEY,feature JSON,geom Geometry(POINT, 4326))","timestamp":"2014-11-18T01:36:47.222Z"}
{"level":"debug","message":"Selecting data select id, feature->>'properties' as props, feature->>'geometry' as geom from \"test:repo:file:0\" ORDER BY id","timestamp":"2014-11-18T01:36:47.271Z"}
{"level":"info","message":"CREATE TABLE \"test:repo:file:0\" (id SERIAL PRIMARY KEY,feature JSON,geom Geometry(POINT, 4326))","timestamp":"2014-11-18T01:36:47.287Z"}
{"level":"debug","message":"Selecting data select id, feature->>'properties' as props, feature->>'geometry' as geom from \"test:repo:file:0\" WHERE  (feature->'properties'->>'total precip') = '0.31' ORDER BY id","timestamp":"2014-11-18T01:36:47.331Z"}
{"level":"info","message":"CREATE TABLE \"test:repo:file:0\" (id SERIAL PRIMARY KEY,feature JSON,geom Geometry(POINT, 4326))","timestamp":"2014-11-18T01:36:47.341Z"}
{"level":"info","message":"CREATE TABLE \"test:snow:data:0\" (id SERIAL PRIMARY KEY,feature JSON,geom Geometry(POINT, 4326))","timestamp":"2014-11-18T01:36:47.384Z"}
{"level":"info","message":"CREATE TABLE \"test:repo:file:0\" (id SERIAL PRIMARY KEY,feature JSON,geom Geometry(POINT, 4326))","timestamp":"2014-11-18T01:36:47.398Z"}
{"level":"info","message":"CREATE TABLE \"test:german:data:0\" (id SERIAL PRIMARY KEY,feature JSON,geom Geometry(POINT, 4326))","timestamp":"2014-11-18T01:36:47.450Z"}
{"level":"debug","message":"Selecting data select id, feature->>'properties' as props, feature->>'geometry' as geom from \"test:german:data:0\" WHERE  (feature->'properties'->>'ID')::float::int >= 2894 AND  (feature->'properties'->>'ID') <= '2997' ORDER BY id","timestamp":"2014-11-18T01:36:47.484Z"}
{"level":"info","message":"CREATE TABLE \"test:repo:file:0\" (id SERIAL PRIMARY KEY,feature JSON,geom Geometry(POINT, 4326))","timestamp":"2014-11-18T01:36:47.496Z"}
{"level":"info","message":"CREATE TABLE \"test:german:data2:0\" (id SERIAL PRIMARY KEY,feature JSON,geom Geometry(POINT, 4326))","timestamp":"2014-11-18T01:36:47.545Z"}
{"level":"debug","message":"Selecting data select id, feature->>'properties' as props, feature->>'geometry' as geom from \"test:german:data2:0\" WHERE  (feature->'properties'->>'ID')::float::int >= 2894 AND  (feature->'properties'->>'ID')::float::int <= 2997 AND  (feature->'properties'->>'Land') ilike '%germany%' AND  (feature->'properties'->>'Art') ilike '%BRL%' ORDER BY id","timestamp":"2014-11-18T01:36:47.584Z"}
{"level":"info","message":"CREATE TABLE \"test:repo:file:0\" (id SERIAL PRIMARY KEY,feature JSON,geom Geometry(POINT, 4326))","timestamp":"2014-11-18T01:36:47.601Z"}
{"level":"info","message":"CREATE TABLE \"test:german:data3:0\" (id SERIAL PRIMARY KEY,feature JSON,geom Geometry(POINT, 4326))","timestamp":"2014-11-18T01:36:47.647Z"}
{"level":"debug","message":"Selecting data select id, feature->>'properties' as props, feature->>'geometry' as geom from \"test:german:data3:0\" WHERE  (feature->'properties'->>'ID')::float::int >= 2894 AND  (feature->'properties'->>'ID')::float::int <= 3401 AND  (feature->'properties'->>'Art') = 'BRL' AND ( (feature->'properties'->>'Land') = 'Germany' OR  (feature->'properties'->>'Land') = 'Poland') ORDER BY id","timestamp":"2014-11-18T01:36:47.681Z"}
{"level":"info","message":"CREATE TABLE \"test:repo:file:0\" (id SERIAL PRIMARY KEY,feature JSON,geom Geometry(POINT, 4326))","timestamp":"2014-11-18T01:36:47.694Z"}
{"level":"info","message":"CREATE TABLE \"test:german:data2:0\" (id SERIAL PRIMARY KEY,feature JSON,geom Geometry(POINT, 4326))","timestamp":"2014-11-18T01:36:47.739Z"}
{"level":"debug","message":"Selecting data select id, feature->>'properties' as props, feature->>'geometry' as geom from \"test:german:data2:0\" WHERE ST_GeomFromGeoJSON(feature->>'geometry') && ST_SetSRID('BOX3D(11.296916335529545 50.976109119993865,14.273970437121521 52.39566469623532)'::box3d,4326) ORDER BY id","timestamp":"2014-11-18T01:36:47.815Z"}
{"level":"info","message":"CREATE TABLE \"test:repo:file:0\" (id SERIAL PRIMARY KEY,feature JSON,geom Geometry(POINT, 4326))","timestamp":"2014-11-18T01:36:47.871Z"}
{"level":"debug","message":"Get Count 417 select count(*) as count from \"test:repo:file:0\"","timestamp":"2014-11-18T01:36:47.916Z"}
{"level":"info","message":"CREATE TABLE \"repo:test:repo:file:0\" (id SERIAL PRIMARY KEY,feature JSON,geom Geometry(POINT, 4326))","timestamp":"2014-11-18T02:18:35.559Z"}
{"level":"info","message":"CREATE TABLE \"repo:test:repo:file:0\" (id SERIAL PRIMARY KEY,feature JSON,geom Geometry(POINT, 4326))","timestamp":"2014-11-18T02:18:35.690Z"}
{"level":"debug","message":"Selecting data select id, feature->>'properties' as props, feature->>'geometry' as geom from \"repo:test:repo:file:0\" ORDER BY id","timestamp":"2014-11-18T02:18:35.769Z"}
{"level":"info","message":"File does not exist on S3 chelm-koop-shoot-local null dummy.png","timestamp":"2014-11-18T02:18:36.977Z"}
{"level":"info","message":"Uploaded file to s3 chelm-koop-shoot-local/ test.json","timestamp":"2014-11-18T02:18:39.615Z"}
{"level":"info","message":"File exists on S3 chelm-koop-shoot-local test.json","timestamp":"2014-11-18T02:18:40.188Z"}
{"level":"info","message":"Uploaded file to s3 chelm-koop-shoot-local/test test.json","timestamp":"2014-11-18T02:18:41.392Z"}
{"level":"info","message":"File exists on S3 chelm-koop-shoot-local test.json","timestamp":"2014-11-18T02:18:41.912Z"}
{"level":"info","message":"Uploaded file to s3 chelm-koop-shoot-local//test-rm test-rm.json","timestamp":"2014-11-18T02:18:43.198Z"}
{"level":"info","message":"Removed file from s3 chelm-koop-shoot-local test-rm.json","timestamp":"2014-11-18T02:18:43.745Z"}
{"level":"info","message":"File does not exist on S3 chelm-koop-shoot-local /test-rm test-rm.json","timestamp":"2014-11-18T02:18:44.292Z"}
{"level":"info","message":"Uploaded file to s3 chelm-koop-shoot-local/subdir test2.json","timestamp":"2014-11-18T02:18:45.508Z"}
{"level":"debug","message":"Delete subdir subdir/test2.json","timestamp":"2014-11-18T02:18:46.448Z"}
{"level":"info","message":"Removed Bucket from s3 subdir %s","timestamp":"2014-11-18T02:18:46.528Z"}
{"level":"info","message":"File does not exist on S3 chelm-koop-shoot-local subdir test2.json","timestamp":"2014-11-18T02:18:47.364Z"}
{"level":"info","message":"CREATE TABLE \"test:repo:file:0\" (id SERIAL PRIMARY KEY,feature JSON,geom Geometry(POINT, 4326))","timestamp":"2014-11-18T02:18:47.397Z"}
{"level":"info","message":"CREATE TABLE \"test:repo:file:0\" (id SERIAL PRIMARY KEY,feature JSON,geom Geometry(POINT, 4326))","timestamp":"2014-11-18T02:18:47.478Z"}
{"level":"info","message":"CREATE TABLE \"test:repo:file:0\" (id SERIAL PRIMARY KEY,feature JSON,geom Geometry(POINT, 4326))","timestamp":"2014-11-18T02:18:47.543Z"}
{"level":"debug","message":"Updating info test:repo:file:0 undefined","timestamp":"2014-11-18T02:18:47.608Z"}
{"level":"info","message":"CREATE TABLE \"test:repo:file:0\" (id SERIAL PRIMARY KEY,feature JSON,geom Geometry(POINT, 4326))","timestamp":"2014-11-18T02:18:47.616Z"}
{"level":"info","message":"CREATE TABLE \"test:snow:data:0\" (id SERIAL PRIMARY KEY,feature JSON,geom Geometry(POINT, 4326))","timestamp":"2014-11-18T02:18:47.665Z"}
{"level":"info","message":"CREATE TABLE \"test:repo:file:0\" (id SERIAL PRIMARY KEY,feature JSON,geom Geometry(POINT, 4326))","timestamp":"2014-11-18T02:18:47.718Z"}
{"level":"debug","message":"Selecting data select id, feature->>'properties' as props, feature->>'geometry' as geom from \"test:repo:file:0\" ORDER BY id","timestamp":"2014-11-18T02:18:47.759Z"}
{"level":"info","message":"CREATE TABLE \"test:repo:file:0\" (id SERIAL PRIMARY KEY,feature JSON,geom Geometry(POINT, 4326))","timestamp":"2014-11-18T02:18:47.770Z"}
{"level":"debug","message":"Selecting data select id, feature->>'properties' as props, feature->>'geometry' as geom from \"test:repo:file:0\" WHERE  (feature->'properties'->>'total precip') = '0.31' ORDER BY id","timestamp":"2014-11-18T02:18:47.819Z"}
{"level":"info","message":"CREATE TABLE \"test:repo:file:0\" (id SERIAL PRIMARY KEY,feature JSON,geom Geometry(POINT, 4326))","timestamp":"2014-11-18T02:18:47.828Z"}
{"level":"info","message":"CREATE TABLE \"test:snow:data:0\" (id SERIAL PRIMARY KEY,feature JSON,geom Geometry(POINT, 4326))","timestamp":"2014-11-18T02:18:47.870Z"}
{"level":"info","message":"CREATE TABLE \"test:repo:file:0\" (id SERIAL PRIMARY KEY,feature JSON,geom Geometry(POINT, 4326))","timestamp":"2014-11-18T02:18:47.884Z"}
{"level":"info","message":"CREATE TABLE \"test:german:data:0\" (id SERIAL PRIMARY KEY,feature JSON,geom Geometry(POINT, 4326))","timestamp":"2014-11-18T02:18:47.934Z"}
{"level":"debug","message":"Selecting data select id, feature->>'properties' as props, feature->>'geometry' as geom from \"test:german:data:0\" WHERE  (feature->'properties'->>'ID')::float::int >= 2894 AND  (feature->'properties'->>'ID') <= '2997' ORDER BY id","timestamp":"2014-11-18T02:18:47.987Z"}
{"level":"info","message":"CREATE TABLE \"test:repo:file:0\" (id SERIAL PRIMARY KEY,feature JSON,geom Geometry(POINT, 4326))","timestamp":"2014-11-18T02:18:48.000Z"}
{"level":"info","message":"CREATE TABLE \"test:german:data2:0\" (id SERIAL PRIMARY KEY,feature JSON,geom Geometry(POINT, 4326))","timestamp":"2014-11-18T02:18:48.046Z"}
{"level":"debug","message":"Selecting data select id, feature->>'properties' as props, feature->>'geometry' as geom from \"test:german:data2:0\" WHERE  (feature->'properties'->>'ID')::float::int >= 2894 AND  (feature->'properties'->>'ID')::float::int <= 2997 AND  (feature->'properties'->>'Land') ilike '%germany%' AND  (feature->'properties'->>'Art') ilike '%BRL%' ORDER BY id","timestamp":"2014-11-18T02:18:48.080Z"}
{"level":"info","message":"CREATE TABLE \"test:repo:file:0\" (id SERIAL PRIMARY KEY,feature JSON,geom Geometry(POINT, 4326))","timestamp":"2014-11-18T02:18:48.120Z"}
{"level":"info","message":"CREATE TABLE \"test:german:data3:0\" (id SERIAL PRIMARY KEY,feature JSON,geom Geometry(POINT, 4326))","timestamp":"2014-11-18T02:18:48.159Z"}
{"level":"debug","message":"Selecting data select id, feature->>'properties' as props, feature->>'geometry' as geom from \"test:german:data3:0\" WHERE  (feature->'properties'->>'ID')::float::int >= 2894 AND  (feature->'properties'->>'ID')::float::int <= 3401 AND  (feature->'properties'->>'Art') = 'BRL' AND ( (feature->'properties'->>'Land') = 'Germany' OR  (feature->'properties'->>'Land') = 'Poland') ORDER BY id","timestamp":"2014-11-18T02:18:48.193Z"}
{"level":"info","message":"CREATE TABLE \"test:repo:file:0\" (id SERIAL PRIMARY KEY,feature JSON,geom Geometry(POINT, 4326))","timestamp":"2014-11-18T02:18:48.207Z"}
{"level":"info","message":"CREATE TABLE \"test:german:data2:0\" (id SERIAL PRIMARY KEY,feature JSON,geom Geometry(POINT, 4326))","timestamp":"2014-11-18T02:18:48.261Z"}
{"level":"debug","message":"Selecting data select id, feature->>'properties' as props, feature->>'geometry' as geom from \"test:german:data2:0\" WHERE ST_GeomFromGeoJSON(feature->>'geometry') && ST_SetSRID('BOX3D(11.296916335529545 50.976109119993865,14.273970437121521 52.39566469623532)'::box3d,4326) ORDER BY id","timestamp":"2014-11-18T02:18:48.351Z"}
{"level":"info","message":"CREATE TABLE \"test:repo:file:0\" (id SERIAL PRIMARY KEY,feature JSON,geom Geometry(POINT, 4326))","timestamp":"2014-11-18T02:18:48.407Z"}
{"level":"debug","message":"Get Count 417 select count(*) as count from \"test:repo:file:0\"","timestamp":"2014-11-18T02:18:48.459Z"}
{"level":"info","message":"CREATE TABLE \"repo:test:repo:file:0\" (id SERIAL PRIMARY KEY,feature JSON,geom Geometry(POINT, 4326))","timestamp":"2014-11-20T18:09:52.000Z"}
{"level":"info","message":"CREATE TABLE \"repo:test:repo:file:0\" (id SERIAL PRIMARY KEY,feature JSON,geom Geometry(POINT, 4326))","timestamp":"2014-11-20T18:09:52.193Z"}
{"level":"debug","message":"Selecting data select id, feature->>'properties' as props, feature->>'geometry' as geom from \"repo:test:repo:file:0\" ORDER BY id","timestamp":"2014-11-20T18:09:52.291Z"}
{"level":"info","message":"File does not exist on S3 chelm-koop-shoot-local null dummy.png","timestamp":"2014-11-20T18:09:52.920Z"}
{"level":"info","message":"Uploaded file to s3 chelm-koop-shoot-local/ test.json","timestamp":"2014-11-20T18:09:55.282Z"}
{"level":"info","message":"File exists on S3 chelm-koop-shoot-local test.json","timestamp":"2014-11-20T18:09:55.713Z"}
{"level":"info","message":"Uploaded file to s3 chelm-koop-shoot-local/test test.json","timestamp":"2014-11-20T18:09:56.712Z"}
{"level":"info","message":"File exists on S3 chelm-koop-shoot-local test.json","timestamp":"2014-11-20T18:09:57.186Z"}
{"level":"info","message":"Uploaded file to s3 chelm-koop-shoot-local//test-rm test-rm.json","timestamp":"2014-11-20T18:09:58.178Z"}
{"level":"info","message":"Removed file from s3 chelm-koop-shoot-local test-rm.json","timestamp":"2014-11-20T18:09:58.584Z"}
{"level":"info","message":"File does not exist on S3 chelm-koop-shoot-local /test-rm test-rm.json","timestamp":"2014-11-20T18:09:59.085Z"}
{"level":"info","message":"Uploaded file to s3 chelm-koop-shoot-local/subdir test2.json","timestamp":"2014-11-20T18:10:00.175Z"}
{"level":"info","message":"Removed Bucket from s3 subdir %s","timestamp":"2014-11-20T18:10:01.651Z"}
{"level":"debug","message":"Delete subdir subdir/test2.json","timestamp":"2014-11-20T18:10:01.654Z"}
{"level":"info","message":"File does not exist on S3 chelm-koop-shoot-local subdir test2.json","timestamp":"2014-11-20T18:10:02.093Z"}
{"level":"info","message":"CREATE TABLE \"test:repo:file:0\" (id SERIAL PRIMARY KEY,feature JSON,geom Geometry(POINT, 4326))","timestamp":"2014-11-20T18:10:02.162Z"}
{"level":"info","message":"CREATE TABLE \"test:repo:file:0\" (id SERIAL PRIMARY KEY,feature JSON,geom Geometry(POINT, 4326))","timestamp":"2014-11-20T18:10:02.253Z"}
{"level":"info","message":"CREATE TABLE \"test:repo:file:0\" (id SERIAL PRIMARY KEY,feature JSON,geom Geometry(POINT, 4326))","timestamp":"2014-11-20T18:10:02.334Z"}
{"level":"debug","message":"Updating info test:repo:file:0 undefined","timestamp":"2014-11-20T18:10:02.418Z"}
{"level":"info","message":"CREATE TABLE \"test:repo:file:0\" (id SERIAL PRIMARY KEY,feature JSON,geom Geometry(POINT, 4326))","timestamp":"2014-11-20T18:10:02.425Z"}
{"level":"info","message":"CREATE TABLE \"test:snow:data:0\" (id SERIAL PRIMARY KEY,feature JSON,geom Geometry(POINT, 4326))","timestamp":"2014-11-20T18:10:02.488Z"}
{"level":"info","message":"CREATE TABLE \"test:repo:file:0\" (id SERIAL PRIMARY KEY,feature JSON,geom Geometry(POINT, 4326))","timestamp":"2014-11-20T18:10:02.545Z"}
{"level":"debug","message":"Selecting data select id, feature->>'properties' as props, feature->>'geometry' as geom from \"test:repo:file:0\" ORDER BY id","timestamp":"2014-11-20T18:10:02.602Z"}
{"level":"info","message":"CREATE TABLE \"test:repo:file:0\" (id SERIAL PRIMARY KEY,feature JSON,geom Geometry(POINT, 4326))","timestamp":"2014-11-20T18:10:02.614Z"}
{"level":"debug","message":"Selecting data select id, feature->>'properties' as props, feature->>'geometry' as geom from \"test:repo:file:0\" WHERE  (feature->'properties'->>'total precip') = '0.31' ORDER BY id","timestamp":"2014-11-20T18:10:02.657Z"}
{"level":"info","message":"CREATE TABLE \"test:repo:file:0\" (id SERIAL PRIMARY KEY,feature JSON,geom Geometry(POINT, 4326))","timestamp":"2014-11-20T18:10:02.667Z"}
{"level":"info","message":"CREATE TABLE \"test:snow:data:0\" (id SERIAL PRIMARY KEY,feature JSON,geom Geometry(POINT, 4326))","timestamp":"2014-11-20T18:10:02.716Z"}
{"level":"info","message":"CREATE TABLE \"test:repo:file:0\" (id SERIAL PRIMARY KEY,feature JSON,geom Geometry(POINT, 4326))","timestamp":"2014-11-20T18:10:02.730Z"}
{"level":"info","message":"CREATE TABLE \"test:german:data:0\" (id SERIAL PRIMARY KEY,feature JSON,geom Geometry(POINT, 4326))","timestamp":"2014-11-20T18:10:02.784Z"}
{"level":"debug","message":"Selecting data select id, feature->>'properties' as props, feature->>'geometry' as geom from \"test:german:data:0\" WHERE  (feature->'properties'->>'ID')::float::int >= 2894 AND  (feature->'properties'->>'ID') <= '2997' ORDER BY id","timestamp":"2014-11-20T18:10:02.843Z"}
{"level":"info","message":"CREATE TABLE \"test:repo:file:0\" (id SERIAL PRIMARY KEY,feature JSON,geom Geometry(POINT, 4326))","timestamp":"2014-11-20T18:10:02.878Z"}
{"level":"info","message":"CREATE TABLE \"test:german:data2:0\" (id SERIAL PRIMARY KEY,feature JSON,geom Geometry(POINT, 4326))","timestamp":"2014-11-20T18:10:02.930Z"}
{"level":"debug","message":"Selecting data select id, feature->>'properties' as props, feature->>'geometry' as geom from \"test:german:data2:0\" WHERE  (feature->'properties'->>'ID')::float::int >= 2894 AND  (feature->'properties'->>'ID')::float::int <= 2997 AND  (feature->'properties'->>'Land') ilike '%germany%' AND  (feature->'properties'->>'Art') ilike '%BRL%' ORDER BY id","timestamp":"2014-11-20T18:10:02.971Z"}
{"level":"info","message":"CREATE TABLE \"test:repo:file:0\" (id SERIAL PRIMARY KEY,feature JSON,geom Geometry(POINT, 4326))","timestamp":"2014-11-20T18:10:02.988Z"}
{"level":"info","message":"CREATE TABLE \"test:german:data3:0\" (id SERIAL PRIMARY KEY,feature JSON,geom Geometry(POINT, 4326))","timestamp":"2014-11-20T18:10:03.062Z"}
{"level":"debug","message":"Selecting data select id, feature->>'properties' as props, feature->>'geometry' as geom from \"test:german:data3:0\" WHERE  (feature->'properties'->>'ID')::float::int >= 2894 AND  (feature->'properties'->>'ID')::float::int <= 3401 AND  (feature->'properties'->>'Art') = 'BRL' AND ( (feature->'properties'->>'Land') = 'Germany' OR  (feature->'properties'->>'Land') = 'Poland') ORDER BY id","timestamp":"2014-11-20T18:10:03.099Z"}
{"level":"info","message":"CREATE TABLE \"test:repo:file:0\" (id SERIAL PRIMARY KEY,feature JSON,geom Geometry(POINT, 4326))","timestamp":"2014-11-20T18:10:03.117Z"}
{"level":"info","message":"CREATE TABLE \"test:german:data2:0\" (id SERIAL PRIMARY KEY,feature JSON,geom Geometry(POINT, 4326))","timestamp":"2014-11-20T18:10:03.177Z"}
{"level":"debug","message":"Selecting data select id, feature->>'properties' as props, feature->>'geometry' as geom from \"test:german:data2:0\" WHERE ST_GeomFromGeoJSON(feature->>'geometry') && ST_SetSRID('BOX3D(11.296916335529545 50.976109119993865,14.273970437121521 52.39566469623532)'::box3d,4326) ORDER BY id","timestamp":"2014-11-20T18:10:03.269Z"}
{"level":"info","message":"CREATE TABLE \"test:repo:file:0\" (id SERIAL PRIMARY KEY,feature JSON,geom Geometry(POINT, 4326))","timestamp":"2014-11-20T18:10:03.322Z"}
{"level":"debug","message":"Get Count 417 select count(*) as count from \"test:repo:file:0\"","timestamp":"2014-11-20T18:10:03.368Z"}
{"level":"info","message":"CREATE TABLE \"repo:test:repo:file:0\" (id SERIAL PRIMARY KEY,feature JSON,geom Geometry(POINT, 4326))","timestamp":"2014-12-26T19:24:16.104Z"}
{"level":"info","message":"CREATE TABLE \"repo:test:repo:file:0\" (id SERIAL PRIMARY KEY,feature JSON,geom Geometry(POINT, 4326))","timestamp":"2014-12-26T19:24:16.260Z"}
{"level":"debug","message":"Selecting data select id, feature->>'properties' as props, feature->>'geometry' as geom from \"repo:test:repo:file:0\" ORDER BY id","timestamp":"2014-12-26T19:24:16.328Z"}
{"level":"info","message":"File does not exist on S3 chelm-koop-shoot-local null dummy.png","timestamp":"2014-12-26T19:24:17.311Z"}
{"level":"info","message":"Uploaded file to s3 chelm-koop-shoot-local/ test.json","timestamp":"2014-12-26T19:24:19.289Z"}
{"level":"info","message":"File exists on S3 chelm-koop-shoot-local test.json","timestamp":"2014-12-26T19:24:19.705Z"}
{"level":"info","message":"Uploaded file to s3 chelm-koop-shoot-local/test test.json","timestamp":"2014-12-26T19:24:20.634Z"}
{"level":"info","message":"File exists on S3 chelm-koop-shoot-local test.json","timestamp":"2014-12-26T19:24:21.055Z"}
{"level":"info","message":"Uploaded file to s3 chelm-koop-shoot-local//test-rm test-rm.json","timestamp":"2014-12-26T19:24:21.931Z"}
{"level":"info","message":"Removed file from s3 chelm-koop-shoot-local test-rm.json","timestamp":"2014-12-26T19:24:22.335Z"}
{"level":"info","message":"File does not exist on S3 chelm-koop-shoot-local /test-rm test-rm.json","timestamp":"2014-12-26T19:24:22.749Z"}
{"level":"info","message":"Uploaded file to s3 chelm-koop-shoot-local/subdir test2.json","timestamp":"2014-12-26T19:24:23.693Z"}
{"level":"info","message":"Removed Bucket from s3 subdir %s","timestamp":"2014-12-26T19:24:25.168Z"}
{"level":"debug","message":"Delete subdir subdir/test2.json","timestamp":"2014-12-26T19:24:25.270Z"}
{"level":"info","message":"File does not exist on S3 chelm-koop-shoot-local subdir test2.json","timestamp":"2014-12-26T19:24:25.591Z"}
{"level":"info","message":"CREATE TABLE \"test:repo:file:0\" (id SERIAL PRIMARY KEY,feature JSON,geom Geometry(POINT, 4326))","timestamp":"2014-12-26T19:24:25.650Z"}
{"level":"info","message":"CREATE TABLE \"test:repo:file:0\" (id SERIAL PRIMARY KEY,feature JSON,geom Geometry(POINT, 4326))","timestamp":"2014-12-26T19:24:25.721Z"}
{"level":"info","message":"CREATE TABLE \"test:repo:file:0\" (id SERIAL PRIMARY KEY,feature JSON,geom Geometry(POINT, 4326))","timestamp":"2014-12-26T19:24:25.777Z"}
{"level":"debug","message":"Updating info test:repo:file:0 undefined","timestamp":"2014-12-26T19:24:25.827Z"}
{"level":"info","message":"CREATE TABLE \"test:repo:file:0\" (id SERIAL PRIMARY KEY,feature JSON,geom Geometry(POINT, 4326))","timestamp":"2014-12-26T19:24:25.834Z"}
{"level":"info","message":"CREATE TABLE \"test:snow:data:0\" (id SERIAL PRIMARY KEY,feature JSON,geom Geometry(POINT, 4326))","timestamp":"2014-12-26T19:24:25.887Z"}
{"level":"info","message":"CREATE TABLE \"test:repo:file:0\" (id SERIAL PRIMARY KEY,feature JSON,geom Geometry(POINT, 4326))","timestamp":"2014-12-26T19:24:25.951Z"}
{"level":"debug","message":"Selecting data select id, feature->>'properties' as props, feature->>'geometry' as geom from \"test:repo:file:0\" ORDER BY id","timestamp":"2014-12-26T19:24:26.006Z"}
{"level":"info","message":"CREATE TABLE \"test:repo:file:0\" (id SERIAL PRIMARY KEY,feature JSON,geom Geometry(POINT, 4326))","timestamp":"2014-12-26T19:24:26.028Z"}
{"level":"debug","message":"Selecting data select id, feature->>'properties' as props, feature->>'geometry' as geom from \"test:repo:file:0\" WHERE  (feature->'properties'->>'total precip') = '0.31' ORDER BY id","timestamp":"2014-12-26T19:24:26.077Z"}
{"level":"info","message":"CREATE TABLE \"test:repo:file:0\" (id SERIAL PRIMARY KEY,feature JSON,geom Geometry(POINT, 4326))","timestamp":"2014-12-26T19:24:26.087Z"}
{"level":"info","message":"CREATE TABLE \"test:snow:data:0\" (id SERIAL PRIMARY KEY,feature JSON,geom Geometry(POINT, 4326))","timestamp":"2014-12-26T19:24:26.129Z"}
{"level":"info","message":"CREATE TABLE \"test:repo:file:0\" (id SERIAL PRIMARY KEY,feature JSON,geom Geometry(POINT, 4326))","timestamp":"2014-12-26T19:24:26.147Z"}
{"level":"info","message":"CREATE TABLE \"test:german:data:0\" (id SERIAL PRIMARY KEY,feature JSON,geom Geometry(POINT, 4326))","timestamp":"2014-12-26T19:24:26.203Z"}
{"level":"debug","message":"Selecting data select id, feature->>'properties' as props, feature->>'geometry' as geom from \"test:german:data:0\" WHERE  (feature->'properties'->>'ID')::float::int >= 2894 AND  (feature->'properties'->>'ID') <= '2997' ORDER BY id","timestamp":"2014-12-26T19:24:26.249Z"}
{"level":"info","message":"CREATE TABLE \"test:repo:file:0\" (id SERIAL PRIMARY KEY,feature JSON,geom Geometry(POINT, 4326))","timestamp":"2014-12-26T19:24:26.266Z"}
{"level":"info","message":"CREATE TABLE \"test:german:data2:0\" (id SERIAL PRIMARY KEY,feature JSON,geom Geometry(POINT, 4326))","timestamp":"2014-12-26T19:24:26.321Z"}
{"level":"debug","message":"Selecting data select id, feature->>'properties' as props, feature->>'geometry' as geom from \"test:german:data2:0\" WHERE  (feature->'properties'->>'ID')::float::int >= 2894 AND  (feature->'properties'->>'ID')::float::int <= 2997 AND  (feature->'properties'->>'Land') ilike '%germany%' AND  (feature->'properties'->>'Art') ilike '%BRL%' ORDER BY id","timestamp":"2014-12-26T19:24:26.367Z"}
{"level":"info","message":"CREATE TABLE \"test:repo:file:0\" (id SERIAL PRIMARY KEY,feature JSON,geom Geometry(POINT, 4326))","timestamp":"2014-12-26T19:24:26.386Z"}
{"level":"info","message":"CREATE TABLE \"test:german:data3:0\" (id SERIAL PRIMARY KEY,feature JSON,geom Geometry(POINT, 4326))","timestamp":"2014-12-26T19:24:26.428Z"}
{"level":"debug","message":"Selecting data select id, feature->>'properties' as props, feature->>'geometry' as geom from \"test:german:data3:0\" WHERE  (feature->'properties'->>'ID')::float::int >= 2894 AND  (feature->'properties'->>'ID')::float::int <= 3401 AND  (feature->'properties'->>'Art') = 'BRL' AND ( (feature->'properties'->>'Land') = 'Germany' OR  (feature->'properties'->>'Land') = 'Poland') ORDER BY id","timestamp":"2014-12-26T19:24:26.457Z"}
{"level":"info","message":"CREATE TABLE \"test:repo:file:0\" (id SERIAL PRIMARY KEY,feature JSON,geom Geometry(POINT, 4326))","timestamp":"2014-12-26T19:24:26.470Z"}
{"level":"info","message":"CREATE TABLE \"test:german:data2:0\" (id SERIAL PRIMARY KEY,feature JSON,geom Geometry(POINT, 4326))","timestamp":"2014-12-26T19:24:26.513Z"}
{"level":"debug","message":"Selecting data select id, feature->>'properties' as props, feature->>'geometry' as geom from \"test:german:data2:0\" WHERE ST_GeomFromGeoJSON(feature->>'geometry') && ST_SetSRID('BOX3D(11.296916335529545 50.976109119993865,14.273970437121521 52.39566469623532)'::box3d,4326) ORDER BY id","timestamp":"2014-12-26T19:24:26.595Z"}
{"level":"info","message":"CREATE TABLE \"test:repo:file:0\" (id SERIAL PRIMARY KEY,feature JSON,geom Geometry(POINT, 4326))","timestamp":"2014-12-26T19:24:26.653Z"}
{"level":"debug","message":"Get Count 417 select count(*) as count from \"test:repo:file:0\"","timestamp":"2014-12-26T19:24:26.691Z"}
{"level":"info","message":"CREATE TABLE \"repo:test:repo:file:0\" (id SERIAL PRIMARY KEY,feature JSON,geom Geometry(POINT, 4326))","timestamp":"2015-01-20T16:26:26.459Z"}
{"level":"info","message":"CREATE TABLE \"repo:test:repo:file:0\" (id SERIAL PRIMARY KEY,feature JSON,geom Geometry(POINT, 4326))","timestamp":"2015-01-20T16:26:26.651Z"}
{"level":"debug","message":"Selecting data select id, feature->>'properties' as props, feature->>'geometry' as geom from \"repo:test:repo:file:0\" ORDER BY id","timestamp":"2015-01-20T16:26:26.726Z"}
{"level":"debug","message":"calling ogr2ogr: ogr2ogr --config SHAPE_ENCODING UTF-8 -f GeoJSON false/files/json/snow-data.json false/files/json/snow-dataf40df7d3cc4e207c38546960ed5ea6941a3a5fba.json -skipfailures -lco ENCODING=UTF-8","timestamp":"2015-01-20T16:26:26.754Z"}
{"level":"info","message":"File does not exist on S3 chelm-koop-shoot-local null dummy.png","timestamp":"2015-01-20T16:26:28.098Z"}
{"level":"info","message":"Uploaded file to s3 chelm-koop-shoot-local/ test.json","timestamp":"2015-01-20T16:26:30.700Z"}
{"level":"info","message":"File exists on S3 chelm-koop-shoot-local test.json","timestamp":"2015-01-20T16:26:31.160Z"}
{"level":"info","message":"Uploaded file to s3 chelm-koop-shoot-local/test test.json","timestamp":"2015-01-20T16:26:32.171Z"}
{"level":"info","message":"File exists on S3 chelm-koop-shoot-local test.json","timestamp":"2015-01-20T16:26:32.602Z"}
{"level":"info","message":"Uploaded file to s3 chelm-koop-shoot-local//test-rm test-rm.json","timestamp":"2015-01-20T16:26:33.561Z"}
{"level":"info","message":"Removed file from s3 chelm-koop-shoot-local test-rm.json","timestamp":"2015-01-20T16:26:33.975Z"}
{"level":"info","message":"File does not exist on S3 chelm-koop-shoot-local /test-rm test-rm.json","timestamp":"2015-01-20T16:26:34.409Z"}
{"level":"info","message":"Uploaded file to s3 chelm-koop-shoot-local/subdir test2.json","timestamp":"2015-01-20T16:26:35.391Z"}
{"level":"debug","message":"Delete subdir subdir/test2.json","timestamp":"2015-01-20T16:26:36.492Z"}
{"level":"info","message":"Removed Bucket from s3 subdir %s","timestamp":"2015-01-20T16:26:36.493Z"}
{"level":"info","message":"File does not exist on S3 chelm-koop-shoot-local subdir test2.json","timestamp":"2015-01-20T16:26:37.379Z"}
{"level":"info","message":"CREATE TABLE \"test:repo:file:0\" (id SERIAL PRIMARY KEY,feature JSON,geom Geometry(POINT, 4326))","timestamp":"2015-01-20T16:26:37.418Z"}
{"level":"info","message":"CREATE TABLE \"test:repo:file:0\" (id SERIAL PRIMARY KEY,feature JSON,geom Geometry(POINT, 4326))","timestamp":"2015-01-20T16:26:37.516Z"}
{"level":"info","message":"CREATE TABLE \"test:repo:file:0\" (id SERIAL PRIMARY KEY,feature JSON,geom Geometry(POINT, 4326))","timestamp":"2015-01-20T16:26:37.584Z"}
{"level":"debug","message":"Updating info test:repo:file:0 undefined","timestamp":"2015-01-20T16:26:37.640Z"}
{"level":"info","message":"CREATE TABLE \"test:repo:file:0\" (id SERIAL PRIMARY KEY,feature JSON,geom Geometry(POINT, 4326))","timestamp":"2015-01-20T16:26:37.647Z"}
{"level":"info","message":"CREATE TABLE \"test:snow:data:0\" (id SERIAL PRIMARY KEY,feature JSON,geom Geometry(POINT, 4326))","timestamp":"2015-01-20T16:26:37.703Z"}
{"level":"info","message":"CREATE TABLE \"test:repo:file:0\" (id SERIAL PRIMARY KEY,feature JSON,geom Geometry(POINT, 4326))","timestamp":"2015-01-20T16:26:37.770Z"}
{"level":"debug","message":"Selecting data select id, feature->>'properties' as props, feature->>'geometry' as geom from \"test:repo:file:0\" ORDER BY id","timestamp":"2015-01-20T16:26:37.827Z"}
{"level":"info","message":"CREATE TABLE \"test:repo:file:0\" (id SERIAL PRIMARY KEY,feature JSON,geom Geometry(POINT, 4326))","timestamp":"2015-01-20T16:26:37.853Z"}
{"level":"debug","message":"Selecting data select id, feature->>'properties' as props, feature->>'geometry' as geom from \"test:repo:file:0\" WHERE  (feature->'properties'->>'total precip') = '0.31' ORDER BY id","timestamp":"2015-01-20T16:26:37.904Z"}
{"level":"info","message":"CREATE TABLE \"test:repo:file:0\" (id SERIAL PRIMARY KEY,feature JSON,geom Geometry(POINT, 4326))","timestamp":"2015-01-20T16:26:37.913Z"}
{"level":"info","message":"CREATE TABLE \"test:snow:data:0\" (id SERIAL PRIMARY KEY,feature JSON,geom Geometry(POINT, 4326))","timestamp":"2015-01-20T16:26:37.963Z"}
{"level":"info","message":"CREATE TABLE \"test:repo:file:0\" (id SERIAL PRIMARY KEY,feature JSON,geom Geometry(POINT, 4326))","timestamp":"2015-01-20T16:26:38.001Z"}
{"level":"info","message":"CREATE TABLE \"test:german:data:0\" (id SERIAL PRIMARY KEY,feature JSON,geom Geometry(POINT, 4326))","timestamp":"2015-01-20T16:26:38.058Z"}
{"level":"debug","message":"Selecting data select id, feature->>'properties' as props, feature->>'geometry' as geom from \"test:german:data:0\" WHERE  (feature->'properties'->>'ID')::float::int >= 2894 AND  (feature->'properties'->>'ID') <= '2997' ORDER BY id","timestamp":"2015-01-20T16:26:38.121Z"}
{"level":"info","message":"CREATE TABLE \"test:repo:file:0\" (id SERIAL PRIMARY KEY,feature JSON,geom Geometry(POINT, 4326))","timestamp":"2015-01-20T16:26:38.140Z"}
{"level":"info","message":"CREATE TABLE \"test:german:data2:0\" (id SERIAL PRIMARY KEY,feature JSON,geom Geometry(POINT, 4326))","timestamp":"2015-01-20T16:26:38.194Z"}
{"level":"debug","message":"Selecting data select id, feature->>'properties' as props, feature->>'geometry' as geom from \"test:german:data2:0\" WHERE  (feature->'properties'->>'ID')::float::int >= 2894 AND  (feature->'properties'->>'ID')::float::int <= 2997 AND  (feature->'properties'->>'Land') ilike '%germany%' AND  (feature->'properties'->>'Art') ilike '%BRL%' ORDER BY id","timestamp":"2015-01-20T16:26:38.239Z"}
{"level":"info","message":"CREATE TABLE \"test:repo:file:0\" (id SERIAL PRIMARY KEY,feature JSON,geom Geometry(POINT, 4326))","timestamp":"2015-01-20T16:26:38.259Z"}
{"level":"info","message":"CREATE TABLE \"test:german:data3:0\" (id SERIAL PRIMARY KEY,feature JSON,geom Geometry(POINT, 4326))","timestamp":"2015-01-20T16:26:38.313Z"}
{"level":"debug","message":"Selecting data select id, feature->>'properties' as props, feature->>'geometry' as geom from \"test:german:data3:0\" WHERE  (feature->'properties'->>'ID')::float::int >= 2894 AND  (feature->'properties'->>'ID')::float::int <= 3401 AND  (feature->'properties'->>'Art') = 'BRL' AND ( (feature->'properties'->>'Land') = 'Germany' OR  (feature->'properties'->>'Land') = 'Poland') ORDER BY id","timestamp":"2015-01-20T16:26:38.356Z"}
{"level":"info","message":"CREATE TABLE \"test:repo:file:0\" (id SERIAL PRIMARY KEY,feature JSON,geom Geometry(POINT, 4326))","timestamp":"2015-01-20T16:26:38.370Z"}
{"level":"info","message":"CREATE TABLE \"test:german:data2:0\" (id SERIAL PRIMARY KEY,feature JSON,geom Geometry(POINT, 4326))","timestamp":"2015-01-20T16:26:38.418Z"}
{"level":"debug","message":"Selecting data select id, feature->>'properties' as props, feature->>'geometry' as geom from \"test:german:data2:0\" WHERE ST_GeomFromGeoJSON(feature->>'geometry') && ST_SetSRID('BOX3D(11.296916335529545 50.976109119993865,14.273970437121521 52.39566469623532)'::box3d,4326) ORDER BY id","timestamp":"2015-01-20T16:26:38.499Z"}
{"level":"info","message":"CREATE TABLE \"test:repo:file:0\" (id SERIAL PRIMARY KEY,feature JSON,geom Geometry(POINT, 4326))","timestamp":"2015-01-20T16:26:38.554Z"}
{"level":"debug","message":"Get Count 417 select count(*) as count from \"test:repo:file:0\"","timestamp":"2015-01-20T16:26:38.602Z"}
{"level":"info","message":"CREATE TABLE \"repo:test:repo:file:0\" (id SERIAL PRIMARY KEY,feature JSON,geom Geometry(POINT, 4326))","timestamp":"2015-01-20T16:28:11.202Z"}
{"level":"info","message":"CREATE TABLE \"repo:test:repo:file:0\" (id SERIAL PRIMARY KEY,feature JSON,geom Geometry(POINT, 4326))","timestamp":"2015-01-20T16:28:11.326Z"}
{"level":"debug","message":"Selecting data select id, feature->>'properties' as props, feature->>'geometry' as geom from \"repo:test:repo:file:0\" ORDER BY id","timestamp":"2015-01-20T16:28:11.403Z"}
{"level":"info","message":"File does not exist on S3 chelm-koop-shoot-local null dummy.png","timestamp":"2015-01-20T16:28:12.488Z"}
{"level":"info","message":"Uploaded file to s3 chelm-koop-shoot-local/ test.json","timestamp":"2015-01-20T16:28:14.894Z"}
{"level":"info","message":"File exists on S3 chelm-koop-shoot-local test.json","timestamp":"2015-01-20T16:28:15.393Z"}
{"level":"info","message":"Uploaded file to s3 chelm-koop-shoot-local/test test.json","timestamp":"2015-01-20T16:28:16.559Z"}
{"level":"info","message":"File exists on S3 chelm-koop-shoot-local test.json","timestamp":"2015-01-20T16:28:17.073Z"}
{"level":"info","message":"Uploaded file to s3 chelm-koop-shoot-local//test-rm test-rm.json","timestamp":"2015-01-20T16:28:18.140Z"}
{"level":"info","message":"Removed file from s3 chelm-koop-shoot-local test-rm.json","timestamp":"2015-01-20T16:28:18.600Z"}
{"level":"info","message":"File does not exist on S3 chelm-koop-shoot-local /test-rm test-rm.json","timestamp":"2015-01-20T16:28:19.265Z"}
{"level":"info","message":"Uploaded file to s3 chelm-koop-shoot-local/subdir test2.json","timestamp":"2015-01-20T16:28:20.420Z"}
{"level":"info","message":"Removed Bucket from s3 subdir %s","timestamp":"2015-01-20T16:28:21.852Z"}
{"level":"debug","message":"Delete subdir subdir/test2.json","timestamp":"2015-01-20T16:28:21.891Z"}
{"level":"info","message":"File does not exist on S3 chelm-koop-shoot-local subdir test2.json","timestamp":"2015-01-20T16:28:22.340Z"}
{"level":"info","message":"CREATE TABLE \"test:repo:file:0\" (id SERIAL PRIMARY KEY,feature JSON,geom Geometry(POINT, 4326))","timestamp":"2015-01-20T16:28:22.367Z"}
{"level":"info","message":"CREATE TABLE \"test:repo:file:0\" (id SERIAL PRIMARY KEY,feature JSON,geom Geometry(POINT, 4326))","timestamp":"2015-01-20T16:28:22.457Z"}
{"level":"info","message":"CREATE TABLE \"test:repo:file:0\" (id SERIAL PRIMARY KEY,feature JSON,geom Geometry(POINT, 4326))","timestamp":"2015-01-20T16:28:22.521Z"}
{"level":"debug","message":"Updating info test:repo:file:0 undefined","timestamp":"2015-01-20T16:28:22.577Z"}
{"level":"info","message":"CREATE TABLE \"test:repo:file:0\" (id SERIAL PRIMARY KEY,feature JSON,geom Geometry(POINT, 4326))","timestamp":"2015-01-20T16:28:22.583Z"}
{"level":"info","message":"CREATE TABLE \"test:snow:data:0\" (id SERIAL PRIMARY KEY,feature JSON,geom Geometry(POINT, 4326))","timestamp":"2015-01-20T16:28:22.640Z"}
{"level":"info","message":"CREATE TABLE \"test:repo:file:0\" (id SERIAL PRIMARY KEY,feature JSON,geom Geometry(POINT, 4326))","timestamp":"2015-01-20T16:28:22.705Z"}
{"level":"debug","message":"Selecting data select id, feature->>'properties' as props, feature->>'geometry' as geom from \"test:repo:file:0\" ORDER BY id","timestamp":"2015-01-20T16:28:22.762Z"}
{"level":"info","message":"CREATE TABLE \"test:repo:file:0\" (id SERIAL PRIMARY KEY,feature JSON,geom Geometry(POINT, 4326))","timestamp":"2015-01-20T16:28:22.787Z"}
{"level":"debug","message":"Selecting data select id, feature->>'properties' as props, feature->>'geometry' as geom from \"test:repo:file:0\" WHERE  (feature->'properties'->>'total precip') = '0.31' ORDER BY id","timestamp":"2015-01-20T16:28:22.840Z"}
{"level":"info","message":"CREATE TABLE \"test:repo:file:0\" (id SERIAL PRIMARY KEY,feature JSON,geom Geometry(POINT, 4326))","timestamp":"2015-01-20T16:28:22.850Z"}
{"level":"info","message":"CREATE TABLE \"test:snow:data:0\" (id SERIAL PRIMARY KEY,feature JSON,geom Geometry(POINT, 4326))","timestamp":"2015-01-20T16:28:22.899Z"}
{"level":"info","message":"CREATE TABLE \"test:repo:file:0\" (id SERIAL PRIMARY KEY,feature JSON,geom Geometry(POINT, 4326))","timestamp":"2015-01-20T16:28:22.914Z"}
{"level":"info","message":"CREATE TABLE \"test:german:data:0\" (id SERIAL PRIMARY KEY,feature JSON,geom Geometry(POINT, 4326))","timestamp":"2015-01-20T16:28:22.979Z"}
{"level":"debug","message":"Selecting data select id, feature->>'properties' as props, feature->>'geometry' as geom from \"test:german:data:0\" WHERE  (feature->'properties'->>'ID')::float::int >= 2894 AND  (feature->'properties'->>'ID') <= '2997' ORDER BY id","timestamp":"2015-01-20T16:28:23.034Z"}
{"level":"info","message":"CREATE TABLE \"test:repo:file:0\" (id SERIAL PRIMARY KEY,feature JSON,geom Geometry(POINT, 4326))","timestamp":"2015-01-20T16:28:23.050Z"}
{"level":"info","message":"CREATE TABLE \"test:german:data2:0\" (id SERIAL PRIMARY KEY,feature JSON,geom Geometry(POINT, 4326))","timestamp":"2015-01-20T16:28:23.103Z"}
{"level":"debug","message":"Selecting data select id, feature->>'properties' as props, feature->>'geometry' as geom from \"test:german:data2:0\" WHERE  (feature->'properties'->>'ID')::float::int >= 2894 AND  (feature->'properties'->>'ID')::float::int <= 2997 AND  (feature->'properties'->>'Land') ilike '%germany%' AND  (feature->'properties'->>'Art') ilike '%BRL%' ORDER BY id","timestamp":"2015-01-20T16:28:23.145Z"}
{"level":"info","message":"CREATE TABLE \"test:repo:file:0\" (id SERIAL PRIMARY KEY,feature JSON,geom Geometry(POINT, 4326))","timestamp":"2015-01-20T16:28:23.163Z"}
{"level":"info","message":"CREATE TABLE \"test:german:data3:0\" (id SERIAL PRIMARY KEY,feature JSON,geom Geometry(POINT, 4326))","timestamp":"2015-01-20T16:28:23.239Z"}
{"level":"debug","message":"Selecting data select id, feature->>'properties' as props, feature->>'geometry' as geom from \"test:german:data3:0\" WHERE  (feature->'properties'->>'ID')::float::int >= 2894 AND  (feature->'properties'->>'ID')::float::int <= 3401 AND  (feature->'properties'->>'Art') = 'BRL' AND ( (feature->'properties'->>'Land') = 'Germany' OR  (feature->'properties'->>'Land') = 'Poland') ORDER BY id","timestamp":"2015-01-20T16:28:23.271Z"}
{"level":"info","message":"CREATE TABLE \"test:repo:file:0\" (id SERIAL PRIMARY KEY,feature JSON,geom Geometry(POINT, 4326))","timestamp":"2015-01-20T16:28:23.286Z"}
{"level":"info","message":"CREATE TABLE \"test:german:data2:0\" (id SERIAL PRIMARY KEY,feature JSON,geom Geometry(POINT, 4326))","timestamp":"2015-01-20T16:28:23.329Z"}
{"level":"debug","message":"Selecting data select id, feature->>'properties' as props, feature->>'geometry' as geom from \"test:german:data2:0\" WHERE ST_GeomFromGeoJSON(feature->>'geometry') && ST_SetSRID('BOX3D(11.296916335529545 50.976109119993865,14.273970437121521 52.39566469623532)'::box3d,4326) ORDER BY id","timestamp":"2015-01-20T16:28:23.411Z"}
{"level":"info","message":"CREATE TABLE \"test:repo:file:0\" (id SERIAL PRIMARY KEY,feature JSON,geom Geometry(POINT, 4326))","timestamp":"2015-01-20T16:28:23.471Z"}
{"level":"debug","message":"Get Count 417 select count(*) as count from \"test:repo:file:0\"","timestamp":"2015-01-20T16:28:23.518Z"}
{"level":"info","message":"CREATE TABLE \"PROJ_LIB:0\" (id SERIAL PRIMARY KEY,feature JSON,geom Geometry(POINT, 4326))","timestamp":"2015-01-20T16:41:58.263Z"}
{"level":"info","message":"CREATE TABLE \"PROJ_LIB:0\" (id SERIAL PRIMARY KEY,feature JSON,geom Geometry(POINT, 4326))","timestamp":"2015-01-20T16:41:58.410Z"}
{"level":"info","message":"CREATE TABLE \"PROJ_LIB:0\" (id SERIAL PRIMARY KEY,feature JSON,geom Geometry(POINT, 4326))","timestamp":"2015-01-20T16:41:58.481Z"}
{"level":"debug","message":"Updating info PROJ_LIB:0 undefined","timestamp":"2015-01-20T16:41:58.541Z"}
{"level":"info","message":"CREATE TABLE \"PROJ_LIB:0\" (id SERIAL PRIMARY KEY,feature JSON,geom Geometry(POINT, 4326))","timestamp":"2015-01-20T16:41:58.551Z"}
{"level":"info","message":"CREATE TABLE \"test:snow:data:0\" (id SERIAL PRIMARY KEY,feature JSON,geom Geometry(POINT, 4326))","timestamp":"2015-01-20T16:41:58.620Z"}
{"level":"info","message":"CREATE TABLE \"PROJ_LIB:0\" (id SERIAL PRIMARY KEY,feature JSON,geom Geometry(POINT, 4326))","timestamp":"2015-01-20T16:41:58.695Z"}
{"level":"debug","message":"Selecting data select id, feature->>'properties' as props, feature->>'geometry' as geom from \"PROJ_LIB:0\" ORDER BY id","timestamp":"2015-01-20T16:41:58.757Z"}
{"level":"info","message":"CREATE TABLE \"PROJ_LIB:0\" (id SERIAL PRIMARY KEY,feature JSON,geom Geometry(POINT, 4326))","timestamp":"2015-01-20T16:41:58.773Z"}
{"level":"debug","message":"Selecting data select id, feature->>'properties' as props, feature->>'geometry' as geom from \"PROJ_LIB:0\" WHERE  (feature->'properties'->>'total precip') = '0.31' ORDER BY id","timestamp":"2015-01-20T16:41:58.836Z"}
{"level":"info","message":"CREATE TABLE \"PROJ_LIB:0\" (id SERIAL PRIMARY KEY,feature JSON,geom Geometry(POINT, 4326))","timestamp":"2015-01-20T16:41:58.846Z"}
{"level":"info","message":"CREATE TABLE \"test:snow:data:0\" (id SERIAL PRIMARY KEY,feature JSON,geom Geometry(POINT, 4326))","timestamp":"2015-01-20T16:41:58.910Z"}
{"level":"info","message":"CREATE TABLE \"PROJ_LIB:0\" (id SERIAL PRIMARY KEY,feature JSON,geom Geometry(POINT, 4326))","timestamp":"2015-01-20T16:41:58.927Z"}
{"level":"info","message":"CREATE TABLE \"test:german:data:0\" (id SERIAL PRIMARY KEY,feature JSON,geom Geometry(POINT, 4326))","timestamp":"2015-01-20T16:41:58.998Z"}
{"level":"debug","message":"Selecting data select id, feature->>'properties' as props, feature->>'geometry' as geom from \"test:german:data:0\" WHERE  (feature->'properties'->>'ID')::float::int >= 2894 AND  (feature->'properties'->>'ID') <= '2997' ORDER BY id","timestamp":"2015-01-20T16:41:59.042Z"}
{"level":"info","message":"CREATE TABLE \"PROJ_LIB:0\" (id SERIAL PRIMARY KEY,feature JSON,geom Geometry(POINT, 4326))","timestamp":"2015-01-20T16:41:59.055Z"}
{"level":"info","message":"CREATE TABLE \"test:german:data2:0\" (id SERIAL PRIMARY KEY,feature JSON,geom Geometry(POINT, 4326))","timestamp":"2015-01-20T16:41:59.105Z"}
{"level":"debug","message":"Selecting data select id, feature->>'properties' as props, feature->>'geometry' as geom from \"test:german:data2:0\" WHERE  (feature->'properties'->>'ID')::float::int >= 2894 AND  (feature->'properties'->>'ID')::float::int <= 2997 AND  (feature->'properties'->>'Land') ilike '%germany%' AND  (feature->'properties'->>'Art') ilike '%BRL%' ORDER BY id","timestamp":"2015-01-20T16:41:59.143Z"}
{"level":"info","message":"CREATE TABLE \"PROJ_LIB:0\" (id SERIAL PRIMARY KEY,feature JSON,geom Geometry(POINT, 4326))","timestamp":"2015-01-20T16:41:59.160Z"}
{"level":"info","message":"CREATE TABLE \"test:german:data3:0\" (id SERIAL PRIMARY KEY,feature JSON,geom Geometry(POINT, 4326))","timestamp":"2015-01-20T16:41:59.213Z"}
{"level":"debug","message":"Selecting data select id, feature->>'properties' as props, feature->>'geometry' as geom from \"test:german:data3:0\" WHERE  (feature->'properties'->>'ID')::float::int >= 2894 AND  (feature->'properties'->>'ID')::float::int <= 3401 AND  (feature->'properties'->>'Art') = 'BRL' AND ( (feature->'properties'->>'Land') = 'Germany' OR  (feature->'properties'->>'Land') = 'Poland') ORDER BY id","timestamp":"2015-01-20T16:41:59.254Z"}
{"level":"info","message":"CREATE TABLE \"PROJ_LIB:0\" (id SERIAL PRIMARY KEY,feature JSON,geom Geometry(POINT, 4326))","timestamp":"2015-01-20T16:41:59.267Z"}
{"level":"info","message":"CREATE TABLE \"test:german:data2:0\" (id SERIAL PRIMARY KEY,feature JSON,geom Geometry(POINT, 4326))","timestamp":"2015-01-20T16:41:59.320Z"}
{"level":"debug","message":"Selecting data select id, feature->>'properties' as props, feature->>'geometry' as geom from \"test:german:data2:0\" WHERE ST_GeomFromGeoJSON(feature->>'geometry') && ST_SetSRID('BOX3D(11.296916335529545 50.976109119993865,14.273970437121521 52.39566469623532)'::box3d,4326) ORDER BY id","timestamp":"2015-01-20T16:41:59.399Z"}
{"level":"info","message":"CREATE TABLE \"PROJ_LIB:0\" (id SERIAL PRIMARY KEY,feature JSON,geom Geometry(POINT, 4326))","timestamp":"2015-01-20T16:41:59.456Z"}
{"level":"debug","message":"Get Count 417 select count(*) as count from \"PROJ_LIB:0\"","timestamp":"2015-01-20T16:41:59.502Z"}
{"level":"info","message":"CREATE TABLE \"repo:test:repo:file:0\" (id SERIAL PRIMARY KEY,feature JSON,geom Geometry(POINT, 4326))","timestamp":"2015-01-20T16:42:50.743Z"}
{"level":"info","message":"CREATE TABLE \"repo:test:repo:file:0\" (id SERIAL PRIMARY KEY,feature JSON,geom Geometry(POINT, 4326))","timestamp":"2015-01-20T16:42:50.869Z"}
{"level":"debug","message":"Selecting data select id, feature->>'properties' as props, feature->>'geometry' as geom from \"repo:test:repo:file:0\" ORDER BY id","timestamp":"2015-01-20T16:42:50.947Z"}
{"level":"info","message":"File does not exist on S3 chelm-koop-shoot-local null dummy.png","timestamp":"2015-01-20T16:42:57.381Z"}
{"level":"info","message":"Uploaded file to s3 chelm-koop-shoot-local/ test.json","timestamp":"2015-01-20T16:42:59.445Z"}
{"level":"info","message":"File exists on S3 chelm-koop-shoot-local test.json","timestamp":"2015-01-20T16:42:59.890Z"}
{"level":"info","message":"Uploaded file to s3 chelm-koop-shoot-local/test test.json","timestamp":"2015-01-20T16:43:00.875Z"}
{"level":"info","message":"File exists on S3 chelm-koop-shoot-local test.json","timestamp":"2015-01-20T16:43:01.335Z"}
{"level":"info","message":"Uploaded file to s3 chelm-koop-shoot-local//test-rm test-rm.json","timestamp":"2015-01-20T16:43:02.321Z"}
{"level":"info","message":"Removed file from s3 chelm-koop-shoot-local test-rm.json","timestamp":"2015-01-20T16:43:03.210Z"}
{"level":"info","message":"File does not exist on S3 chelm-koop-shoot-local /test-rm test-rm.json","timestamp":"2015-01-20T16:43:03.818Z"}
{"level":"info","message":"Uploaded file to s3 chelm-koop-shoot-local/subdir test2.json","timestamp":"2015-01-20T16:43:04.865Z"}
{"level":"info","message":"Removed Bucket from s3 subdir %s","timestamp":"2015-01-20T16:43:05.944Z"}
{"level":"debug","message":"Delete subdir subdir/test2.json","timestamp":"2015-01-20T16:43:06.001Z"}
{"level":"info","message":"File does not exist on S3 chelm-koop-shoot-local subdir test2.json","timestamp":"2015-01-20T16:43:06.412Z"}
{"level":"info","message":"CREATE TABLE \"test:repo:file:0\" (id SERIAL PRIMARY KEY,feature JSON,geom Geometry(POINT, 4326))","timestamp":"2015-01-20T16:43:06.439Z"}
{"level":"info","message":"CREATE TABLE \"test:repo:file:0\" (id SERIAL PRIMARY KEY,feature JSON,geom Geometry(POINT, 4326))","timestamp":"2015-01-20T16:43:06.544Z"}
{"level":"info","message":"CREATE TABLE \"test:repo:file:0\" (id SERIAL PRIMARY KEY,feature JSON,geom Geometry(POINT, 4326))","timestamp":"2015-01-20T16:43:06.621Z"}
{"level":"debug","message":"Updating info test:repo:file:0 undefined","timestamp":"2015-01-20T16:43:06.686Z"}
{"level":"info","message":"CREATE TABLE \"test:repo:file:0\" (id SERIAL PRIMARY KEY,feature JSON,geom Geometry(POINT, 4326))","timestamp":"2015-01-20T16:43:06.697Z"}
{"level":"info","message":"CREATE TABLE \"test:snow:data:0\" (id SERIAL PRIMARY KEY,feature JSON,geom Geometry(POINT, 4326))","timestamp":"2015-01-20T16:43:06.760Z"}
{"level":"info","message":"CREATE TABLE \"test:repo:file:0\" (id SERIAL PRIMARY KEY,feature JSON,geom Geometry(POINT, 4326))","timestamp":"2015-01-20T16:43:06.855Z"}
{"level":"debug","message":"Selecting data select id, feature->>'properties' as props, feature->>'geometry' as geom from \"test:repo:file:0\" ORDER BY id","timestamp":"2015-01-20T16:43:06.915Z"}
{"level":"info","message":"CREATE TABLE \"test:repo:file:0\" (id SERIAL PRIMARY KEY,feature JSON,geom Geometry(POINT, 4326))","timestamp":"2015-01-20T16:43:06.942Z"}
{"level":"debug","message":"Selecting data select id, feature->>'properties' as props, feature->>'geometry' as geom from \"test:repo:file:0\" WHERE  (feature->'properties'->>'total precip') = '0.31' ORDER BY id","timestamp":"2015-01-20T16:43:06.999Z"}
{"level":"info","message":"CREATE TABLE \"test:repo:file:0\" (id SERIAL PRIMARY KEY,feature JSON,geom Geometry(POINT, 4326))","timestamp":"2015-01-20T16:43:07.009Z"}
{"level":"info","message":"CREATE TABLE \"test:snow:data:0\" (id SERIAL PRIMARY KEY,feature JSON,geom Geometry(POINT, 4326))","timestamp":"2015-01-20T16:43:07.057Z"}
{"level":"info","message":"CREATE TABLE \"test:repo:file:0\" (id SERIAL PRIMARY KEY,feature JSON,geom Geometry(POINT, 4326))","timestamp":"2015-01-20T16:43:07.072Z"}
{"level":"info","message":"CREATE TABLE \"test:german:data:0\" (id SERIAL PRIMARY KEY,feature JSON,geom Geometry(POINT, 4326))","timestamp":"2015-01-20T16:43:07.135Z"}
{"level":"debug","message":"Selecting data select id, feature->>'properties' as props, feature->>'geometry' as geom from \"test:german:data:0\" WHERE  (feature->'properties'->>'ID')::float::int >= 2894 AND  (feature->'properties'->>'ID') <= '2997' ORDER BY id","timestamp":"2015-01-20T16:43:07.176Z"}
{"level":"info","message":"CREATE TABLE \"test:repo:file:0\" (id SERIAL PRIMARY KEY,feature JSON,geom Geometry(POINT, 4326))","timestamp":"2015-01-20T16:43:07.193Z"}
{"level":"info","message":"CREATE TABLE \"test:german:data2:0\" (id SERIAL PRIMARY KEY,feature JSON,geom Geometry(POINT, 4326))","timestamp":"2015-01-20T16:43:07.247Z"}
{"level":"debug","message":"Selecting data select id, feature->>'properties' as props, feature->>'geometry' as geom from \"test:german:data2:0\" WHERE  (feature->'properties'->>'ID')::float::int >= 2894 AND  (feature->'properties'->>'ID')::float::int <= 2997 AND  (feature->'properties'->>'Land') ilike '%germany%' AND  (feature->'properties'->>'Art') ilike '%BRL%' ORDER BY id","timestamp":"2015-01-20T16:43:07.287Z"}
{"level":"info","message":"CREATE TABLE \"test:repo:file:0\" (id SERIAL PRIMARY KEY,feature JSON,geom Geometry(POINT, 4326))","timestamp":"2015-01-20T16:43:07.304Z"}
{"level":"info","message":"CREATE TABLE \"test:german:data3:0\" (id SERIAL PRIMARY KEY,feature JSON,geom Geometry(POINT, 4326))","timestamp":"2015-01-20T16:43:07.362Z"}
{"level":"debug","message":"Selecting data select id, feature->>'properties' as props, feature->>'geometry' as geom from \"test:german:data3:0\" WHERE  (feature->'properties'->>'ID')::float::int >= 2894 AND  (feature->'properties'->>'ID')::float::int <= 3401 AND  (feature->'properties'->>'Art') = 'BRL' AND ( (feature->'properties'->>'Land') = 'Germany' OR  (feature->'properties'->>'Land') = 'Poland') ORDER BY id","timestamp":"2015-01-20T16:43:07.404Z"}
{"level":"info","message":"CREATE TABLE \"test:repo:file:0\" (id SERIAL PRIMARY KEY,feature JSON,geom Geometry(POINT, 4326))","timestamp":"2015-01-20T16:43:07.419Z"}
{"level":"info","message":"CREATE TABLE \"test:german:data2:0\" (id SERIAL PRIMARY KEY,feature JSON,geom Geometry(POINT, 4326))","timestamp":"2015-01-20T16:43:07.469Z"}
{"level":"debug","message":"Selecting data select id, feature->>'properties' as props, feature->>'geometry' as geom from \"test:german:data2:0\" WHERE ST_GeomFromGeoJSON(feature->>'geometry') && ST_SetSRID('BOX3D(11.296916335529545 50.976109119993865,14.273970437121521 52.39566469623532)'::box3d,4326) ORDER BY id","timestamp":"2015-01-20T16:43:07.554Z"}
{"level":"info","message":"CREATE TABLE \"test:repo:file:0\" (id SERIAL PRIMARY KEY,feature JSON,geom Geometry(POINT, 4326))","timestamp":"2015-01-20T16:43:07.615Z"}
{"level":"debug","message":"Get Count 417 select count(*) as count from \"test:repo:file:0\"","timestamp":"2015-01-20T16:43:07.670Z"}
{"level":"info","message":"CREATE TABLE \"repo:test:repo:file:0\" (id SERIAL PRIMARY KEY,feature JSON,geom Geometry(POINT, 4326))","timestamp":"2015-01-26T20:17:22.308Z"}
{"level":"info","message":"CREATE TABLE \"repo:test:repo:file:0\" (id SERIAL PRIMARY KEY,feature JSON,geom Geometry(POINT, 4326))","timestamp":"2015-01-26T20:17:22.480Z"}
{"level":"debug","message":"Selecting data select id, feature->>'properties' as props, feature->>'geometry' as geom from \"repo:test:repo:file:0\" ORDER BY id","timestamp":"2015-01-26T20:17:22.574Z"}
{"level":"info","message":"File does not exist on S3 chelm-koop-shoot-local null dummy.png","timestamp":"2015-01-26T20:17:23.642Z"}
{"level":"info","message":"Uploaded file to s3 chelm-koop-shoot-local/ test.json","timestamp":"2015-01-26T20:17:26.485Z"}
{"level":"info","message":"File exists on S3 chelm-koop-shoot-local test.json","timestamp":"2015-01-26T20:17:27.154Z"}
{"level":"info","message":"Uploaded file to s3 chelm-koop-shoot-local/test test.json","timestamp":"2015-01-26T20:17:28.487Z"}
{"level":"info","message":"File exists on S3 chelm-koop-shoot-local test.json","timestamp":"2015-01-26T20:17:29.297Z"}
{"level":"info","message":"Uploaded file to s3 chelm-koop-shoot-local//test-rm test-rm.json","timestamp":"2015-01-26T20:17:30.283Z"}
{"level":"info","message":"Removed file from s3 chelm-koop-shoot-local test-rm.json","timestamp":"2015-01-26T20:17:30.740Z"}
{"level":"info","message":"File does not exist on S3 chelm-koop-shoot-local /test-rm test-rm.json","timestamp":"2015-01-26T20:17:31.177Z"}
{"level":"info","message":"Uploaded file to s3 chelm-koop-shoot-local/subdir test2.json","timestamp":"2015-01-26T20:17:32.235Z"}
{"level":"debug","message":"Delete subdir subdir/test2.json","timestamp":"2015-01-26T20:17:33.708Z"}
{"level":"info","message":"Removed Bucket from s3 subdir %s","timestamp":"2015-01-26T20:17:34.047Z"}
{"level":"info","message":"File does not exist on S3 chelm-koop-shoot-local subdir test2.json","timestamp":"2015-01-26T20:17:34.506Z"}
{"level":"info","message":"CREATE TABLE \"test:repo:file:0\" (id SERIAL PRIMARY KEY,feature JSON,geom Geometry(POINT, 4326))","timestamp":"2015-01-26T20:17:35.109Z"}
{"level":"info","message":"CREATE TABLE \"test:repo:file:0\" (id SERIAL PRIMARY KEY,feature JSON,geom Geometry(POINT, 4326))","timestamp":"2015-01-26T20:17:35.194Z"}
{"level":"info","message":"CREATE TABLE \"test:repo:file:0\" (id SERIAL PRIMARY KEY,feature JSON,geom Geometry(POINT, 4326))","timestamp":"2015-01-26T20:17:35.258Z"}
{"level":"debug","message":"Updating info test:repo:file:0 undefined","timestamp":"2015-01-26T20:17:35.310Z"}
{"level":"info","message":"CREATE TABLE \"test:repo:file:0\" (id SERIAL PRIMARY KEY,feature JSON,geom Geometry(POINT, 4326))","timestamp":"2015-01-26T20:17:35.319Z"}
{"level":"info","message":"CREATE TABLE \"test:snow:data:0\" (id SERIAL PRIMARY KEY,feature JSON,geom Geometry(POINT, 4326))","timestamp":"2015-01-26T20:17:35.400Z"}
{"level":"info","message":"CREATE TABLE \"test:repo:file:0\" (id SERIAL PRIMARY KEY,feature JSON,geom Geometry(POINT, 4326))","timestamp":"2015-01-26T20:17:35.463Z"}
{"level":"debug","message":"Selecting data select id, feature->>'properties' as props, feature->>'geometry' as geom from \"test:repo:file:0\" ORDER BY id","timestamp":"2015-01-26T20:17:35.520Z"}
{"level":"info","message":"CREATE TABLE \"test:repo:file:0\" (id SERIAL PRIMARY KEY,feature JSON,geom Geometry(POINT, 4326))","timestamp":"2015-01-26T20:17:35.549Z"}
{"level":"debug","message":"Selecting data select id, feature->>'properties' as props, feature->>'geometry' as geom from \"test:repo:file:0\" WHERE  (feature->'properties'->>'total precip') = '0.31' ORDER BY id","timestamp":"2015-01-26T20:17:35.600Z"}
{"level":"info","message":"CREATE TABLE \"test:repo:file:0\" (id SERIAL PRIMARY KEY,feature JSON,geom Geometry(POINT, 4326))","timestamp":"2015-01-26T20:17:35.608Z"}
{"level":"info","message":"CREATE TABLE \"test:snow:data:0\" (id SERIAL PRIMARY KEY,feature JSON,geom Geometry(POINT, 4326))","timestamp":"2015-01-26T20:17:35.658Z"}
{"level":"info","message":"CREATE TABLE \"test:repo:file:0\" (id SERIAL PRIMARY KEY,feature JSON,geom Geometry(POINT, 4326))","timestamp":"2015-01-26T20:17:35.673Z"}
{"level":"info","message":"CREATE TABLE \"test:german:data:0\" (id SERIAL PRIMARY KEY,feature JSON,geom Geometry(POINT, 4326))","timestamp":"2015-01-26T20:17:35.723Z"}
{"level":"debug","message":"Selecting data select id, feature->>'properties' as props, feature->>'geometry' as geom from \"test:german:data:0\" WHERE  (feature->'properties'->>'ID')::float::int >= 2894 AND  (feature->'properties'->>'ID') <= '2997' ORDER BY id","timestamp":"2015-01-26T20:17:35.776Z"}
{"level":"info","message":"CREATE TABLE \"test:repo:file:0\" (id SERIAL PRIMARY KEY,feature JSON,geom Geometry(POINT, 4326))","timestamp":"2015-01-26T20:17:35.788Z"}
{"level":"info","message":"CREATE TABLE \"test:german:data2:0\" (id SERIAL PRIMARY KEY,feature JSON,geom Geometry(POINT, 4326))","timestamp":"2015-01-26T20:17:35.841Z"}
{"level":"debug","message":"Selecting data select id, feature->>'properties' as props, feature->>'geometry' as geom from \"test:german:data2:0\" WHERE  (feature->'properties'->>'ID')::float::int >= 2894 AND  (feature->'properties'->>'ID')::float::int <= 2997 AND  (feature->'properties'->>'Land') ilike '%germany%' AND  (feature->'properties'->>'Art') ilike '%BRL%' ORDER BY id","timestamp":"2015-01-26T20:17:35.878Z"}
{"level":"info","message":"CREATE TABLE \"test:repo:file:0\" (id SERIAL PRIMARY KEY,feature JSON,geom Geometry(POINT, 4326))","timestamp":"2015-01-26T20:17:36.016Z"}
{"level":"info","message":"CREATE TABLE \"test:german:data3:0\" (id SERIAL PRIMARY KEY,feature JSON,geom Geometry(POINT, 4326))","timestamp":"2015-01-26T20:17:36.068Z"}
{"level":"debug","message":"Selecting data select id, feature->>'properties' as props, feature->>'geometry' as geom from \"test:german:data3:0\" WHERE  (feature->'properties'->>'ID')::float::int >= 2894 AND  (feature->'properties'->>'ID')::float::int <= 3401 AND  (feature->'properties'->>'Art') = 'BRL' AND ( (feature->'properties'->>'Land') = 'Germany' OR  (feature->'properties'->>'Land') = 'Poland') ORDER BY id","timestamp":"2015-01-26T20:17:36.099Z"}
{"level":"info","message":"CREATE TABLE \"test:repo:file:0\" (id SERIAL PRIMARY KEY,feature JSON,geom Geometry(POINT, 4326))","timestamp":"2015-01-26T20:17:36.112Z"}
{"level":"info","message":"CREATE TABLE \"test:german:data2:0\" (id SERIAL PRIMARY KEY,feature JSON,geom Geometry(POINT, 4326))","timestamp":"2015-01-26T20:17:36.162Z"}
{"level":"debug","message":"Selecting data select id, feature->>'properties' as props, feature->>'geometry' as geom from \"test:german:data2:0\" WHERE ST_GeomFromGeoJSON(feature->>'geometry') && ST_SetSRID('BOX3D(11.296916335529545 50.976109119993865,14.273970437121521 52.39566469623532)'::box3d,4326) ORDER BY id","timestamp":"2015-01-26T20:17:36.232Z"}
{"level":"info","message":"CREATE TABLE \"test:repo:file:0\" (id SERIAL PRIMARY KEY,feature JSON,geom Geometry(POINT, 4326))","timestamp":"2015-01-26T20:17:36.287Z"}
{"level":"debug","message":"Get Count 417 select count(*) as count from \"test:repo:file:0\"","timestamp":"2015-01-26T20:17:36.326Z"}
{"level":"info","message":"CREATE TABLE \"repo:test:repo:file:0\" (id SERIAL PRIMARY KEY,feature JSON,geom Geometry(POINT, 4326))","timestamp":"2015-01-26T20:18:47.158Z"}
{"level":"info","message":"CREATE TABLE \"repo:test:repo:file:0\" (id SERIAL PRIMARY KEY,feature JSON,geom Geometry(POINT, 4326))","timestamp":"2015-01-26T20:18:47.270Z"}
{"level":"debug","message":"Selecting data select id, feature->>'properties' as props, feature->>'geometry' as geom from \"repo:test:repo:file:0\" ORDER BY id","timestamp":"2015-01-26T20:18:47.338Z"}
{"level":"info","message":"File does not exist on S3 chelm-koop-shoot-local null dummy.png","timestamp":"2015-01-26T20:18:48.056Z"}
{"level":"info","message":"Uploaded file to s3 chelm-koop-shoot-local/ test.json","timestamp":"2015-01-26T20:18:50.463Z"}
{"level":"info","message":"File exists on S3 chelm-koop-shoot-local test.json","timestamp":"2015-01-26T20:18:51.051Z"}
{"level":"info","message":"Uploaded file to s3 chelm-koop-shoot-local/test test.json","timestamp":"2015-01-26T20:18:52.241Z"}
{"level":"info","message":"File exists on S3 chelm-koop-shoot-local test.json","timestamp":"2015-01-26T20:18:52.802Z"}
{"level":"info","message":"Uploaded file to s3 chelm-koop-shoot-local//test-rm test-rm.json","timestamp":"2015-01-26T20:18:54.112Z"}
{"level":"info","message":"Removed file from s3 chelm-koop-shoot-local test-rm.json","timestamp":"2015-01-26T20:18:54.566Z"}
{"level":"info","message":"File does not exist on S3 chelm-koop-shoot-local /test-rm test-rm.json","timestamp":"2015-01-26T20:18:55.107Z"}
{"level":"info","message":"Uploaded file to s3 chelm-koop-shoot-local/subdir test2.json","timestamp":"2015-01-26T20:18:56.324Z"}
{"level":"debug","message":"Delete subdir subdir/test2.json","timestamp":"2015-01-26T20:18:57.655Z"}
{"level":"info","message":"Removed Bucket from s3 subdir %s","timestamp":"2015-01-26T20:18:57.784Z"}
{"level":"info","message":"File does not exist on S3 chelm-koop-shoot-local subdir test2.json","timestamp":"2015-01-26T20:18:58.235Z"}
{"level":"info","message":"CREATE TABLE \"test:repo:file:0\" (id SERIAL PRIMARY KEY,feature JSON,geom Geometry(POINT, 4326))","timestamp":"2015-01-26T20:18:58.833Z"}
{"level":"info","message":"CREATE TABLE \"test:repo:file:0\" (id SERIAL PRIMARY KEY,feature JSON,geom Geometry(POINT, 4326))","timestamp":"2015-01-26T20:18:58.941Z"}
{"level":"info","message":"CREATE TABLE \"test:repo:file:0\" (id SERIAL PRIMARY KEY,feature JSON,geom Geometry(POINT, 4326))","timestamp":"2015-01-26T20:18:59.006Z"}
{"level":"debug","message":"Updating info test:repo:file:0 undefined","timestamp":"2015-01-26T20:18:59.066Z"}
{"level":"info","message":"CREATE TABLE \"test:repo:file:0\" (id SERIAL PRIMARY KEY,feature JSON,geom Geometry(POINT, 4326))","timestamp":"2015-01-26T20:18:59.074Z"}
{"level":"info","message":"CREATE TABLE \"test:snow:data:0\" (id SERIAL PRIMARY KEY,feature JSON,geom Geometry(POINT, 4326))","timestamp":"2015-01-26T20:18:59.174Z"}
{"level":"info","message":"CREATE TABLE \"test:repo:file:0\" (id SERIAL PRIMARY KEY,feature JSON,geom Geometry(POINT, 4326))","timestamp":"2015-01-26T20:18:59.223Z"}
{"level":"debug","message":"Selecting data select id, feature->>'properties' as props, feature->>'geometry' as geom from \"test:repo:file:0\" ORDER BY id","timestamp":"2015-01-26T20:18:59.260Z"}
{"level":"info","message":"CREATE TABLE \"test:repo:file:0\" (id SERIAL PRIMARY KEY,feature JSON,geom Geometry(POINT, 4326))","timestamp":"2015-01-26T20:18:59.272Z"}
{"level":"debug","message":"Selecting data select id, feature->>'properties' as props, feature->>'geometry' as geom from \"test:repo:file:0\" WHERE  (feature->'properties'->>'total precip') = '0.31' ORDER BY id","timestamp":"2015-01-26T20:18:59.314Z"}
{"level":"info","message":"CREATE TABLE \"test:repo:file:0\" (id SERIAL PRIMARY KEY,feature JSON,geom Geometry(POINT, 4326))","timestamp":"2015-01-26T20:18:59.322Z"}
{"level":"info","message":"CREATE TABLE \"test:snow:data:0\" (id SERIAL PRIMARY KEY,feature JSON,geom Geometry(POINT, 4326))","timestamp":"2015-01-26T20:18:59.366Z"}
{"level":"info","message":"CREATE TABLE \"test:repo:file:0\" (id SERIAL PRIMARY KEY,feature JSON,geom Geometry(POINT, 4326))","timestamp":"2015-01-26T20:18:59.379Z"}
{"level":"info","message":"CREATE TABLE \"test:german:data:0\" (id SERIAL PRIMARY KEY,feature JSON,geom Geometry(POINT, 4326))","timestamp":"2015-01-26T20:18:59.423Z"}
{"level":"debug","message":"Selecting data select id, feature->>'properties' as props, feature->>'geometry' as geom from \"test:german:data:0\" WHERE  (feature->'properties'->>'ID')::float::int >= 2894 AND  (feature->'properties'->>'ID') <= '2997' ORDER BY id","timestamp":"2015-01-26T20:18:59.477Z"}
{"level":"info","message":"CREATE TABLE \"test:repo:file:0\" (id SERIAL PRIMARY KEY,feature JSON,geom Geometry(POINT, 4326))","timestamp":"2015-01-26T20:18:59.490Z"}
{"level":"info","message":"CREATE TABLE \"test:german:data2:0\" (id SERIAL PRIMARY KEY,feature JSON,geom Geometry(POINT, 4326))","timestamp":"2015-01-26T20:18:59.541Z"}
{"level":"debug","message":"Selecting data select id, feature->>'properties' as props, feature->>'geometry' as geom from \"test:german:data2:0\" WHERE  (feature->'properties'->>'ID')::float::int >= 2894 AND  (feature->'properties'->>'ID')::float::int <= 2997 AND  (feature->'properties'->>'Land') ilike '%germany%' AND  (feature->'properties'->>'Art') ilike '%BRL%' ORDER BY id","timestamp":"2015-01-26T20:18:59.577Z"}
{"level":"info","message":"CREATE TABLE \"test:repo:file:0\" (id SERIAL PRIMARY KEY,feature JSON,geom Geometry(POINT, 4326))","timestamp":"2015-01-26T20:18:59.594Z"}
{"level":"info","message":"CREATE TABLE \"test:german:data3:0\" (id SERIAL PRIMARY KEY,feature JSON,geom Geometry(POINT, 4326))","timestamp":"2015-01-26T20:18:59.633Z"}
{"level":"debug","message":"Selecting data select id, feature->>'properties' as props, feature->>'geometry' as geom from \"test:german:data3:0\" WHERE  (feature->'properties'->>'ID')::float::int >= 2894 AND  (feature->'properties'->>'ID')::float::int <= 3401 AND  (feature->'properties'->>'Art') = 'BRL' AND ( (feature->'properties'->>'Land') = 'Germany' OR  (feature->'properties'->>'Land') = 'Poland') ORDER BY id","timestamp":"2015-01-26T20:18:59.663Z"}
{"level":"info","message":"CREATE TABLE \"test:repo:file:0\" (id SERIAL PRIMARY KEY,feature JSON,geom Geometry(POINT, 4326))","timestamp":"2015-01-26T20:18:59.681Z"}
{"level":"info","message":"CREATE TABLE \"test:german:data2:0\" (id SERIAL PRIMARY KEY,feature JSON,geom Geometry(POINT, 4326))","timestamp":"2015-01-26T20:18:59.722Z"}
{"level":"debug","message":"Selecting data select id, feature->>'properties' as props, feature->>'geometry' as geom from \"test:german:data2:0\" WHERE ST_GeomFromGeoJSON(feature->>'geometry') && ST_SetSRID('BOX3D(11.296916335529545 50.976109119993865,14.273970437121521 52.39566469623532)'::box3d,4326) ORDER BY id","timestamp":"2015-01-26T20:18:59.800Z"}
{"level":"info","message":"CREATE TABLE \"test:repo:file:0\" (id SERIAL PRIMARY KEY,feature JSON,geom Geometry(POINT, 4326))","timestamp":"2015-01-26T20:18:59.853Z"}
{"level":"debug","message":"Get Count 417 select count(*) as count from \"test:repo:file:0\"","timestamp":"2015-01-26T20:18:59.946Z"}
{"level":"info","message":"CREATE TABLE \"repo:test:repo:file:0\" (id SERIAL PRIMARY KEY,feature JSON,geom Geometry(POINT, 4326))","timestamp":"2015-02-11T18:00:03.288Z"}
{"level":"info","message":"CREATE TABLE \"repo:test:repo:file:0\" (id SERIAL PRIMARY KEY,feature JSON,geom Geometry(POINT, 4326))","timestamp":"2015-02-11T18:00:03.423Z"}
{"level":"debug","message":"Selecting data select id, feature->>'properties' as props, feature->>'geometry' as geom from \"repo:test:repo:file:0\" ORDER BY id","timestamp":"2015-02-11T18:00:03.488Z"}
{"level":"info","message":"File does not exist on S3 chelm-koop-shoot-local null dummy.png","timestamp":"2015-02-11T18:00:04.216Z"}
{"level":"info","message":"Uploaded file to s3 chelm-koop-shoot-local/ test.json","timestamp":"2015-02-11T18:00:07.001Z"}
{"level":"info","message":"File exists on S3 chelm-koop-shoot-local test.json","timestamp":"2015-02-11T18:00:07.435Z"}
{"level":"info","message":"Uploaded file to s3 chelm-koop-shoot-local/test test.json","timestamp":"2015-02-11T18:00:08.526Z"}
{"level":"info","message":"File exists on S3 chelm-koop-shoot-local test.json","timestamp":"2015-02-11T18:00:09.047Z"}
{"level":"info","message":"Uploaded file to s3 chelm-koop-shoot-local//test-rm test-rm.json","timestamp":"2015-02-11T18:00:10.006Z"}
{"level":"info","message":"Removed file from s3 chelm-koop-shoot-local test-rm.json","timestamp":"2015-02-11T18:00:10.429Z"}
{"level":"info","message":"File does not exist on S3 chelm-koop-shoot-local /test-rm test-rm.json","timestamp":"2015-02-11T18:00:10.878Z"}
{"level":"info","message":"Uploaded file to s3 chelm-koop-shoot-local/subdir test2.json","timestamp":"2015-02-11T18:00:11.864Z"}
{"level":"debug","message":"Delete subdir subdir/test2.json","timestamp":"2015-02-11T18:00:13.471Z"}
{"level":"info","message":"Removed Bucket from s3 subdir %s","timestamp":"2015-02-11T18:00:13.484Z"}
{"level":"info","message":"File does not exist on S3 chelm-koop-shoot-local subdir test2.json","timestamp":"2015-02-11T18:00:13.898Z"}
{"level":"info","message":"CREATE TABLE \"test:repo:file:0\" (id SERIAL PRIMARY KEY,feature JSON,geom Geometry(POINT, 4326))","timestamp":"2015-02-11T18:00:13.915Z"}
{"level":"info","message":"CREATE TABLE \"test:repo:file:0\" (id SERIAL PRIMARY KEY,feature JSON,geom Geometry(POINT, 4326))","timestamp":"2015-02-11T18:00:14.018Z"}
{"level":"info","message":"CREATE TABLE \"test:repo:file:0\" (id SERIAL PRIMARY KEY,feature JSON,geom Geometry(POINT, 4326))","timestamp":"2015-02-11T18:00:14.075Z"}
{"level":"debug","message":"Updating info test:repo:file:0 undefined","timestamp":"2015-02-11T18:00:14.121Z"}
{"level":"info","message":"CREATE TABLE \"test:repo:file:0\" (id SERIAL PRIMARY KEY,feature JSON,geom Geometry(POINT, 4326))","timestamp":"2015-02-11T18:00:14.127Z"}
{"level":"info","message":"CREATE TABLE \"test:snow:data:0\" (id SERIAL PRIMARY KEY,feature JSON,geom Geometry(POINT, 4326))","timestamp":"2015-02-11T18:00:14.173Z"}
{"level":"info","message":"CREATE TABLE \"test:repo:file:0\" (id SERIAL PRIMARY KEY,feature JSON,geom Geometry(POINT, 4326))","timestamp":"2015-02-11T18:00:14.227Z"}
{"level":"debug","message":"Selecting data select id, feature->>'properties' as props, feature->>'geometry' as geom from \"test:repo:file:0\" ORDER BY id","timestamp":"2015-02-11T18:00:14.271Z"}
{"level":"info","message":"CREATE TABLE \"test:repo:file:0\" (id SERIAL PRIMARY KEY,feature JSON,geom Geometry(POINT, 4326))","timestamp":"2015-02-11T18:00:14.298Z"}
{"level":"debug","message":"Selecting data select id, feature->>'properties' as props, feature->>'geometry' as geom from \"test:repo:file:0\" WHERE  (feature->'properties'->>'total precip') = '0.31' ORDER BY id","timestamp":"2015-02-11T18:00:14.340Z"}
{"level":"info","message":"CREATE TABLE \"test:repo:file:0\" (id SERIAL PRIMARY KEY,feature JSON,geom Geometry(POINT, 4326))","timestamp":"2015-02-11T18:00:14.350Z"}
{"level":"info","message":"CREATE TABLE \"test:snow:data:0\" (id SERIAL PRIMARY KEY,feature JSON,geom Geometry(POINT, 4326))","timestamp":"2015-02-11T18:00:14.391Z"}
{"level":"info","message":"CREATE TABLE \"test:repo:file:0\" (id SERIAL PRIMARY KEY,feature JSON,geom Geometry(POINT, 4326))","timestamp":"2015-02-11T18:00:14.404Z"}
{"level":"info","message":"CREATE TABLE \"test:german:data:0\" (id SERIAL PRIMARY KEY,feature JSON,geom Geometry(POINT, 4326))","timestamp":"2015-02-11T18:00:14.460Z"}
{"level":"debug","message":"Selecting data select id, feature->>'properties' as props, feature->>'geometry' as geom from \"test:german:data:0\" WHERE  (feature->'properties'->>'ID')::float::int >= 2894 AND  (feature->'properties'->>'ID') <= '2997' ORDER BY id","timestamp":"2015-02-11T18:00:14.510Z"}
{"level":"info","message":"CREATE TABLE \"test:repo:file:0\" (id SERIAL PRIMARY KEY,feature JSON,geom Geometry(POINT, 4326))","timestamp":"2015-02-11T18:00:14.522Z"}
{"level":"info","message":"CREATE TABLE \"test:german:data2:0\" (id SERIAL PRIMARY KEY,feature JSON,geom Geometry(POINT, 4326))","timestamp":"2015-02-11T18:00:14.564Z"}
{"level":"debug","message":"Selecting data select id, feature->>'properties' as props, feature->>'geometry' as geom from \"test:german:data2:0\" WHERE  (feature->'properties'->>'ID')::float::int >= 2894 AND  (feature->'properties'->>'ID')::float::int <= 2997 AND  (feature->'properties'->>'Land') ilike '%germany%' AND  (feature->'properties'->>'Art') ilike '%BRL%' ORDER BY id","timestamp":"2015-02-11T18:00:14.602Z"}
{"level":"info","message":"CREATE TABLE \"test:repo:file:0\" (id SERIAL PRIMARY KEY,feature JSON,geom Geometry(POINT, 4326))","timestamp":"2015-02-11T18:00:14.620Z"}
{"level":"info","message":"CREATE TABLE \"test:german:data3:0\" (id SERIAL PRIMARY KEY,feature JSON,geom Geometry(POINT, 4326))","timestamp":"2015-02-11T18:00:14.666Z"}
{"level":"debug","message":"Selecting data select id, feature->>'properties' as props, feature->>'geometry' as geom from \"test:german:data3:0\" WHERE  (feature->'properties'->>'ID')::float::int >= 2894 AND  (feature->'properties'->>'ID')::float::int <= 3401 AND  (feature->'properties'->>'Art') = 'BRL' AND ( (feature->'properties'->>'Land') = 'Germany' OR  (feature->'properties'->>'Land') = 'Poland') ORDER BY id","timestamp":"2015-02-11T18:00:14.700Z"}
{"level":"info","message":"CREATE TABLE \"test:repo:file:0\" (id SERIAL PRIMARY KEY,feature JSON,geom Geometry(POINT, 4326))","timestamp":"2015-02-11T18:00:14.717Z"}
{"level":"info","message":"CREATE TABLE \"test:german:data2:0\" (id SERIAL PRIMARY KEY,feature JSON,geom Geometry(POINT, 4326))","timestamp":"2015-02-11T18:00:14.755Z"}
{"level":"debug","message":"Selecting data select id, feature->>'properties' as props, feature->>'geometry' as geom from \"test:german:data2:0\" WHERE ST_GeomFromGeoJSON(feature->>'geometry') && ST_SetSRID('BOX3D(11.296916335529545 50.976109119993865,14.273970437121521 52.39566469623532)'::box3d,4326) ORDER BY id","timestamp":"2015-02-11T18:00:14.844Z"}
{"level":"info","message":"CREATE TABLE \"test:repo:file:0\" (id SERIAL PRIMARY KEY,feature JSON,geom Geometry(POINT, 4326))","timestamp":"2015-02-11T18:00:14.902Z"}
{"level":"debug","message":"Get Count 417 select count(*) as count from \"test:repo:file:0\"","timestamp":"2015-02-11T18:00:14.944Z"}
{"level":"info","message":"CREATE TABLE \"repo:test:repo:file:0\" (id SERIAL PRIMARY KEY,feature JSON,geom Geometry(POINT, 4326))","timestamp":"2015-02-11T18:06:53.406Z"}
{"level":"info","message":"CREATE TABLE \"repo:test:repo:file:0\" (id SERIAL PRIMARY KEY,feature JSON,geom Geometry(POINT, 4326))","timestamp":"2015-02-11T18:06:53.521Z"}
{"level":"debug","message":"Selecting data select id, feature->>'properties' as props, feature->>'geometry' as geom from \"repo:test:repo:file:0\" ORDER BY id","timestamp":"2015-02-11T18:06:53.582Z"}
{"level":"info","message":"File does not exist on S3 chelm-koop-shoot-local null dummy.png","timestamp":"2015-02-11T18:06:54.196Z"}
{"level":"info","message":"Uploaded file to s3 chelm-koop-shoot-local/ test.json","timestamp":"2015-02-11T18:06:56.477Z"}
{"level":"info","message":"File exists on S3 chelm-koop-shoot-local test.json","timestamp":"2015-02-11T18:06:56.886Z"}
{"level":"info","message":"Uploaded file to s3 chelm-koop-shoot-local/test test.json","timestamp":"2015-02-11T18:06:57.853Z"}
{"level":"info","message":"File exists on S3 chelm-koop-shoot-local test.json","timestamp":"2015-02-11T18:06:58.295Z"}
{"level":"info","message":"Uploaded file to s3 chelm-koop-shoot-local//test-rm test-rm.json","timestamp":"2015-02-11T18:06:59.275Z"}
{"level":"info","message":"Removed file from s3 chelm-koop-shoot-local test-rm.json","timestamp":"2015-02-11T18:06:59.706Z"}
{"level":"info","message":"File does not exist on S3 chelm-koop-shoot-local /test-rm test-rm.json","timestamp":"2015-02-11T18:07:00.326Z"}
{"level":"info","message":"Uploaded file to s3 chelm-koop-shoot-local/subdir test2.json","timestamp":"2015-02-11T18:07:01.357Z"}
{"level":"debug","message":"Delete subdir subdir/test2.json","timestamp":"2015-02-11T18:07:02.331Z"}
{"level":"info","message":"Removed Bucket from s3 subdir %s","timestamp":"2015-02-11T18:07:02.376Z"}
{"level":"info","message":"File does not exist on S3 chelm-koop-shoot-local subdir test2.json","timestamp":"2015-02-11T18:07:02.809Z"}
{"level":"info","message":"CREATE TABLE \"test:repo:file:0\" (id SERIAL PRIMARY KEY,feature JSON,geom Geometry(POINT, 4326))","timestamp":"2015-02-11T18:07:04.481Z"}
{"level":"info","message":"CREATE TABLE \"test:repo:file:0\" (id SERIAL PRIMARY KEY,feature JSON,geom Geometry(POINT, 4326))","timestamp":"2015-02-11T18:07:04.637Z"}
{"level":"info","message":"CREATE TABLE \"test:repo:file:0\" (id SERIAL PRIMARY KEY,feature JSON,geom Geometry(POINT, 4326))","timestamp":"2015-02-11T18:07:04.690Z"}
{"level":"debug","message":"Updating info test:repo:file:0 undefined","timestamp":"2015-02-11T18:07:04.738Z"}
{"level":"info","message":"CREATE TABLE \"test:repo:file:0\" (id SERIAL PRIMARY KEY,feature JSON,geom Geometry(POINT, 4326))","timestamp":"2015-02-11T18:07:04.743Z"}
{"level":"info","message":"CREATE TABLE \"test:snow:data:0\" (id SERIAL PRIMARY KEY,feature JSON,geom Geometry(POINT, 4326))","timestamp":"2015-02-11T18:07:04.811Z"}
{"level":"info","message":"CREATE TABLE \"test:repo:file:0\" (id SERIAL PRIMARY KEY,feature JSON,geom Geometry(POINT, 4326))","timestamp":"2015-02-11T18:07:04.867Z"}
{"level":"debug","message":"Selecting data select id, feature->>'properties' as props, feature->>'geometry' as geom from \"test:repo:file:0\" ORDER BY id","timestamp":"2015-02-11T18:07:04.914Z"}
{"level":"info","message":"CREATE TABLE \"test:repo:file:0\" (id SERIAL PRIMARY KEY,feature JSON,geom Geometry(POINT, 4326))","timestamp":"2015-02-11T18:07:04.941Z"}
{"level":"debug","message":"Selecting data select id, feature->>'properties' as props, feature->>'geometry' as geom from \"test:repo:file:0\" WHERE  (feature->'properties'->>'total precip') = '0.31' ORDER BY id","timestamp":"2015-02-11T18:07:04.983Z"}
{"level":"info","message":"CREATE TABLE \"test:repo:file:0\" (id SERIAL PRIMARY KEY,feature JSON,geom Geometry(POINT, 4326))","timestamp":"2015-02-11T18:07:04.991Z"}
{"level":"info","message":"CREATE TABLE \"test:snow:data:0\" (id SERIAL PRIMARY KEY,feature JSON,geom Geometry(POINT, 4326))","timestamp":"2015-02-11T18:07:05.039Z"}
{"level":"info","message":"CREATE TABLE \"test:repo:file:0\" (id SERIAL PRIMARY KEY,feature JSON,geom Geometry(POINT, 4326))","timestamp":"2015-02-11T18:07:05.053Z"}
{"level":"info","message":"CREATE TABLE \"test:german:data:0\" (id SERIAL PRIMARY KEY,feature JSON,geom Geometry(POINT, 4326))","timestamp":"2015-02-11T18:07:05.096Z"}
{"level":"debug","message":"Selecting data select id, feature->>'properties' as props, feature->>'geometry' as geom from \"test:german:data:0\" WHERE  (feature->'properties'->>'ID')::float::int >= 2894 AND  (feature->'properties'->>'ID') <= '2997' ORDER BY id","timestamp":"2015-02-11T18:07:05.134Z"}
{"level":"info","message":"CREATE TABLE \"test:repo:file:0\" (id SERIAL PRIMARY KEY,feature JSON,geom Geometry(POINT, 4326))","timestamp":"2015-02-11T18:07:05.146Z"}
{"level":"info","message":"CREATE TABLE \"test:german:data2:0\" (id SERIAL PRIMARY KEY,feature JSON,geom Geometry(POINT, 4326))","timestamp":"2015-02-11T18:07:05.187Z"}
{"level":"debug","message":"Selecting data select id, feature->>'properties' as props, feature->>'geometry' as geom from \"test:german:data2:0\" WHERE  (feature->'properties'->>'ID')::float::int >= 2894 AND  (feature->'properties'->>'ID')::float::int <= 2997 AND  (feature->'properties'->>'Land') ilike '%germany%' AND  (feature->'properties'->>'Art') ilike '%BRL%' ORDER BY id","timestamp":"2015-02-11T18:07:05.221Z"}
{"level":"info","message":"CREATE TABLE \"test:repo:file:0\" (id SERIAL PRIMARY KEY,feature JSON,geom Geometry(POINT, 4326))","timestamp":"2015-02-11T18:07:05.237Z"}
{"level":"info","message":"CREATE TABLE \"test:german:data3:0\" (id SERIAL PRIMARY KEY,feature JSON,geom Geometry(POINT, 4326))","timestamp":"2015-02-11T18:07:05.280Z"}
{"level":"debug","message":"Selecting data select id, feature->>'properties' as props, feature->>'geometry' as geom from \"test:german:data3:0\" WHERE  (feature->'properties'->>'ID')::float::int >= 2894 AND  (feature->'properties'->>'ID')::float::int <= 3401 AND  (feature->'properties'->>'Art') = 'BRL' AND ( (feature->'properties'->>'Land') = 'Germany' OR  (feature->'properties'->>'Land') = 'Poland') ORDER BY id","timestamp":"2015-02-11T18:07:05.311Z"}
{"level":"info","message":"CREATE TABLE \"test:repo:file:0\" (id SERIAL PRIMARY KEY,feature JSON,geom Geometry(POINT, 4326))","timestamp":"2015-02-11T18:07:05.324Z"}
{"level":"info","message":"CREATE TABLE \"test:german:data2:0\" (id SERIAL PRIMARY KEY,feature JSON,geom Geometry(POINT, 4326))","timestamp":"2015-02-11T18:07:05.366Z"}
{"level":"debug","message":"Selecting data select id, feature->>'properties' as props, feature->>'geometry' as geom from \"test:german:data2:0\" WHERE ST_GeomFromGeoJSON(feature->>'geometry') && ST_SetSRID('BOX3D(11.296916335529545 50.976109119993865,14.273970437121521 52.39566469623532)'::box3d,4326) ORDER BY id","timestamp":"2015-02-11T18:07:05.440Z"}
{"level":"info","message":"CREATE TABLE \"test:repo:file:0\" (id SERIAL PRIMARY KEY,feature JSON,geom Geometry(POINT, 4326))","timestamp":"2015-02-11T18:07:05.501Z"}
{"level":"debug","message":"Get Count 417 select count(*) as count from \"test:repo:file:0\"","timestamp":"2015-02-11T18:07:05.552Z"}
{"level":"info","message":"File does not exist on S3 chelm-koop-shoot-local null dummy.png","timestamp":"2015-02-11T21:46:23.141Z"}
{"level":"info","message":"Uploaded file to s3 chelm-koop-shoot-local/ test.json","timestamp":"2015-02-11T21:46:25.403Z"}
{"level":"info","message":"File exists on S3 chelm-koop-shoot-local test.json","timestamp":"2015-02-11T21:46:25.887Z"}
{"level":"info","message":"Uploaded file to s3 chelm-koop-shoot-local/test test.json","timestamp":"2015-02-11T21:46:26.966Z"}
{"level":"info","message":"File exists on S3 chelm-koop-shoot-local test.json","timestamp":"2015-02-11T21:46:27.416Z"}
{"level":"info","message":"Uploaded file to s3 chelm-koop-shoot-local//test-rm test-rm.json","timestamp":"2015-02-11T21:46:28.479Z"}
{"level":"info","message":"Removed file from s3 chelm-koop-shoot-local test-rm.json","timestamp":"2015-02-11T21:46:28.928Z"}
{"level":"info","message":"File does not exist on S3 chelm-koop-shoot-local /test-rm test-rm.json","timestamp":"2015-02-11T21:46:29.394Z"}
{"level":"info","message":"Uploaded file to s3 chelm-koop-shoot-local/subdir test2.json","timestamp":"2015-02-11T21:46:30.401Z"}
{"level":"info","message":"Removed Bucket from s3 subdir %s","timestamp":"2015-02-11T21:46:31.884Z"}
{"level":"debug","message":"Delete subdir subdir/test2.json","timestamp":"2015-02-11T21:46:31.889Z"}
{"level":"info","message":"File does not exist on S3 chelm-koop-shoot-local subdir test2.json","timestamp":"2015-02-11T21:46:32.396Z"}
{"level":"info","message":"File does not exist on S3 chelm-koop-shoot-local null dummy.png","timestamp":"2015-02-17T14:29:07.625Z"}
{"level":"info","message":"Uploaded file to s3 chelm-koop-shoot-local/ test.json","timestamp":"2015-02-17T14:29:10.693Z"}
{"level":"info","message":"File exists on S3 chelm-koop-shoot-local test.json","timestamp":"2015-02-17T14:29:11.296Z"}
{"level":"info","message":"Uploaded file to s3 chelm-koop-shoot-local/test test.json","timestamp":"2015-02-17T14:29:12.777Z"}
{"level":"info","message":"File exists on S3 chelm-koop-shoot-local test.json","timestamp":"2015-02-17T14:29:13.393Z"}
{"level":"info","message":"Uploaded file to s3 chelm-koop-shoot-local//test-rm test-rm.json","timestamp":"2015-02-17T14:29:14.824Z"}
{"level":"info","message":"Removed file from s3 chelm-koop-shoot-local test-rm.json","timestamp":"2015-02-17T14:29:15.483Z"}
{"level":"info","message":"File does not exist on S3 chelm-koop-shoot-local /test-rm test-rm.json","timestamp":"2015-02-17T14:29:16.135Z"}
{"level":"info","message":"Uploaded file to s3 chelm-koop-shoot-local/subdir test2.json","timestamp":"2015-02-17T14:29:17.652Z"}
{"level":"debug","message":"Delete subdir subdir/test2.json","timestamp":"2015-02-17T14:29:19.704Z"}
{"level":"info","message":"Removed Bucket from s3 subdir %s","timestamp":"2015-02-17T14:29:19.705Z"}
{"level":"info","message":"File does not exist on S3 chelm-koop-shoot-local subdir test2.json","timestamp":"2015-02-17T14:29:20.423Z"}
{"level":"info","message":"File does not exist on S3 chelm-koop-shoot-local null dummy.png","timestamp":"2015-02-17T14:29:59.505Z"}
{"level":"info","message":"Uploaded file to s3 chelm-koop-shoot-local/ test.json","timestamp":"2015-02-17T14:30:03.988Z"}
{"level":"info","message":"File exists on S3 chelm-koop-shoot-local test.json","timestamp":"2015-02-17T14:30:05.559Z"}
{"level":"info","message":"Uploaded file to s3 chelm-koop-shoot-local/test test.json","timestamp":"2015-02-17T14:30:06.877Z"}
{"level":"info","message":"File exists on S3 chelm-koop-shoot-local test.json","timestamp":"2015-02-17T14:30:07.507Z"}
{"level":"info","message":"Uploaded file to s3 chelm-koop-shoot-local//test-rm test-rm.json","timestamp":"2015-02-17T14:30:09.791Z"}
{"level":"info","message":"Removed file from s3 chelm-koop-shoot-local test-rm.json","timestamp":"2015-02-17T14:30:10.296Z"}
{"level":"info","message":"File does not exist on S3 chelm-koop-shoot-local /test-rm test-rm.json","timestamp":"2015-02-17T14:30:10.880Z"}
{"level":"info","message":"Uploaded file to s3 chelm-koop-shoot-local/subdir test2.json","timestamp":"2015-02-17T14:30:12.095Z"}
{"level":"debug","message":"Delete subdir subdir/test2.json","timestamp":"2015-02-17T14:30:13.799Z"}
{"level":"info","message":"Removed Bucket from s3 subdir %s","timestamp":"2015-02-17T14:30:13.802Z"}
{"level":"info","message":"File does not exist on S3 chelm-koop-shoot-local subdir test2.json","timestamp":"2015-02-17T14:30:14.412Z"}
{"level":"info","message":"File does not exist on S3 chelm-koop-shoot-local null dummy.png","timestamp":"2015-02-17T14:31:56.491Z"}
{"level":"info","message":"File does not exist on S3 chelm-koop-shoot-local null dummy.png","timestamp":"2015-02-17T14:39:14.266Z"}
{"level":"info","message":"Uploaded file to s3 chelm-koop-shoot-local/ test.json","timestamp":"2015-02-17T14:39:16.485Z"}
{"level":"info","message":"File exists on S3 chelm-koop-shoot-local test.json","timestamp":"2015-02-17T14:39:17.027Z"}
{"level":"info","message":"Uploaded file to s3 chelm-koop-shoot-local/test test.json","timestamp":"2015-02-17T14:39:18.154Z"}
{"level":"info","message":"File exists on S3 chelm-koop-shoot-local test.json","timestamp":"2015-02-17T14:39:18.661Z"}
{"level":"info","message":"Uploaded file to s3 chelm-koop-shoot-local//test-rm test-rm.json","timestamp":"2015-02-17T14:39:19.739Z"}
{"level":"info","message":"Removed file from s3 chelm-koop-shoot-local test-rm.json","timestamp":"2015-02-17T14:39:20.232Z"}
{"level":"info","message":"File does not exist on S3 chelm-koop-shoot-local /test-rm test-rm.json","timestamp":"2015-02-17T14:39:20.763Z"}
{"level":"info","message":"Uploaded file to s3 chelm-koop-shoot-local/subdir test2.json","timestamp":"2015-02-17T14:39:21.750Z"}
{"level":"info","message":"Removed Bucket from s3 subdir %s","timestamp":"2015-02-17T14:39:23.078Z"}
{"level":"debug","message":"Delete subdir subdir/test2.json","timestamp":"2015-02-17T14:39:23.089Z"}
{"level":"info","message":"File does not exist on S3 chelm-koop-shoot-local subdir test2.json","timestamp":"2015-02-17T14:39:23.534Z"}
{"level":"info","message":"File does not exist on S3 chelm-koop-shoot-local null dummy.png","timestamp":"2015-02-17T14:39:34.807Z"}
{"level":"info","message":"Uploaded file to s3 chelm-koop-shoot-local/ test.json","timestamp":"2015-02-17T14:39:36.819Z"}
{"level":"info","message":"File exists on S3 chelm-koop-shoot-local test.json","timestamp":"2015-02-17T14:39:37.244Z"}
{"level":"info","message":"Uploaded file to s3 chelm-koop-shoot-local/test test.json","timestamp":"2015-02-17T14:39:38.334Z"}
{"level":"info","message":"File exists on S3 chelm-koop-shoot-local test.json","timestamp":"2015-02-17T14:39:38.798Z"}
{"level":"info","message":"Uploaded file to s3 chelm-koop-shoot-local//test-rm test-rm.json","timestamp":"2015-02-17T14:39:39.922Z"}
{"level":"info","message":"Removed file from s3 chelm-koop-shoot-local test-rm.json","timestamp":"2015-02-17T14:39:40.358Z"}
{"level":"info","message":"File does not exist on S3 chelm-koop-shoot-local /test-rm test-rm.json","timestamp":"2015-02-17T14:39:40.810Z"}
{"level":"info","message":"Uploaded file to s3 chelm-koop-shoot-local/subdir test2.json","timestamp":"2015-02-17T14:39:41.802Z"}
{"level":"info","message":"Removed Bucket from s3 subdir %s","timestamp":"2015-02-17T14:39:42.866Z"}
{"level":"debug","message":"Delete subdir subdir/test2.json","timestamp":"2015-02-17T14:39:42.889Z"}
{"level":"info","message":"File does not exist on S3 chelm-koop-shoot-local subdir test2.json","timestamp":"2015-02-17T14:39:43.307Z"}
